06-16 10:31:50.659  1382  1382 I chatty  : uid=1000 system_server expire 31 lines
06-16 10:32:54.086  1382  5192 I chatty  : uid=1000(system) Binder:1382_1F expire 6 lines
06-16 10:33:06.179  1382  1465 I chatty  : uid=1000(system) ActivityManager expire 12 lines
06-16 10:33:08.893  1382  4847 I chatty  : uid=1000(system) Binder:1382_18 expire 1 line
06-16 10:33:10.444  1382  4175 I chatty  : uid=1000(system) Binder:1382_11 expire 11 lines
06-16 10:33:14.015  1382  4938 I chatty  : uid=1000(system) Binder:1382_1D expire 3 lines
06-16 10:33:40.477  1382  1972 I chatty  : uid=1000(system) ConnectivitySer expire 6 lines
06-16 10:34:14.367  1382  1450 I chatty  : uid=1000(system) android.fg expire 8 lines
06-16 10:34:15.315  1382  4118 I chatty  : uid=1000(system) Binder:1382_E expire 3 lines
06-16 10:34:19.632  1382  4216 I chatty  : uid=1000(system) Binder:1382_13 expire 4 lines
06-16 10:34:22.140  1382  1939 I chatty  : uid=1000(system) InputReader expire 2 lines
06-16 10:34:22.629  1382  1502 I chatty  : uid=1000(system) PowerManagerSer expire 11 lines
06-16 10:34:39.162  1382  4846 I chatty  : uid=1000(system) Binder:1382_17 expire 2 lines
06-16 10:34:39.458  1382  4176 I chatty  : uid=1000(system) Binder:1382_12 expire 1 line
06-16 10:34:39.503  1382  5195 I chatty  : uid=1000(system) Binder:1382_20 expire 2 lines
06-16 10:34:44.029 30552 30580 D ActivityThread: Loading provider call_log_shadow: com.android.providers.contacts.ShadowCallLogProvider
06-16 10:34:44.055 30552 30552 D ActivityThread: Loading provider contacts;com.android.contacts: com.android.providers.contacts.ContactsProvider2
06-16 10:34:47.991  1382  1382 I chatty  : uid=1000 system_server expire 20 lines
06-16 10:35:16.789  1382  1452 I chatty  : uid=1000(system) android.io expire 9 lines
06-16 10:35:18.797  1382  1464 I chatty  : uid=1000(system) ActivityManager expire 4 lines
06-16 10:35:22.067  1382  2303 I chatty  : uid=1000(system) Binder:1382_9 expire 2 lines
06-16 10:35:40.128  1382  4918 I chatty  : uid=1000(system) Binder:1382_1B expire 1 line
06-16 10:36:38.804  1382  4881 I chatty  : uid=1000(system) Binder:1382_1A expire 5 lines
06-16 10:38:06.283  1382  1382 I chatty  : uid=1000 system_server expire 17 lines
06-16 10:38:38.843  1382  2303 I chatty  : uid=1000(system) Binder:1382_9 expire 6 lines
06-16 10:39:04.957  1382  1465 I chatty  : uid=1000(system) ActivityManager expire 10 lines
06-16 10:39:05.344  1382  1452 I chatty  : uid=1000(system) android.io expire 11 lines
06-16 10:39:05.463  1382  2288 I chatty  : uid=1000(system) Binder:1382_8 expire 1 line
06-16 10:39:06.819  1382  5192 I chatty  : uid=1000(system) Binder:1382_1F expire 5 lines
06-16 10:39:06.883  1382  2454 I chatty  : uid=1000(system) Binder:1382_B expire 3 lines
06-16 10:39:07.350  1382  1464 I chatty  : uid=1000(system) ActivityManager expire 24 lines
06-16 10:39:08.179  1382  4175 I chatty  : uid=1000(system) Binder:1382_11 expire 2 lines
06-16 10:39:46.902  1382  4136 I chatty  : uid=1000(system) Binder:1382_10 expire 3 lines
06-16 10:39:50.222  1382  1972 I chatty  : uid=1000(system) ConnectivitySer expire 7 lines
06-16 10:40:03.323  1382  1450 I chatty  : uid=1000(system) android.fg expire 10 lines
06-16 10:40:10.037  1382  1451 I chatty  : uid=1000(system) android.ui expire 6 lines
06-16 10:40:11.488  1382  1473 I chatty  : uid=1000(system) batterystats-wo expire 8 lines
06-16 10:40:12.714  1382  4862 I chatty  : uid=1000(system) Binder:1382_19 expire 3 lines
06-16 10:40:42.162  2630  8347 V PackageManager: [c92a3470-e162-4205-8034-4acaebd6ba48] Phase1 called; posting
06-16 10:40:42.162  2630  2630 D PackageManager: [c92a3470-e162-4205-8034-4acaebd6ba48] Phase1 request; prefix: [-1929773056, -1813094400, -1698164736, -1223524352, -1210617856, -1141260288, -1062973440, -630509568, 147714048, 158953472, 297730048, 828866560, 951803904, 1299230720, 1359560704, 1449914368, 1572233216, 1611907072, 1663664128, 1777184768], userId: 0
06-16 10:40:47.535  2630  2873 V PackageManager: [c812f503-3abb-43cf-80a4-5f3b116743e5] Phase1 called; posting
06-16 10:40:47.538  2630  2630 D PackageManager: [c812f503-3abb-43cf-80a4-5f3b116743e5] Phase1 request; prefix: [-2095849472, -1749917696, -1593176064, -1317281792, -1270321152, -1223524352, -1027936256, -630509568, -313901056, 332578816, 1100341248, 1236234240, 1672704000, 1674743808], userId: 0
06-16 10:40:47.542  1382  4176 I chatty  : uid=1000(system) Binder:1382_12 expire 8 lines
06-16 10:40:47.865  2630  3603 V PackageManager: [0ef29b90-973c-4ace-a8c1-aaae9a4cb60c] Phase1 called; posting
06-16 10:40:47.866  2630  2630 D PackageManager: [0ef29b90-973c-4ace-a8c1-aaae9a4cb60c] Phase1 request; prefix: [-2021285888, -1872175104, -1654054912, -1607094272, -1401221120, -842502144, -630509568, -568676352, -306409472, -153571328, -33865728, 14135296, 308629504, 395997184, 419065856, 446730240, 909598720], userId: 0
06-16 10:40:47.875  2630  3603 V PackageManager: [508a3beb-1f8d-4953-9b02-38cd25fb463c] Phase1 called; posting
06-16 10:40:47.875  2630  2630 D PackageManager: [508a3beb-1f8d-4953-9b02-38cd25fb463c] Phase1 request; prefix: [-1913004032, -1806036992, -1607094272, -1245794304, -1100439552, -630509568, 667242496, 909598720, 1527504896, 1687220224, 1906257920, 1943998464, 2111365120], userId: 0
06-16 10:41:14.116  1382  1382 I chatty  : uid=1000 system_server expire 12 lines
06-16 10:41:15.545  1382  1416 I chatty  : uid=1000(system) Binder:1382_1 expire 7 lines
06-16 10:41:19.007  1382  4938 I chatty  : uid=1000(system) Binder:1382_1D expire 1 line
06-16 10:41:30.019  1382  1463 I chatty  : uid=1000(system) android.bg expire 4 lines
06-16 10:41:32.203  2630  6969 V PackageManager: [59078d38-9fbe-4f4d-9e31-4ecd144be364] Phase1 called; posting
06-16 10:41:32.203  2630  2630 D PackageManager: [59078d38-9fbe-4f4d-9e31-4ecd144be364] Phase1 request; prefix: [-2134233088, -1921171456, -1706590208, -1687281664, -1608847360, -1607094272, -1512763392, -1499189248, -1488642048, -630509568, -112791552, -72458240, 75313152, 811044864, 909598720, 1052327936, 1152962560, 1432846336, 1479757824, 1560813568, 1651343360, 1991663616], userId: 0
06-16 10:42:15.356  1382  4846 I chatty  : uid=1000(system) Binder:1382_17 expire 1 line
06-16 10:42:29.679  2630  2873 V PackageManager: [e54e9bdb-85c8-4d22-888a-ea5dd101940e] Phase1 called; posting
06-16 10:42:29.679  2630  2630 D PackageManager: [e54e9bdb-85c8-4d22-888a-ea5dd101940e] Phase1 request; prefix: [-2117750784, -1607094272, -1570598912, -1338761216, -1179435008, -774266880, -696635392, -675614720, -630509568, -438083584, -418869248, -115470336, 50962432, 328658944, 699838464, 909598720, 963620864, 1107255296, 1299628032], userId: 0
06-16 10:43:09.282  1382  4218 I chatty  : uid=1000(system) Binder:1382_14 expire 5 lines
06-16 10:44:02.401  2630  2648 V PackageManager: [e8031249-7fd1-4426-b47f-31c95116d8f0] Phase1 called; posting
06-16 10:44:02.402  2630  2630 D PackageManager: [e8031249-7fd1-4426-b47f-31c95116d8f0] Phase1 request; prefix: [-2028126208, -1835286528, -1607094272, -1203929088, -630509568, -409911296, -264994816, 258449408, 312893440, 578486272, 909598720, 1066967040, 1410723840, 1799442432], userId: 0
06-16 10:44:15.393  1382  4847 I chatty  : uid=1000(system) Binder:1382_18 expire 3 lines
06-16 10:44:21.923  1382  1382 I chatty  : uid=1000 system_server expire 50 lines
06-16 10:45:28.346  1382  1502 I chatty  : uid=1000(system) PowerManagerSer expire 13 lines
06-16 10:45:40.347  1382  1465 I chatty  : uid=1000(system) ActivityManager expire 8 lines
06-16 10:45:40.700 32450 32521 E ActivityThread: Failed to find provider info for com.facebook.katana.provider.AttributionIdProvider
06-16 10:46:15.467  1382  4221 I chatty  : uid=1000(system) Binder:1382_15 expire 2 lines
06-16 10:47:28.159  1382  4113 I chatty  : uid=1000(system) Binder:1382_D expire 3 lines
06-16 10:48:15.508  1382  2760 I chatty  : uid=1000(system) Binder:1382_C expire 2 lines
06-16 10:49:15.178  1382  1939 I chatty  : uid=1000(system) InputReader expire 4 lines
06-16 10:49:15.725  1382  1453 I chatty  : uid=1000(system) android.display expire 9 lines
06-16 10:49:17.976  1382  4120 I chatty  : uid=1000(system) Binder:1382_F expire 1 line
06-16 10:49:35.983  1382  2185 I chatty  : uid=1000(system) Binder:1382_5 expire 2 lines
06-16 10:49:46.917  1382  4118 I chatty  : uid=1000(system) Binder:1382_E expire 1 line
06-16 10:50:17.674  1382  4921 I chatty  : uid=1000(system) Binder:1382_1C expire 4 lines
06-16 10:50:19.083  2630  2649 V PackageManager: [e67e0519-4db3-4482-ac19-9eb2a48d4d82] Phase1 called; posting
06-16 10:50:19.083  2630  2630 D PackageManager: [e67e0519-4db3-4482-ac19-9eb2a48d4d82] Phase1 request; prefix: [-2130968576, -2094112768, -1997586432, -1863385088, -1552310272, -1172365312, -1039777792, -788881408, -337080320, -192487424, -171352064, -147947520, -23306240], userId: 10
06-16 10:50:21.257  1382  1464 I chatty  : uid=1000(system) ActivityManager expire 39 lines
06-16 10:50:25.894  1382  4113 I chatty  : uid=1000(system) Binder:1382_D expire 6 lines
06-16 10:50:29.591  1382  1451 I chatty  : uid=1000(system) android.ui expire 3 lines
06-16 10:50:30.126  1382  1972 I chatty  : uid=1000(system) ConnectivitySer expire 5 lines
06-16 10:50:30.137  1382  2185 I chatty  : uid=1000(system) Binder:1382_5 expire 1 line
06-16 10:50:30.709  1382  1939 I chatty  : uid=1000(system) InputReader expire 6 lines
06-16 10:50:30.710  1382  1382 I chatty  : uid=1000 system_server expire 39 lines
06-16 10:50:31.195  1382  1502 I chatty  : uid=1000(system) PowerManagerSer expire 22 lines
06-16 10:50:31.222  1382  1453 I chatty  : uid=1000(system) android.display expire 15 lines
06-16 10:50:31.423  1382  1450 I chatty  : uid=1000(system) android.fg expire 11 lines
06-16 10:50:36.916  1382  2760 I chatty  : uid=1000(system) Binder:1382_C expire 10 lines
06-16 10:50:37.239  1382  1417 I chatty  : uid=1000(system) Binder:1382_2 expire 3 lines
06-16 10:50:39.135  1382  2186 I chatty  : uid=1000(system) Binder:1382_6 expire 1 line
06-16 10:50:41.783  1382  4862 I chatty  : uid=1000(system) Binder:1382_19 expire 9 lines
06-16 10:50:47.548  1382  5195 I chatty  : uid=1000(system) Binder:1382_20 expire 3 lines
06-16 10:50:48.104  1382  1473 I chatty  : uid=1000(system) batterystats-wo expire 2 lines
06-16 10:50:48.398  1382  1452 I chatty  : uid=1000(system) android.io expire 8 lines
06-16 10:50:48.478  1382  2303 I chatty  : uid=1000(system) Binder:1382_9 expire 7 lines
06-16 10:50:48.820  1382  4218 I chatty  : uid=1000(system) Binder:1382_14 expire 1 line
06-16 10:50:48.894  1382  4881 I chatty  : uid=1000(system) Binder:1382_1A expire 5 lines
06-16 10:50:51.612  1382  1465 I chatty  : uid=1000(system) ActivityManager expire 5 lines
06-16 10:50:51.669  2194  2194 D ActivityThread: Loading provider contacts;com.android.contacts: com.android.providers.contacts.ContactsProvider2
06-16 10:50:52.235  1382  1382 I chatty  : uid=1000 system_server expire 14 lines
06-16 10:51:32.640  1382  1464 I chatty  : uid=1000(system) ActivityManager expire 4 lines
06-16 10:51:51.431  1382  4221 I chatty  : uid=1000(system) Binder:1382_15 expire 1 line
06-16 10:52:48.350  1382  5192 I chatty  : uid=1000(system) Binder:1382_1F expire 3 lines
06-16 10:53:17.286  1382  1450 I chatty  : uid=1000(system) android.fg expire 3 lines
06-16 10:53:18.271  1382  1453 I chatty  : uid=1000(system) android.display expire 13 lines
06-16 10:53:20.479  1382  4120 I chatty  : uid=1000(system) Binder:1382_F expire 3 lines
06-16 10:53:28.721  1382 19875 I chatty  : uid=1000(system) AsyncTask #4 expire 1 line
06-16 10:53:32.551  3079  3079 D ActivityThread: Loading provider contacts;com.android.contacts: com.android.providers.contacts.ContactsProvider2
06-16 10:53:34.494  1382  1382 I chatty  : uid=1000 system_server expire 4 lines
06-16 10:53:36.074  1382  4847 I chatty  : uid=1000(system) Binder:1382_18 expire 1 line
06-16 10:53:36.075  1382  4216 I chatty  : uid=1000(system) Binder:1382_13 expire 3 lines
06-16 10:53:46.127  1382  4118 I chatty  : uid=1000(system) Binder:1382_E expire 2 lines
06-16 10:53:46.285  3200  3200 E LoadedApk: Unable to instantiate appComponentFactory
06-16 10:53:46.285  3200  3200 E LoadedApk: java.lang.ClassNotFoundException: Didn't find class "androidx.core.app.CoreComponentFactory" on path: DexPathList[[zip file "/data/app/com.instagram.android-g99g_SfXc33GdHoKNn7sAQ==/base.apk", zip file "/data/app/com.instagram.android-g99g_SfXc33GdHoKNn7sAQ==/split_arservicesforpersonsegmentation.apk", zip file "/data/app/com.instagram.android-g99g_SfXc33GdHoKNn7sAQ==/split_caffe2.apk"],nativeLibraryDirectories=[/data/app/com.instagram.android-g99g_SfXc33GdHoKNn7sAQ==/lib/arm64, /data/app/com.instagram.android-g99g_SfXc33GdHoKNn7sAQ==/base.apk!/lib/arm64-v8a, /data/app/com.instagram.android-g99g_SfXc33GdHoKNn7sAQ==/split_arservicesforpersonsegmentation.apk!/lib/arm64-v8a, /data/app/com.instagram.android-g99g_SfXc33GdHoKNn7sAQ==/split_caffe2.apk!/lib/arm64-v8a, /system/lib64, /product/lib64]]
06-16 10:53:46.285  3200  3200 E LoadedApk: 	at dalvik.system.BaseDexClassLoader.findClass(BaseDexClassLoader.java:196)
06-16 10:53:46.285  3200  3200 E LoadedApk: 	at java.lang.ClassLoader.loadClass(ClassLoader.java:379)
06-16 10:53:46.285  3200  3200 E LoadedApk: 	at java.lang.ClassLoader.loadClass(ClassLoader.java:312)
06-16 10:53:46.285  3200  3200 E LoadedApk: 	at android.app.LoadedApk.createAppFactory(LoadedApk.java:256)
06-16 10:53:46.285  3200  3200 E LoadedApk: 	at android.app.LoadedApk.createOrUpdateClassLoaderLocked(LoadedApk.java:855)
06-16 10:53:46.285  3200  3200 E LoadedApk: 	at android.app.LoadedApk.getClassLoader(LoadedApk.java:950)
06-16 10:53:46.285  3200  3200 E LoadedApk: 	at android.app.LoadedApk.getResources(LoadedApk.java:1188)
06-16 10:53:46.285  3200  3200 E LoadedApk: 	at android.app.ContextImpl.createAppContext(ContextImpl.java:2462)
06-16 10:53:46.285  3200  3200 E LoadedApk: 	at android.app.ContextImpl.createAppContext(ContextImpl.java:2454)
06-16 10:53:46.285  3200  3200 E LoadedApk: 	at android.app.ActivityThread.handleBindApplication(ActivityThread.java:6343)
06-16 10:53:46.285  3200  3200 E LoadedApk: 	at android.app.ActivityThread.access$1300(ActivityThread.java:219)
06-16 10:53:46.285  3200  3200 E LoadedApk: 	at android.app.ActivityThread$H.handleMessage(ActivityThread.java:1859)
06-16 10:53:46.285  3200  3200 E LoadedApk: 	at android.os.Handler.dispatchMessage(Handler.java:107)
06-16 10:53:46.285  3200  3200 E LoadedApk: 	at android.os.Looper.loop(Looper.java:214)
06-16 10:53:46.285  3200  3200 E LoadedApk: 	at android.app.ActivityThread.main(ActivityThread.java:7356)
06-16 10:53:46.285  3200  3200 E LoadedApk: 	at java.lang.reflect.Method.invoke(Native Method)
06-16 10:53:46.285  3200  3200 E LoadedApk: 	at com.android.internal.os.RuntimeInit$MethodAndArgsCaller.run(RuntimeInit.java:492)
06-16 10:53:46.285  3200  3200 E LoadedApk: 	at com.android.internal.os.ZygoteInit.main(ZygoteInit.java:930)
06-16 10:53:46.285  3200  3200 E LoadedApk: 	Suppressed: java.io.IOException: No original dex files found for dex location /data/app/com.instagram.android-g99g_SfXc33GdHoKNn7sAQ==/split_arservicesforpersonsegmentation.apk
06-16 10:53:46.285  3200  3200 E LoadedApk: 		at dalvik.system.DexFile.openDexFileNative(Native Method)
06-16 10:53:46.285  3200  3200 E LoadedApk: 		at dalvik.system.DexFile.openDexFile(DexFile.java:365)
06-16 10:53:46.285  3200  3200 E LoadedApk: 		at dalvik.system.DexFile.<init>(DexFile.java:107)
06-16 10:53:46.285  3200  3200 E LoadedApk: 		at dalvik.system.DexFile.<init>(DexFile.java:80)
06-16 10:53:46.285  3200  3200 E LoadedApk: 		at dalvik.system.DexPathList.loadDexFile(DexPathList.java:444)
06-16 10:53:46.285  3200  3200 E LoadedApk: 		at dalvik.system.DexPathList.makeDexElements(DexPathList.java:403)
06-16 10:53:46.285  3200  3200 E LoadedApk: 		at dalvik.system.DexPathList.<init>(DexPathList.java:164)
06-16 10:53:46.285  3200  3200 E LoadedApk: 		at dalvik.system.BaseDexClassLoader.<init>(BaseDexClassLoader.java:126)
06-16 10:53:46.285  3200  3200 E LoadedApk: 		at dalvik.system.BaseDexClassLoader.<init>(BaseDexClassLoader.java:101)
06-16 10:53:46.285  3200  3200 E LoadedApk: 		at dalvik.system.PathClassLoader.<init>(PathClassLoader.java:74)
06-16 10:53:46.285  3200  3200 E LoadedApk: 		at com.android.internal.os.ClassLoaderFactory.createClassLoader(ClassLoaderFactory.java:87)
06-16 10:53:46.285  3200  3200 E LoadedApk: 		at com.android.internal.os.ClassLoaderFactory.createClassLoader(ClassLoaderFactory.java:116)
06-16 10:53:46.285  3200  3200 E LoadedApk: 		at android.app.ApplicationLoaders.getClassLoader(ApplicationLoaders.java:114)
06-16 10:53:46.285  3200  3200 E LoadedApk: 		at android.app.ApplicationLoaders.getClassLoaderWithSharedLibraries(ApplicationLoaders.java:60)
06-16 10:53:46.285  3200  3200 E LoadedApk: 		at android.app.LoadedApk.createOrUpdateClassLoaderLocked(LoadedApk.java:851)
06-16 10:53:46.285  3200  3200 E LoadedApk: 		... 13 more
06-16 10:53:46.285  3200  3200 E LoadedApk: 	Suppressed: java.io.IOException: No original dex files found for dex location /data/app/com.instagram.android-g99g_SfXc33GdHoKNn7sAQ==/split_caffe2.apk
06-16 10:53:46.285  3200  3200 E LoadedApk: 		at dalvik.system.DexFile.openDexFileNative(Native Method)
06-16 10:53:46.285  3200  3200 E LoadedApk: 		at dalvik.system.DexFile.openDexFile(DexFile.java:365)
06-16 10:53:46.285  3200  3200 E LoadedApk: 		at dalvik.system.DexFile.<init>(DexFile.java:107)
06-16 10:53:46.285  3200  3200 E LoadedApk: 		at dalvik.system.DexFile.<init>(DexFile.java:80)
06-16 10:53:46.285  3200  3200 E LoadedApk: 		at dalvik.system.DexPathList.loadDexFile(DexPathList.java:444)
06-16 10:53:46.285  3200  3200 E LoadedApk: 		at dalvik.system.DexPathList.makeDexElements(DexPathList.java:403)
06-16 10:53:46.285  3200  3200 E LoadedApk: 		at dalvik.system.DexPathList.<init>(DexPathList.java:164)
06-16 10:53:46.285  3200  3200 E LoadedApk: 		at dalvik.system.BaseDexClassLoader.<init>(BaseDexClassLoader.java:126)
06-16 10:53:46.285  3200  3200 E LoadedApk: 		at dalvik.system.BaseDexClassLoader.<init>(BaseDexClassLoader.java:101)
06-16 10:53:46.285  3200  3200 E LoadedApk: 		at dalvik.system.PathClassLoader.<init>(PathClassLoa
06-16 10:53:46.980  1382  1416 I chatty  : uid=1000(system) Binder:1382_1 expire 4 lines
06-16 10:53:46.988  1382  1465 I chatty  : uid=1000(system) ActivityManager expire 14 lines
06-16 10:53:47.029  1382  4847 I chatty  : uid=1000(system) Binder:1382_18 expire 4 lines
06-16 10:53:47.074  3388  3388 E LoadedApk: Unable to instantiate appComponentFactory
06-16 10:53:47.074  3388  3388 E LoadedApk: java.lang.ClassNotFoundException: Didn't find class "androidx.core.app.CoreComponentFactory" on path: DexPathList[[zip file "/data/app/com.instagram.android-g99g_SfXc33GdHoKNn7sAQ==/base.apk", zip file "/data/app/com.instagram.android-g99g_SfXc33GdHoKNn7sAQ==/split_arservicesforpersonsegmentation.apk", zip file "/data/app/com.instagram.android-g99g_SfXc33GdHoKNn7sAQ==/split_caffe2.apk"],nativeLibraryDirectories=[/data/app/com.instagram.android-g99g_SfXc33GdHoKNn7sAQ==/lib/arm64, /data/app/com.instagram.android-g99g_SfXc33GdHoKNn7sAQ==/base.apk!/lib/arm64-v8a, /data/app/com.instagram.android-g99g_SfXc33GdHoKNn7sAQ==/split_arservicesforpersonsegmentation.apk!/lib/arm64-v8a, /data/app/com.instagram.android-g99g_SfXc33GdHoKNn7sAQ==/split_caffe2.apk!/lib/arm64-v8a, /system/lib64, /product/lib64]]
06-16 10:53:47.074  3388  3388 E LoadedApk: 	at dalvik.system.BaseDexClassLoader.findClass(BaseDexClassLoader.java:196)
06-16 10:53:47.074  3388  3388 E LoadedApk: 	at java.lang.ClassLoader.loadClass(ClassLoader.java:379)
06-16 10:53:47.074  3388  3388 E LoadedApk: 	at java.lang.ClassLoader.loadClass(ClassLoader.java:312)
06-16 10:53:47.074  3388  3388 E LoadedApk: 	at android.app.LoadedApk.createAppFactory(LoadedApk.java:256)
06-16 10:53:47.074  3388  3388 E LoadedApk: 	at android.app.LoadedApk.createOrUpdateClassLoaderLocked(LoadedApk.java:855)
06-16 10:53:47.074  3388  3388 E LoadedApk: 	at android.app.LoadedApk.getClassLoader(LoadedApk.java:950)
06-16 10:53:47.074  3388  3388 E LoadedApk: 	at android.app.LoadedApk.getResources(LoadedApk.java:1188)
06-16 10:53:47.074  3388  3388 E LoadedApk: 	at android.app.ContextImpl.createAppContext(ContextImpl.java:2462)
06-16 10:53:47.074  3388  3388 E LoadedApk: 	at android.app.ContextImpl.createAppContext(ContextImpl.java:2454)
06-16 10:53:47.074  3388  3388 E LoadedApk: 	at android.app.ActivityThread.handleBindApplication(ActivityThread.java:6343)
06-16 10:53:47.074  3388  3388 E LoadedApk: 	at android.app.ActivityThread.access$1300(ActivityThread.java:219)
06-16 10:53:47.074  3388  3388 E LoadedApk: 	at android.app.ActivityThread$H.handleMessage(ActivityThread.java:1859)
06-16 10:53:47.074  3388  3388 E LoadedApk: 	at android.os.Handler.dispatchMessage(Handler.java:107)
06-16 10:53:47.074  3388  3388 E LoadedApk: 	at android.os.Looper.loop(Looper.java:214)
06-16 10:53:47.074  3388  3388 E LoadedApk: 	at android.app.ActivityThread.main(ActivityThread.java:7356)
06-16 10:53:47.074  3388  3388 E LoadedApk: 	at java.lang.reflect.Method.invoke(Native Method)
06-16 10:53:47.074  3388  3388 E LoadedApk: 	at com.android.internal.os.RuntimeInit$MethodAndArgsCaller.run(RuntimeInit.java:492)
06-16 10:53:47.074  3388  3388 E LoadedApk: 	at com.android.internal.os.ZygoteInit.main(ZygoteInit.java:930)
06-16 10:53:47.074  3388  3388 E LoadedApk: 	Suppressed: java.io.IOException: No original dex files found for dex location /data/app/com.instagram.android-g99g_SfXc33GdHoKNn7sAQ==/split_arservicesforpersonsegmentation.apk
06-16 10:53:47.074  3388  3388 E LoadedApk: 		at dalvik.system.DexFile.openDexFileNative(Native Method)
06-16 10:53:47.074  3388  3388 E LoadedApk: 		at dalvik.system.DexFile.openDexFile(DexFile.java:365)
06-16 10:53:47.074  3388  3388 E LoadedApk: 		at dalvik.system.DexFile.<init>(DexFile.java:107)
06-16 10:53:47.074  3388  3388 E LoadedApk: 		at dalvik.system.DexFile.<init>(DexFile.java:80)
06-16 10:53:47.074  3388  3388 E LoadedApk: 		at dalvik.system.DexPathList.loadDexFile(DexPathList.java:444)
06-16 10:53:47.074  3388  3388 E LoadedApk: 		at dalvik.system.DexPathList.makeDexElements(DexPathList.java:403)
06-16 10:53:47.074  3388  3388 E LoadedApk: 		at dalvik.system.DexPathList.<init>(DexPathList.java:164)
06-16 10:53:47.074  3388  3388 E LoadedApk: 		at dalvik.system.BaseDexClassLoader.<init>(BaseDexClassLoader.java:126)
06-16 10:53:47.074  3388  3388 E LoadedApk: 		at dalvik.system.BaseDexClassLoader.<init>(BaseDexClassLoader.java:101)
06-16 10:53:47.074  3388  3388 E LoadedApk: 		at dalvik.system.PathClassLoader.<init>(PathClassLoader.java:74)
06-16 10:53:47.074  3388  3388 E LoadedApk: 		at com.android.internal.os.ClassLoaderFactory.createClassLoader(ClassLoaderFactory.java:87)
06-16 10:53:47.074  3388  3388 E LoadedApk: 		at com.android.internal.os.ClassLoaderFactory.createClassLoader(ClassLoaderFactory.java:116)
06-16 10:53:47.074  3388  3388 E LoadedApk: 		at android.app.ApplicationLoaders.getClassLoader(ApplicationLoaders.java:114)
06-16 10:53:47.074  3388  3388 E LoadedApk: 		at android.app.ApplicationLoaders.getClassLoaderWithSharedLibraries(ApplicationLoaders.java:60)
06-16 10:53:47.074  3388  3388 E LoadedApk: 		at android.app.LoadedApk.createOrUpdateClassLoaderLocked(LoadedApk.java:851)
06-16 10:53:47.074  3388  3388 E LoadedApk: 		... 13 more
06-16 10:53:47.074  3388  3388 E LoadedApk: 	Suppressed: java.io.IOException: No original dex files found for dex location /data/app/com.instagram.android-g99g_SfXc33GdHoKNn7sAQ==/split_caffe2.apk
06-16 10:53:47.074  3388  3388 E LoadedApk: 		at dalvik.system.DexFile.openDexFileNative(Native Method)
06-16 10:53:47.074  3388  3388 E LoadedApk: 		at dalvik.system.DexFile.openDexFile(DexFile.java:365)
06-16 10:53:47.074  3388  3388 E LoadedApk: 		at dalvik.system.DexFile.<init>(DexFile.java:107)
06-16 10:53:47.074  3388  3388 E LoadedApk: 		at dalvik.system.DexFile.<init>(DexFile.java:80)
06-16 10:53:47.074  3388  3388 E LoadedApk: 		at dalvik.system.DexPathList.loadDexFile(DexPathList.java:444)
06-16 10:53:47.074  3388  3388 E LoadedApk: 		at dalvik.system.DexPathList.makeDexElements(DexPathList.java:403)
06-16 10:53:47.074  3388  3388 E LoadedApk: 		at dalvik.system.DexPathList.<init>(DexPathList.java:164)
06-16 10:53:47.074  3388  3388 E LoadedApk: 		at dalvik.system.BaseDexClassLoader.<init>(BaseDexClassLoader.java:126)
06-16 10:53:47.074  3388  3388 E LoadedApk: 		at dalvik.system.BaseDexClassLoader.<init>(BaseDexClassLoader.java:101)
06-16 10:53:47.074  3388  3388 E LoadedApk: 		at dalvik.system.PathClassLoader.<init>(PathClassLoa
06-16 10:53:47.102  3415  3415 E LoadedApk: Unable to instantiate appComponentFactory
06-16 10:53:47.102  3415  3415 E LoadedApk: java.lang.ClassNotFoundException: Didn't find class "androidx.core.app.CoreComponentFactory" on path: DexPathList[[zip file "/data/app/com.instagram.android-g99g_SfXc33GdHoKNn7sAQ==/base.apk", zip file "/data/app/com.instagram.android-g99g_SfXc33GdHoKNn7sAQ==/split_arservicesforpersonsegmentation.apk", zip file "/data/app/com.instagram.android-g99g_SfXc33GdHoKNn7sAQ==/split_caffe2.apk"],nativeLibraryDirectories=[/data/app/com.instagram.android-g99g_SfXc33GdHoKNn7sAQ==/lib/arm64, /data/app/com.instagram.android-g99g_SfXc33GdHoKNn7sAQ==/base.apk!/lib/arm64-v8a, /data/app/com.instagram.android-g99g_SfXc33GdHoKNn7sAQ==/split_arservicesforpersonsegmentation.apk!/lib/arm64-v8a, /data/app/com.instagram.android-g99g_SfXc33GdHoKNn7sAQ==/split_caffe2.apk!/lib/arm64-v8a, /system/lib64, /product/lib64]]
06-16 10:53:47.102  3415  3415 E LoadedApk: 	at dalvik.system.BaseDexClassLoader.findClass(BaseDexClassLoader.java:196)
06-16 10:53:47.102  3415  3415 E LoadedApk: 	at java.lang.ClassLoader.loadClass(ClassLoader.java:379)
06-16 10:53:47.102  3415  3415 E LoadedApk: 	at java.lang.ClassLoader.loadClass(ClassLoader.java:312)
06-16 10:53:47.102  3415  3415 E LoadedApk: 	at android.app.LoadedApk.createAppFactory(LoadedApk.java:256)
06-16 10:53:47.102  3415  3415 E LoadedApk: 	at android.app.LoadedApk.createOrUpdateClassLoaderLocked(LoadedApk.java:855)
06-16 10:53:47.102  3415  3415 E LoadedApk: 	at android.app.LoadedApk.getClassLoader(LoadedApk.java:950)
06-16 10:53:47.102  3415  3415 E LoadedApk: 	at android.app.LoadedApk.getResources(LoadedApk.java:1188)
06-16 10:53:47.102  3415  3415 E LoadedApk: 	at android.app.ContextImpl.createAppContext(ContextImpl.java:2462)
06-16 10:53:47.102  3415  3415 E LoadedApk: 	at android.app.ContextImpl.createAppContext(ContextImpl.java:2454)
06-16 10:53:47.102  3415  3415 E LoadedApk: 	at android.app.ActivityThread.handleBindApplication(ActivityThread.java:6343)
06-16 10:53:47.102  3415  3415 E LoadedApk: 	at android.app.ActivityThread.access$1300(ActivityThread.java:219)
06-16 10:53:47.102  3415  3415 E LoadedApk: 	at android.app.ActivityThread$H.handleMessage(ActivityThread.java:1859)
06-16 10:53:47.102  3415  3415 E LoadedApk: 	at android.os.Handler.dispatchMessage(Handler.java:107)
06-16 10:53:47.102  3415  3415 E LoadedApk: 	at android.os.Looper.loop(Looper.java:214)
06-16 10:53:47.102  3415  3415 E LoadedApk: 	at android.app.ActivityThread.main(ActivityThread.java:7356)
06-16 10:53:47.102  3415  3415 E LoadedApk: 	at java.lang.reflect.Method.invoke(Native Method)
06-16 10:53:47.102  3415  3415 E LoadedApk: 	at com.android.internal.os.RuntimeInit$MethodAndArgsCaller.run(RuntimeInit.java:492)
06-16 10:53:47.102  3415  3415 E LoadedApk: 	at com.android.internal.os.ZygoteInit.main(ZygoteInit.java:930)
06-16 10:53:47.102  3415  3415 E LoadedApk: 	Suppressed: java.io.IOException: No original dex files found for dex location /data/app/com.instagram.android-g99g_SfXc33GdHoKNn7sAQ==/split_arservicesforpersonsegmentation.apk
06-16 10:53:47.102  3415  3415 E LoadedApk: 		at dalvik.system.DexFile.openDexFileNative(Native Method)
06-16 10:53:47.102  3415  3415 E LoadedApk: 		at dalvik.system.DexFile.openDexFile(DexFile.java:365)
06-16 10:53:47.102  3415  3415 E LoadedApk: 		at dalvik.system.DexFile.<init>(DexFile.java:107)
06-16 10:53:47.102  3415  3415 E LoadedApk: 		at dalvik.system.DexFile.<init>(DexFile.java:80)
06-16 10:53:47.102  3415  3415 E LoadedApk: 		at dalvik.system.DexPathList.loadDexFile(DexPathList.java:444)
06-16 10:53:47.102  3415  3415 E LoadedApk: 		at dalvik.system.DexPathList.makeDexElements(DexPathList.java:403)
06-16 10:53:47.102  3415  3415 E LoadedApk: 		at dalvik.system.DexPathList.<init>(DexPathList.java:164)
06-16 10:53:47.102  3415  3415 E LoadedApk: 		at dalvik.system.BaseDexClassLoader.<init>(BaseDexClassLoader.java:126)
06-16 10:53:47.102  3415  3415 E LoadedApk: 		at dalvik.system.BaseDexClassLoader.<init>(BaseDexClassLoader.java:101)
06-16 10:53:47.102  3415  3415 E LoadedApk: 		at dalvik.system.PathClassLoader.<init>(PathClassLoader.java:74)
06-16 10:53:47.102  3415  3415 E LoadedApk: 		at com.android.internal.os.ClassLoaderFactory.createClassLoader(ClassLoaderFactory.java:87)
06-16 10:53:47.102  3415  3415 E LoadedApk: 		at com.android.internal.os.ClassLoaderFactory.createClassLoader(ClassLoaderFactory.java:116)
06-16 10:53:47.102  3415  3415 E LoadedApk: 		at android.app.ApplicationLoaders.getClassLoader(ApplicationLoaders.java:114)
06-16 10:53:47.102  3415  3415 E LoadedApk: 		at android.app.ApplicationLoaders.getClassLoaderWithSharedLibraries(ApplicationLoaders.java:60)
06-16 10:53:47.102  3415  3415 E LoadedApk: 		at android.app.LoadedApk.createOrUpdateClassLoaderLocked(LoadedApk.java:851)
06-16 10:53:47.102  3415  3415 E LoadedApk: 		... 13 more
06-16 10:53:47.102  3415  3415 E LoadedApk: 	Suppressed: java.io.IOException: No original dex files found for dex location /data/app/com.instagram.android-g99g_SfXc33GdHoKNn7sAQ==/split_caffe2.apk
06-16 10:53:47.102  3415  3415 E LoadedApk: 		at dalvik.system.DexFile.openDexFileNative(Native Method)
06-16 10:53:47.102  3415  3415 E LoadedApk: 		at dalvik.system.DexFile.openDexFile(DexFile.java:365)
06-16 10:53:47.102  3415  3415 E LoadedApk: 		at dalvik.system.DexFile.<init>(DexFile.java:107)
06-16 10:53:47.102  3415  3415 E LoadedApk: 		at dalvik.system.DexFile.<init>(DexFile.java:80)
06-16 10:53:47.102  3415  3415 E LoadedApk: 		at dalvik.system.DexPathList.loadDexFile(DexPathList.java:444)
06-16 10:53:47.102  3415  3415 E LoadedApk: 		at dalvik.system.DexPathList.makeDexElements(DexPathList.java:403)
06-16 10:53:47.102  3415  3415 E LoadedApk: 		at dalvik.system.DexPathList.<init>(DexPathList.java:164)
06-16 10:53:47.102  3415  3415 E LoadedApk: 		at dalvik.system.BaseDexClassLoader.<init>(BaseDexClassLoader.java:126)
06-16 10:53:47.102  3415  3415 E LoadedApk: 		at dalvik.system.BaseDexClassLoader.<init>(BaseDexClassLoader.java:101)
06-16 10:53:47.102  3415  3415 E LoadedApk: 		at dalvik.system.PathClassLoader.<init>(PathClassLoa
06-16 10:53:47.120  1382  1382 I chatty  : uid=1000 system_server expire 33 lines
06-16 10:53:48.547  1382  1464 I chatty  : uid=1000(system) ActivityManager expire 13 lines
06-16 10:53:52.153  1382  1450 I chatty  : uid=1000(system) android.fg expire 10 lines
06-16 10:53:53.288  1382  1453 I chatty  : uid=1000(system) android.display expire 18 lines
06-16 10:53:53.292  1382  4118 I chatty  : uid=1000(system) Binder:1382_E expire 6 lines
06-16 10:53:53.404  1382  4223 I chatty  : uid=1000(system) Binder:1382_16 expire 10 lines
06-16 10:53:54.480  3583  3583 E LoadedApk: Unable to instantiate appComponentFactory
06-16 10:53:54.480  3583  3583 E LoadedApk: java.lang.ClassNotFoundException: Didn't find class "androidx.core.app.CoreComponentFactory" on path: DexPathList[[zip file "/data/app/com.instagram.android-g99g_SfXc33GdHoKNn7sAQ==/base.apk", zip file "/data/app/com.instagram.android-g99g_SfXc33GdHoKNn7sAQ==/split_arservicesforpersonsegmentation.apk", zip file "/data/app/com.instagram.android-g99g_SfXc33GdHoKNn7sAQ==/split_caffe2.apk"],nativeLibraryDirectories=[/data/app/com.instagram.android-g99g_SfXc33GdHoKNn7sAQ==/lib/arm64, /data/app/com.instagram.android-g99g_SfXc33GdHoKNn7sAQ==/base.apk!/lib/arm64-v8a, /data/app/com.instagram.android-g99g_SfXc33GdHoKNn7sAQ==/split_arservicesforpersonsegmentation.apk!/lib/arm64-v8a, /data/app/com.instagram.android-g99g_SfXc33GdHoKNn7sAQ==/split_caffe2.apk!/lib/arm64-v8a, /system/lib64, /product/lib64]]
06-16 10:53:54.480  3583  3583 E LoadedApk: 	at dalvik.system.BaseDexClassLoader.findClass(BaseDexClassLoader.java:196)
06-16 10:53:54.480  3583  3583 E LoadedApk: 	at java.lang.ClassLoader.loadClass(ClassLoader.java:379)
06-16 10:53:54.480  3583  3583 E LoadedApk: 	at java.lang.ClassLoader.loadClass(ClassLoader.java:312)
06-16 10:53:54.480  3583  3583 E LoadedApk: 	at android.app.LoadedApk.createAppFactory(LoadedApk.java:256)
06-16 10:53:54.480  3583  3583 E LoadedApk: 	at android.app.LoadedApk.createOrUpdateClassLoaderLocked(LoadedApk.java:855)
06-16 10:53:54.480  3583  3583 E LoadedApk: 	at android.app.LoadedApk.getClassLoader(LoadedApk.java:950)
06-16 10:53:54.480  3583  3583 E LoadedApk: 	at android.app.LoadedApk.getResources(LoadedApk.java:1188)
06-16 10:53:54.480  3583  3583 E LoadedApk: 	at android.app.ContextImpl.createAppContext(ContextImpl.java:2462)
06-16 10:53:54.480  3583  3583 E LoadedApk: 	at android.app.ContextImpl.createAppContext(ContextImpl.java:2454)
06-16 10:53:54.480  3583  3583 E LoadedApk: 	at android.app.ActivityThread.handleBindApplication(ActivityThread.java:6343)
06-16 10:53:54.480  3583  3583 E LoadedApk: 	at android.app.ActivityThread.access$1300(ActivityThread.java:219)
06-16 10:53:54.480  3583  3583 E LoadedApk: 	at android.app.ActivityThread$H.handleMessage(ActivityThread.java:1859)
06-16 10:53:54.480  3583  3583 E LoadedApk: 	at android.os.Handler.dispatchMessage(Handler.java:107)
06-16 10:53:54.480  3583  3583 E LoadedApk: 	at android.os.Looper.loop(Looper.java:214)
06-16 10:53:54.480  3583  3583 E LoadedApk: 	at android.app.ActivityThread.main(ActivityThread.java:7356)
06-16 10:53:54.480  3583  3583 E LoadedApk: 	at java.lang.reflect.Method.invoke(Native Method)
06-16 10:53:54.480  3583  3583 E LoadedApk: 	at com.android.internal.os.RuntimeInit$MethodAndArgsCaller.run(RuntimeInit.java:492)
06-16 10:53:54.480  3583  3583 E LoadedApk: 	at com.android.internal.os.ZygoteInit.main(ZygoteInit.java:930)
06-16 10:53:54.480  3583  3583 E LoadedApk: 	Suppressed: java.io.IOException: No original dex files found for dex location /data/app/com.instagram.android-g99g_SfXc33GdHoKNn7sAQ==/split_arservicesforpersonsegmentation.apk
06-16 10:53:54.480  3583  3583 E LoadedApk: 		at dalvik.system.DexFile.openDexFileNative(Native Method)
06-16 10:53:54.480  3583  3583 E LoadedApk: 		at dalvik.system.DexFile.openDexFile(DexFile.java:365)
06-16 10:53:54.480  3583  3583 E LoadedApk: 		at dalvik.system.DexFile.<init>(DexFile.java:107)
06-16 10:53:54.480  3583  3583 E LoadedApk: 		at dalvik.system.DexFile.<init>(DexFile.java:80)
06-16 10:53:54.480  3583  3583 E LoadedApk: 		at dalvik.system.DexPathList.loadDexFile(DexPathList.java:444)
06-16 10:53:54.480  3583  3583 E LoadedApk: 		at dalvik.system.DexPathList.makeDexElements(DexPathList.java:403)
06-16 10:53:54.480  3583  3583 E LoadedApk: 		at dalvik.system.DexPathList.<init>(DexPathList.java:164)
06-16 10:53:54.480  3583  3583 E LoadedApk: 		at dalvik.system.BaseDexClassLoader.<init>(BaseDexClassLoader.java:126)
06-16 10:53:54.480  3583  3583 E LoadedApk: 		at dalvik.system.BaseDexClassLoader.<init>(BaseDexClassLoader.java:101)
06-16 10:53:54.480  3583  3583 E LoadedApk: 		at dalvik.system.PathClassLoader.<init>(PathClassLoader.java:74)
06-16 10:53:54.480  3583  3583 E LoadedApk: 		at com.android.internal.os.ClassLoaderFactory.createClassLoader(ClassLoaderFactory.java:87)
06-16 10:53:54.480  3583  3583 E LoadedApk: 		at com.android.internal.os.ClassLoaderFactory.createClassLoader(ClassLoaderFactory.java:116)
06-16 10:53:54.480  3583  3583 E LoadedApk: 		at android.app.ApplicationLoaders.getClassLoader(ApplicationLoaders.java:114)
06-16 10:53:54.480  3583  3583 E LoadedApk: 		at android.app.ApplicationLoaders.getClassLoaderWithSharedLibraries(ApplicationLoaders.java:60)
06-16 10:53:54.480  3583  3583 E LoadedApk: 		at android.app.LoadedApk.createOrUpdateClassLoaderLocked(LoadedApk.java:851)
06-16 10:53:54.480  3583  3583 E LoadedApk: 		... 13 more
06-16 10:53:54.480  3583  3583 E LoadedApk: 	Suppressed: java.io.IOException: No original dex files found for dex location /data/app/com.instagram.android-g99g_SfXc33GdHoKNn7sAQ==/split_caffe2.apk
06-16 10:53:54.480  3583  3583 E LoadedApk: 		at dalvik.system.DexFile.openDexFileNative(Native Method)
06-16 10:53:54.480  3583  3583 E LoadedApk: 		at dalvik.system.DexFile.openDexFile(DexFile.java:365)
06-16 10:53:54.480  3583  3583 E LoadedApk: 		at dalvik.system.DexFile.<init>(DexFile.java:107)
06-16 10:53:54.480  3583  3583 E LoadedApk: 		at dalvik.system.DexFile.<init>(DexFile.java:80)
06-16 10:53:54.480  3583  3583 E LoadedApk: 		at dalvik.system.DexPathList.loadDexFile(DexPathList.java:444)
06-16 10:53:54.480  3583  3583 E LoadedApk: 		at dalvik.system.DexPathList.makeDexElements(DexPathList.java:403)
06-16 10:53:54.480  3583  3583 E LoadedApk: 		at dalvik.system.DexPathList.<init>(DexPathList.java:164)
06-16 10:53:54.480  3583  3583 E LoadedApk: 		at dalvik.system.BaseDexClassLoader.<init>(BaseDexClassLoader.java:126)
06-16 10:53:54.480  3583  3583 E LoadedApk: 		at dalvik.system.BaseDexClassLoader.<init>(BaseDexClassLoader.java:101)
06-16 10:53:54.480  3583  3583 E LoadedApk: 		at dalvik.system.PathClassLoader.<init>(PathClassLoa
06-16 10:53:54.632  3583  3583 I ActivityThread: handleStopService: token=android.os.BinderProxy@e70eaef not found.
06-16 10:53:54.691  1382  4216 I chatty  : uid=1000(system) Binder:1382_13 expire 3 lines
06-16 10:53:57.397  1382  4881 I chatty  : uid=1000(system) Binder:1382_1A expire 12 lines
06-16 10:54:01.197  1382  4113 I chatty  : uid=1000(system) Binder:1382_D expire 6 lines
06-16 10:54:01.232  1382  1972 I chatty  : uid=1000(system) ConnectivitySer expire 12 lines
06-16 10:54:08.067  1382  1452 I chatty  : uid=1000(system) android.io expire 9 lines
06-16 10:54:08.145  1382  1473 I chatty  : uid=1000(system) batterystats-wo expire 11 lines
06-16 10:54:20.631  1382  4846 I chatty  : uid=1000(system) Binder:1382_17 expire 7 lines
06-16 10:54:20.718  1382  2453 I chatty  : uid=1000(system) Binder:1382_A expire 1 line
06-16 10:54:20.751  1382  4938 I chatty  : uid=1000(system) Binder:1382_1D expire 7 lines
06-16 10:54:20.752  1382  2454 I chatty  : uid=1000(system) Binder:1382_B expire 1 line
06-16 10:54:20.752  1382  1984 I chatty  : uid=1000(system) Binder:1382_3 expire 1 line
06-16 10:54:20.752  1382  1451 I chatty  : uid=1000(system) android.ui expire 3 lines
06-16 10:54:20.753  1382  4136 I chatty  : uid=1000(system) Binder:1382_10 expire 6 lines
06-16 10:54:39.216  1382  2760 I chatty  : uid=1000(system) Binder:1382_C expire 6 lines
06-16 10:54:41.492  1382  1939 I chatty  : uid=1000(system) InputReader expire 2 lines
06-16 10:54:41.980  1382  1502 I chatty  : uid=1000(system) PowerManagerSer expire 11 lines
06-16 10:55:14.163  1382  4940 I chatty  : uid=1000(system) Binder:1382_1E expire 6 lines
06-16 10:55:16.152  2630  8347 V PackageManager: [a890fa83-2dd2-40dd-8b5f-6aa180cb6239] Phase1 called; posting
06-16 10:55:16.152  2630  2630 D PackageManager: [a890fa83-2dd2-40dd-8b5f-6aa180cb6239] Phase1 request; prefix: [-1909366784, -1562165248, -1326129152, -1035677696, -405356544, -243146752, -132747264, 571621376, 670625792, 773464064, 1748193280, 1822470144], userId: 0
06-16 10:55:17.542  2630  8347 V PackageManager: [9092dd1e-751c-4837-8e32-b5702211023d] Phase1 called; posting
06-16 10:55:17.542  2630  2630 D PackageManager: [9092dd1e-751c-4837-8e32-b5702211023d] Phase1 request; prefix: [-2140418048, -1736224768, -1726337024, -1562165248, -1235005440, -855146496, -836239360, -747839488, -709906432, -166928384, 30613504, 536408064, 576819200, 607289344, 1556250624, 1701675008], userId: 0
06-16 10:55:18.419  1382  1465 I chatty  : uid=1000(system) ActivityManager expire 3 lines
06-16 10:55:18.889  1382 19875 I chatty  : uid=1000(system) AsyncTask #4 expire 1 line
06-16 10:55:24.563  1382  1450 I chatty  : uid=1000(system) android.fg expire 3 lines
06-16 10:55:25.642  1382  1382 I chatty  : uid=1000 system_server expire 13 lines
06-16 10:56:01.249  1382  1473 I chatty  : uid=1000(system) batterystats-wo expire 8 lines
06-16 10:56:14.660  1382  1464 I chatty  : uid=1000(system) ActivityManager expire 7 lines
06-16 10:57:42.546  1382  1453 I chatty  : uid=1000(system) android.display expire 2 lines
06-16 10:57:42.619  1382  4218 I chatty  : uid=1000(system) Binder:1382_14 expire 5 lines
06-16 10:57:42.697  1382  2288 I chatty  : uid=1000(system) Binder:1382_8 expire 1 line
06-16 10:57:42.800  1382  2281 I chatty  : uid=1000(system) Binder:1382_7 expire 1 line
06-16 10:57:42.800  1382  4921 I chatty  : uid=1000(system) Binder:1382_1C expire 1 line
06-16 10:57:42.801  1382  5195 I chatty  : uid=1000(system) Binder:1382_20 expire 1 line
06-16 10:57:42.802  1382  4221 I chatty  : uid=1000(system) Binder:1382_15 expire 1 line
06-16 10:57:44.793  1382  1464 I chatty  : uid=1000(system) ActivityManager expire 11 lines
06-16 10:58:04.950  1382  1465 I chatty  : uid=1000(system) ActivityManager expire 5 lines
06-16 10:58:05.190  1382  1416 I chatty  : uid=1000(system) Binder:1382_1 expire 3 lines
06-16 10:58:06.492  1382  1382 I chatty  : uid=1000 system_server expire 24 lines
06-16 10:58:09.831  1382  4862 I chatty  : uid=1000(system) Binder:1382_19 expire 8 lines
06-16 10:58:12.787  1382  1502 I chatty  : uid=1000(system) PowerManagerSer expire 19 lines
06-16 10:58:19.337  1382  1473 I chatty  : uid=1000(system) batterystats-wo expire 11 lines
06-16 10:58:19.395  1382  1453 I chatty  : uid=1000(system) android.display expire 13 lines
06-16 10:58:19.579  1382  1450 I chatty  : uid=1000(system) android.fg expire 12 lines
06-16 10:58:25.040  1382  4918 I chatty  : uid=1000(system) Binder:1382_1B expire 2 lines
06-16 10:59:00.932  1382  4938 I chatty  : uid=1000(system) Binder:1382_1D expire 5 lines
06-16 10:59:00.997  1382  4223 I chatty  : uid=1000(system) Binder:1382_16 expire 1 line
06-16 10:59:47.367  1382  5192 I chatty  : uid=1000(system) Binder:1382_1F expire 5 lines
06-16 10:59:47.493  1382  4846 I chatty  : uid=1000(system) Binder:1382_17 expire 1 line
06-16 11:00:02.181  5198  5198 E LoadedApk: Unable to instantiate appComponentFactory
06-16 11:00:02.181  5198  5198 E LoadedApk: java.lang.ClassNotFoundException: Didn't find class "androidx.core.app.CoreComponentFactory" on path: DexPathList[[zip file "/data/app/com.instagram.android-g99g_SfXc33GdHoKNn7sAQ==/base.apk", zip file "/data/app/com.instagram.android-g99g_SfXc33GdHoKNn7sAQ==/split_arservicesforpersonsegmentation.apk", zip file "/data/app/com.instagram.android-g99g_SfXc33GdHoKNn7sAQ==/split_caffe2.apk"],nativeLibraryDirectories=[/data/app/com.instagram.android-g99g_SfXc33GdHoKNn7sAQ==/lib/arm64, /data/app/com.instagram.android-g99g_SfXc33GdHoKNn7sAQ==/base.apk!/lib/arm64-v8a, /data/app/com.instagram.android-g99g_SfXc33GdHoKNn7sAQ==/split_arservicesforpersonsegmentation.apk!/lib/arm64-v8a, /data/app/com.instagram.android-g99g_SfXc33GdHoKNn7sAQ==/split_caffe2.apk!/lib/arm64-v8a, /system/lib64, /product/lib64]]
06-16 11:00:02.181  5198  5198 E LoadedApk: 	at dalvik.system.BaseDexClassLoader.findClass(BaseDexClassLoader.java:196)
06-16 11:00:02.181  5198  5198 E LoadedApk: 	at java.lang.ClassLoader.loadClass(ClassLoader.java:379)
06-16 11:00:02.181  5198  5198 E LoadedApk: 	at java.lang.ClassLoader.loadClass(ClassLoader.java:312)
06-16 11:00:02.181  5198  5198 E LoadedApk: 	at android.app.LoadedApk.createAppFactory(LoadedApk.java:256)
06-16 11:00:02.181  5198  5198 E LoadedApk: 	at android.app.LoadedApk.createOrUpdateClassLoaderLocked(LoadedApk.java:855)
06-16 11:00:02.181  5198  5198 E LoadedApk: 	at android.app.LoadedApk.getClassLoader(LoadedApk.java:950)
06-16 11:00:02.181  5198  5198 E LoadedApk: 	at android.app.LoadedApk.getResources(LoadedApk.java:1188)
06-16 11:00:02.181  5198  5198 E LoadedApk: 	at android.app.ContextImpl.createAppContext(ContextImpl.java:2462)
06-16 11:00:02.181  5198  5198 E LoadedApk: 	at android.app.ContextImpl.createAppContext(ContextImpl.java:2454)
06-16 11:00:02.181  5198  5198 E LoadedApk: 	at android.app.ActivityThread.handleBindApplication(ActivityThread.java:6343)
06-16 11:00:02.181  5198  5198 E LoadedApk: 	at android.app.ActivityThread.access$1300(ActivityThread.java:219)
06-16 11:00:02.181  5198  5198 E LoadedApk: 	at android.app.ActivityThread$H.handleMessage(ActivityThread.java:1859)
06-16 11:00:02.181  5198  5198 E LoadedApk: 	at android.os.Handler.dispatchMessage(Handler.java:107)
06-16 11:00:02.181  5198  5198 E LoadedApk: 	at android.os.Looper.loop(Looper.java:214)
06-16 11:00:02.181  5198  5198 E LoadedApk: 	at android.app.ActivityThread.main(ActivityThread.java:7356)
06-16 11:00:02.181  5198  5198 E LoadedApk: 	at java.lang.reflect.Method.invoke(Native Method)
06-16 11:00:02.181  5198  5198 E LoadedApk: 	at com.android.internal.os.RuntimeInit$MethodAndArgsCaller.run(RuntimeInit.java:492)
06-16 11:00:02.181  5198  5198 E LoadedApk: 	at com.android.internal.os.ZygoteInit.main(ZygoteInit.java:930)
06-16 11:00:02.181  5198  5198 E LoadedApk: 	Suppressed: java.io.IOException: No original dex files found for dex location /data/app/com.instagram.android-g99g_SfXc33GdHoKNn7sAQ==/split_arservicesforpersonsegmentation.apk
06-16 11:00:02.181  5198  5198 E LoadedApk: 		at dalvik.system.DexFile.openDexFileNative(Native Method)
06-16 11:00:02.181  5198  5198 E LoadedApk: 		at dalvik.system.DexFile.openDexFile(DexFile.java:365)
06-16 11:00:02.181  5198  5198 E LoadedApk: 		at dalvik.system.DexFile.<init>(DexFile.java:107)
06-16 11:00:02.181  5198  5198 E LoadedApk: 		at dalvik.system.DexFile.<init>(DexFile.java:80)
06-16 11:00:02.181  5198  5198 E LoadedApk: 		at dalvik.system.DexPathList.loadDexFile(DexPathList.java:444)
06-16 11:00:02.181  5198  5198 E LoadedApk: 		at dalvik.system.DexPathList.makeDexElements(DexPathList.java:403)
06-16 11:00:02.181  5198  5198 E LoadedApk: 		at dalvik.system.DexPathList.<init>(DexPathList.java:164)
06-16 11:00:02.181  5198  5198 E LoadedApk: 		at dalvik.system.BaseDexClassLoader.<init>(BaseDexClassLoader.java:126)
06-16 11:00:02.181  5198  5198 E LoadedApk: 		at dalvik.system.BaseDexClassLoader.<init>(BaseDexClassLoader.java:101)
06-16 11:00:02.181  5198  5198 E LoadedApk: 		at dalvik.system.PathClassLoader.<init>(PathClassLoader.java:74)
06-16 11:00:02.181  5198  5198 E LoadedApk: 		at com.android.internal.os.ClassLoaderFactory.createClassLoader(ClassLoaderFactory.java:87)
06-16 11:00:02.181  5198  5198 E LoadedApk: 		at com.android.internal.os.ClassLoaderFactory.createClassLoader(ClassLoaderFactory.java:116)
06-16 11:00:02.181  5198  5198 E LoadedApk: 		at android.app.ApplicationLoaders.getClassLoader(ApplicationLoaders.java:114)
06-16 11:00:02.181  5198  5198 E LoadedApk: 		at android.app.ApplicationLoaders.getClassLoaderWithSharedLibraries(ApplicationLoaders.java:60)
06-16 11:00:02.181  5198  5198 E LoadedApk: 		at android.app.LoadedApk.createOrUpdateClassLoaderLocked(LoadedApk.java:851)
06-16 11:00:02.181  5198  5198 E LoadedApk: 		... 13 more
06-16 11:00:02.181  5198  5198 E LoadedApk: 	Suppressed: java.io.IOException: No original dex files found for dex location /data/app/com.instagram.android-g99g_SfXc33GdHoKNn7sAQ==/split_caffe2.apk
06-16 11:00:02.181  5198  5198 E LoadedApk: 		at dalvik.system.DexFile.openDexFileNative(Native Method)
06-16 11:00:02.181  5198  5198 E LoadedApk: 		at dalvik.system.DexFile.openDexFile(DexFile.java:365)
06-16 11:00:02.181  5198  5198 E LoadedApk: 		at dalvik.system.DexFile.<init>(DexFile.java:107)
06-16 11:00:02.181  5198  5198 E LoadedApk: 		at dalvik.system.DexFile.<init>(DexFile.java:80)
06-16 11:00:02.181  5198  5198 E LoadedApk: 		at dalvik.system.DexPathList.loadDexFile(DexPathList.java:444)
06-16 11:00:02.181  5198  5198 E LoadedApk: 		at dalvik.system.DexPathList.makeDexElements(DexPathList.java:403)
06-16 11:00:02.181  5198  5198 E LoadedApk: 		at dalvik.system.DexPathList.<init>(DexPathList.java:164)
06-16 11:00:02.181  5198  5198 E LoadedApk: 		at dalvik.system.BaseDexClassLoader.<init>(BaseDexClassLoader.java:126)
06-16 11:00:02.181  5198  5198 E LoadedApk: 		at dalvik.system.BaseDexClassLoader.<init>(BaseDexClassLoader.java:101)
06-16 11:00:02.181  5198  5198 E LoadedApk: 		at dalvik.system.PathClassLoader.<init>(PathClassLoa
06-16 11:00:03.135  1382  4921 I chatty  : uid=1000(system) Binder:1382_1C expire 4 lines
06-16 11:00:03.219  5321  5321 E LoadedApk: Unable to instantiate appComponentFactory
06-16 11:00:03.219  5321  5321 E LoadedApk: java.lang.ClassNotFoundException: Didn't find class "androidx.core.app.CoreComponentFactory" on path: DexPathList[[zip file "/data/app/com.instagram.android-g99g_SfXc33GdHoKNn7sAQ==/base.apk", zip file "/data/app/com.instagram.android-g99g_SfXc33GdHoKNn7sAQ==/split_arservicesforpersonsegmentation.apk", zip file "/data/app/com.instagram.android-g99g_SfXc33GdHoKNn7sAQ==/split_caffe2.apk"],nativeLibraryDirectories=[/data/app/com.instagram.android-g99g_SfXc33GdHoKNn7sAQ==/lib/arm64, /data/app/com.instagram.android-g99g_SfXc33GdHoKNn7sAQ==/base.apk!/lib/arm64-v8a, /data/app/com.instagram.android-g99g_SfXc33GdHoKNn7sAQ==/split_arservicesforpersonsegmentation.apk!/lib/arm64-v8a, /data/app/com.instagram.android-g99g_SfXc33GdHoKNn7sAQ==/split_caffe2.apk!/lib/arm64-v8a, /system/lib64, /product/lib64]]
06-16 11:00:03.219  5321  5321 E LoadedApk: 	at dalvik.system.BaseDexClassLoader.findClass(BaseDexClassLoader.java:196)
06-16 11:00:03.219  5321  5321 E LoadedApk: 	at java.lang.ClassLoader.loadClass(ClassLoader.java:379)
06-16 11:00:03.219  5321  5321 E LoadedApk: 	at java.lang.ClassLoader.loadClass(ClassLoader.java:312)
