06-16 09:25:54.285  1382  4221 I chatty  : uid=1000(system) Binder:1382_15 expire 3 lines
06-16 09:26:02.390 11388 11881 W PackageParser: Unknown element under <manifest>: queries at /data/user_de/0/com.google.android.gms/app_chimera/m/00000084/dl-Payments.integ_202112000100400.apk Binary XML file line #5
06-16 09:26:02.676  1382  1473 I chatty  : uid=1000(system) batterystats-wo expire 2 lines
06-16 09:26:02.798  1382  1452 I chatty  : uid=1000(system) android.io expire 3 lines
06-16 09:26:02.895  1382  5195 I chatty  : uid=1000(system) Binder:1382_20 expire 2 lines
06-16 09:26:03.104  1382  4216 I chatty  : uid=1000(system) Binder:1382_13 expire 1 line
06-16 09:26:15.005  1382 19875 I chatty  : uid=1000(system) AsyncTask #4 expire 1 line
06-16 09:26:15.006  1382  1451 I chatty  : uid=1000(system) android.ui expire 1 line
06-16 09:26:20.828  1382  1939 I chatty  : uid=1000(system) InputReader expire 2 lines
06-16 09:26:20.829  1382  1382 I chatty  : uid=1000 system_server expire 22 lines
06-16 09:26:28.646  1382  4120 I chatty  : uid=1000(system) Binder:1382_F expire 3 lines
06-16 09:26:44.574  1382  4218 I chatty  : uid=1000(system) Binder:1382_14 expire 2 lines
06-16 09:27:01.401 16396 16396 E LoadedApk: Unable to instantiate appComponentFactory
06-16 09:27:01.401 16396 16396 E LoadedApk: java.lang.ClassNotFoundException: Didn't find class "androidx.core.app.CoreComponentFactory" on path: DexPathList[[zip file "/data/app/com.instagram.android-g99g_SfXc33GdHoKNn7sAQ==/base.apk", zip file "/data/app/com.instagram.android-g99g_SfXc33GdHoKNn7sAQ==/split_arservicesforpersonsegmentation.apk", zip file "/data/app/com.instagram.android-g99g_SfXc33GdHoKNn7sAQ==/split_caffe2.apk"],nativeLibraryDirectories=[/data/app/com.instagram.android-g99g_SfXc33GdHoKNn7sAQ==/lib/arm64, /data/app/com.instagram.android-g99g_SfXc33GdHoKNn7sAQ==/base.apk!/lib/arm64-v8a, /data/app/com.instagram.android-g99g_SfXc33GdHoKNn7sAQ==/split_arservicesforpersonsegmentation.apk!/lib/arm64-v8a, /data/app/com.instagram.android-g99g_SfXc33GdHoKNn7sAQ==/split_caffe2.apk!/lib/arm64-v8a, /system/lib64, /product/lib64]]
06-16 09:27:01.401 16396 16396 E LoadedApk: 	at dalvik.system.BaseDexClassLoader.findClass(BaseDexClassLoader.java:196)
06-16 09:27:01.401 16396 16396 E LoadedApk: 	at java.lang.ClassLoader.loadClass(ClassLoader.java:379)
06-16 09:27:01.401 16396 16396 E LoadedApk: 	at java.lang.ClassLoader.loadClass(ClassLoader.java:312)
06-16 09:27:01.401 16396 16396 E LoadedApk: 	at android.app.LoadedApk.createAppFactory(LoadedApk.java:256)
06-16 09:27:01.401 16396 16396 E LoadedApk: 	at android.app.LoadedApk.createOrUpdateClassLoaderLocked(LoadedApk.java:855)
06-16 09:27:01.401 16396 16396 E LoadedApk: 	at android.app.LoadedApk.getClassLoader(LoadedApk.java:950)
06-16 09:27:01.401 16396 16396 E LoadedApk: 	at android.app.LoadedApk.getResources(LoadedApk.java:1188)
06-16 09:27:01.401 16396 16396 E LoadedApk: 	at android.app.ContextImpl.createAppContext(ContextImpl.java:2462)
06-16 09:27:01.401 16396 16396 E LoadedApk: 	at android.app.ContextImpl.createAppContext(ContextImpl.java:2454)
06-16 09:27:01.401 16396 16396 E LoadedApk: 	at android.app.ActivityThread.handleBindApplication(ActivityThread.java:6343)
06-16 09:27:01.401 16396 16396 E LoadedApk: 	at android.app.ActivityThread.access$1300(ActivityThread.java:219)
06-16 09:27:01.401 16396 16396 E LoadedApk: 	at android.app.ActivityThread$H.handleMessage(ActivityThread.java:1859)
06-16 09:27:01.401 16396 16396 E LoadedApk: 	at android.os.Handler.dispatchMessage(Handler.java:107)
06-16 09:27:01.401 16396 16396 E LoadedApk: 	at android.os.Looper.loop(Looper.java:214)
06-16 09:27:01.401 16396 16396 E LoadedApk: 	at android.app.ActivityThread.main(ActivityThread.java:7356)
06-16 09:27:01.401 16396 16396 E LoadedApk: 	at java.lang.reflect.Method.invoke(Native Method)
06-16 09:27:01.401 16396 16396 E LoadedApk: 	at com.android.internal.os.RuntimeInit$MethodAndArgsCaller.run(RuntimeInit.java:492)
06-16 09:27:01.401 16396 16396 E LoadedApk: 	at com.android.internal.os.ZygoteInit.main(ZygoteInit.java:930)
06-16 09:27:01.401 16396 16396 E LoadedApk: 	Suppressed: java.io.IOException: No original dex files found for dex location /data/app/com.instagram.android-g99g_SfXc33GdHoKNn7sAQ==/split_arservicesforpersonsegmentation.apk
06-16 09:27:01.401 16396 16396 E LoadedApk: 		at dalvik.system.DexFile.openDexFileNative(Native Method)
06-16 09:27:01.401 16396 16396 E LoadedApk: 		at dalvik.system.DexFile.openDexFile(DexFile.java:365)
06-16 09:27:01.401 16396 16396 E LoadedApk: 		at dalvik.system.DexFile.<init>(DexFile.java:107)
06-16 09:27:01.401 16396 16396 E LoadedApk: 		at dalvik.system.DexFile.<init>(DexFile.java:80)
06-16 09:27:01.401 16396 16396 E LoadedApk: 		at dalvik.system.DexPathList.loadDexFile(DexPathList.java:444)
06-16 09:27:01.401 16396 16396 E LoadedApk: 		at dalvik.system.DexPathList.makeDexElements(DexPathList.java:403)
06-16 09:27:01.401 16396 16396 E LoadedApk: 		at dalvik.system.DexPathList.<init>(DexPathList.java:164)
06-16 09:27:01.401 16396 16396 E LoadedApk: 		at dalvik.system.BaseDexClassLoader.<init>(BaseDexClassLoader.java:126)
06-16 09:27:01.401 16396 16396 E LoadedApk: 		at dalvik.system.BaseDexClassLoader.<init>(BaseDexClassLoader.java:101)
06-16 09:27:01.401 16396 16396 E LoadedApk: 		at dalvik.system.PathClassLoader.<init>(PathClassLoader.java:74)
06-16 09:27:01.401 16396 16396 E LoadedApk: 		at com.android.internal.os.ClassLoaderFactory.createClassLoader(ClassLoaderFactory.java:87)
06-16 09:27:01.401 16396 16396 E LoadedApk: 		at com.android.internal.os.ClassLoaderFactory.createClassLoader(ClassLoaderFactory.java:116)
06-16 09:27:01.401 16396 16396 E LoadedApk: 		at android.app.ApplicationLoaders.getClassLoader(ApplicationLoaders.java:114)
06-16 09:27:01.401 16396 16396 E LoadedApk: 		at android.app.ApplicationLoaders.getClassLoaderWithSharedLibraries(ApplicationLoaders.java:60)
06-16 09:27:01.401 16396 16396 E LoadedApk: 		at android.app.LoadedApk.createOrUpdateClassLoaderLocked(LoadedApk.java:851)
06-16 09:27:01.401 16396 16396 E LoadedApk: 		... 13 more
06-16 09:27:01.401 16396 16396 E LoadedApk: 	Suppressed: java.io.IOException: No original dex files found for dex location /data/app/com.instagram.android-g99g_SfXc33GdHoKNn7sAQ==/split_caffe2.apk
06-16 09:27:01.401 16396 16396 E LoadedApk: 		at dalvik.system.DexFile.openDexFileNative(Native Method)
06-16 09:27:01.401 16396 16396 E LoadedApk: 		at dalvik.system.DexFile.openDexFile(DexFile.java:365)
06-16 09:27:01.401 16396 16396 E LoadedApk: 		at dalvik.system.DexFile.<init>(DexFile.java:107)
06-16 09:27:01.401 16396 16396 E LoadedApk: 		at dalvik.system.DexFile.<init>(DexFile.java:80)
06-16 09:27:01.401 16396 16396 E LoadedApk: 		at dalvik.system.DexPathList.loadDexFile(DexPathList.java:444)
06-16 09:27:01.401 16396 16396 E LoadedApk: 		at dalvik.system.DexPathList.makeDexElements(DexPathList.java:403)
06-16 09:27:01.401 16396 16396 E LoadedApk: 		at dalvik.system.DexPathList.<init>(DexPathList.java:164)
06-16 09:27:01.401 16396 16396 E LoadedApk: 		at dalvik.system.BaseDexClassLoader.<init>(BaseDexClassLoader.java:126)
06-16 09:27:01.401 16396 16396 E LoadedApk: 		at dalvik.system.BaseDexClassLoader.<init>(BaseDexClassLoader.java:101)
06-16 09:27:01.401 16396 16396 E LoadedApk: 		at dalvik.system.PathClassLoader.<init>(PathClassLoa
06-16 09:27:03.732  1382  1972 I chatty  : uid=1000(system) ConnectivitySer expire 1 line
06-16 09:27:28.438  1382  1382 I chatty  : uid=1000 system_server expire 31 lines
06-16 09:27:32.966  1382  1465 I chatty  : uid=1000(system) ActivityManager expire 24 lines
06-16 09:27:33.322  1382  4113 I chatty  : uid=1000(system) Binder:1382_D expire 14 lines
06-16 09:27:33.441  1382  2454 I chatty  : uid=1000(system) Binder:1382_B expire 6 lines
06-16 09:27:33.510  1382  4921 I chatty  : uid=1000(system) Binder:1382_1C expire 3 lines
06-16 09:27:38.264  1382  1473 I chatty  : uid=1000(system) batterystats-wo expire 17 lines
06-16 09:27:41.658  1382  5192 I chatty  : uid=1000(system) Binder:1382_1F expire 2 lines
06-16 09:27:42.752  1382  2288 I chatty  : uid=1000(system) Binder:1382_8 expire 3 lines
06-16 09:27:42.798  1382  2185 I chatty  : uid=1000(system) Binder:1382_5 expire 4 lines
06-16 09:27:48.338  1382  5195 I chatty  : uid=1000(system) Binder:1382_20 expire 10 lines
06-16 09:27:51.863  1382  1939 I chatty  : uid=1000(system) InputReader expire 4 lines
06-16 09:27:52.365  1382  1502 I chatty  : uid=1000(system) PowerManagerSer expire 11 lines
06-16 09:27:52.435  1382  1453 I chatty  : uid=1000(system) android.display expire 8 lines
06-16 09:27:52.584  1382  1972 I chatty  : uid=1000(system) ConnectivitySer expire 10 lines
06-16 09:27:52.632  1382  1450 I chatty  : uid=1000(system) android.fg expire 5 lines
06-16 09:29:23.701  1382  1416 I chatty  : uid=1000(system) Binder:1382_1 expire 10 lines
06-16 09:29:23.915  1382  4918 I chatty  : uid=1000(system) Binder:1382_1B expire 2 lines
06-16 09:29:25.732  1382  1464 I chatty  : uid=1000(system) ActivityManager expire 18 lines
06-16 09:29:41.718  1382  4221 I chatty  : uid=1000(system) Binder:1382_15 expire 2 lines
06-16 09:29:44.977  1382  4176 I chatty  : uid=1000(system) Binder:1382_12 expire 1 line
06-16 09:29:47.752  1382  1452 I chatty  : uid=1000(system) android.io expire 9 lines
06-16 09:29:59.233  1382  1451 I chatty  : uid=1000(system) android.ui expire 5 lines
06-16 09:29:59.237  1382  2453 I chatty  : uid=1000(system) Binder:1382_A expire 1 line
06-16 09:30:13.174  2630  5279 V PackageManager: [f13ed68e-8690-4c27-843b-be07ab8e8b06] Phase1 called; posting
06-16 09:30:13.175  2630  2630 D PackageManager: [f13ed68e-8690-4c27-843b-be07ab8e8b06] Phase1 request; prefix: [-2130968576, -1893298176, -1871400960, -1646518272, -1552310272, -1283633152, -1179652096, -773763072, -531443712, -450080768, -442175488, -129798144, 41586688, 243544064, 282537984, 784412672, 821555200, 1337090048, 1725284352, 1871638528, 2117087232], userId: 0
06-16 09:30:13.197  2630  5279 V PackageManager: [0a51df7e-9378-4923-86b9-fe5f6ecc3b44] Phase1 called; posting
06-16 09:30:13.197  2630  2630 D PackageManager: [0a51df7e-9378-4923-86b9-fe5f6ecc3b44] Phase1 request; prefix: [-2130968576, -1844060160, -1552310272, -1468841984, -1440305152, -1241190400, -583315456, -509267968, -262967296, 785956864, 1053696000, 1084604416, 1213841408, 1578397696, 1723838464, 1932533760], userId: 0
06-16 09:30:13.216  2630  5279 V PackageManager: [cb2c4c19-b8e2-4401-bcac-008c9d63f7bf] Phase1 called; posting
06-16 09:30:13.216  2630  2630 D PackageManager: [cb2c4c19-b8e2-4401-bcac-008c9d63f7bf] Phase1 request; prefix: [-2130968576, -2091139072, -1552310272, -1547984896, -1088024576, -497483776, -174870528, 136097792, 539926528, 971452416, 1040044032, 1517293568, 1975316480], userId: 0
06-16 09:30:13.233  2630  5279 V PackageManager: [b468fe1b-f895-4b15-8b8e-43f7274ca64a] Phase1 called; posting
06-16 09:30:13.233  2630  2630 D PackageManager: [b468fe1b-f895-4b15-8b8e-43f7274ca64a] Phase1 request; prefix: [-2130968576, -1978535936, -1819873280, -1552310272, -1477681152, -890531840, -484851712, -405639168, -325521408, 286093312, 450908160, 757710848, 798089216, 1096384512, 1697472512], userId: 0
06-16 09:30:13.249  2630  5279 V PackageManager: [4c3ca760-d654-4fd0-9361-cbe5789375ce] Phase1 called; posting
06-16 09:30:13.250  2630  2630 D PackageManager: [4c3ca760-d654-4fd0-9361-cbe5789375ce] Phase1 request; prefix: [-2130968576, -1961295872, -1913688064, -1888612352, -1552310272, -1292988416, -1272750080, -1251045376, -1070731264, -999587840, -385376256, -374538240, -166625280, -164040704, -126377984, 426176512, 944492544, 999612416, 1575337984, 1829994496], userId: 0
06-16 09:30:13.261  2630  5279 V PackageManager: [b6263d99-1cc8-4b96-8923-0d8547a9b914] Phase1 called; posting
06-16 09:30:13.262  2630  2630 D PackageManager: [b6263d99-1cc8-4b96-8923-0d8547a9b914] Phase1 request; prefix: [-2130968576, -1636278272, -1636261888, -1552310272, -1516044288, -1383514112, -1295724544, -1105752064, -145567744, 333586432, 567156736, 572563456, 726110208, 1069105152, 1210531840, 1386786816, 1744527360, 1845567488], userId: 0
06-16 09:30:13.515  2630  3047 V PackageManager: [72945749-c7f5-4dc4-a7b2-b9f9559c9cdf] Phase1 called; posting
06-16 09:30:13.516  2630  2630 D PackageManager: [72945749-c7f5-4dc4-a7b2-b9f9559c9cdf] Phase1 request; prefix: [-2139807744, -2130968576, -1820389376, -1733292032, -1579802624, -1552310272, -1513562112, -1450086400, -1211842560, -1160171520, -1112879104, -1027198976, -741494784, 419811328, 491102208, 506052608, 541523968, 1857966080, 1869881344, 2127323136], userId: 0
06-16 09:30:13.531  2630  3047 V PackageManager: [d1a22a9e-9f6a-47f7-8e59-9b9cf3c3b6d8] Phase1 called; posting
06-16 09:30:13.532  2630  2630 D PackageManager: [d1a22a9e-9f6a-47f7-8e59-9b9cf3c3b6d8] Phase1 request; prefix: [-2130968576, -1553866752, -1552310272, -1336029184, -1163608064, -835354624, -813297664, -805781504, -649867264, 130519040, 624857088, 1627660288, 1678815232, 1828573184, 2016997376, 2093948928], userId: 0
06-16 09:30:13.547  2630  3047 V PackageManager: [1a135d61-24ad-4df5-b27c-441955dfae3a] Phase1 called; posting
06-16 09:30:13.547  2630  2630 D PackageManager: [1a135d61-24ad-4df5-b27c-441955dfae3a] Phase1 request; prefix: [-2130968576, -1894039552, -1552310272, -979816448, -756019200, -22327296, 96993280, 365477888, 495783936, 717938688, 865865728, 1087492096, 1212436480, 1299214336, 1418559488, 1831395328, 1934598144, 2107400192], userId: 0
06-16 09:30:13.558  2630  3047 V PackageManager: [c554c344-f611-4639-ac45-c63401ae43bd] Phase1 called; posting
06-16 09:30:13.558  2630  2630 D PackageManager: [c554c344-f611-4639-ac45-c63401ae43bd] Phase1 request; prefix: [-2130968576, -1922023424, -1847070720, -1552310272, -1425735680, -1366532096, -1216983040, -853913600, -769847296, -663293952, -63893504, 706387968, 731742208, 1339117568, 2066808832], userId: 0
06-16 09:30:13.570  2630  3047 V PackageManager: [00e8188c-7e78-435d-8616-c0ed022e8ad1] Phase1 called; posting
06-16 09:30:13.570  2630  2630 D PackageManager: [00e8188c-7e78-435d-8616-c0ed022e8ad1] Phase1 request; prefix: [-2130968576, -1590542336, -1552310272, -1343139840, -955314176, -557678592, -522911744, -305160192, -177582080, 56090624, 229515264, 390717440, 480198656, 982990848, 1083052032, 1164111872, 1373949952, 1417056256, 1651064832, 2027302912], userId: 0
06-16 09:30:13.581  2630  3047 V PackageManager: [7366610e-d366-4837-9593-7a2bb838f7ce] Phase1 called; posting
06-16 09:30:13.581  2630  2630 D PackageManager: [7366610e-d366-4837-9593-7a2bb838f7ce] Phase1 request; prefix: [-2130968576, -1810468864, -1794609152, -1552310272, -197611520, 445829120, 778977280, 913956864, 1174712320, 1457037312, 1469132800, 1668534272, 1762156544, 1900969984], userId: 0
06-16 09:30:16.043  1382  4938 I chatty  : uid=1000(system) Binder:1382_1D expire 2 lines
06-16 09:30:17.168  1382  1464 I chatty  : uid=1000(system) ActivityManager expire 10 lines
06-16 09:30:27.292  1382  1465 I chatty  : uid=1000(system) ActivityManager expire 12 lines
06-16 09:30:29.305  1382  1382 I chatty  : uid=1000 system_server expire 10 lines
06-16 09:30:37.276  1382  1473 I chatty  : uid=1000(system) batterystats-wo expire 5 lines
06-16 09:30:40.584  1382  2058 I chatty  : uid=1000(system) Binder:1382_4 expire 3 lines
06-16 09:30:50.685  1382  4223 I chatty  : uid=1000(system) Binder:1382_16 expire 1 line
06-16 09:30:50.756  1382  4216 I chatty  : uid=1000(system) Binder:1382_13 expire 4 lines
06-16 09:31:19.049  1382  4113 I chatty  : uid=1000(system) Binder:1382_D expire 1 line
06-16 09:31:22.461  1382  2281 I chatty  : uid=1000(system) Binder:1382_7 expire 1 line
06-16 09:31:35.606  1382  1984 I chatty  : uid=1000(system) Binder:1382_3 expire 5 lines
06-16 09:31:40.617  1382  1463 I chatty  : uid=1000(system) android.bg expire 4 lines
06-16 09:31:41.733  1382  4881 I chatty  : uid=1000(system) Binder:1382_1A expire 3 lines
06-16 09:31:41.758  1382  1417 I chatty  : uid=1000(system) Binder:1382_2 expire 2 lines
06-16 09:32:00.530  1382  4862 I chatty  : uid=1000(system) Binder:1382_19 expire 4 lines
06-16 09:32:00.606  1382  4940 I chatty  : uid=1000(system) Binder:1382_1E expire 8 lines
06-16 09:32:34.503  1382  1382 I chatty  : uid=1000 system_server expire 37 lines
06-16 09:32:41.750  1382  1465 I chatty  : uid=1000(system) ActivityManager expire 26 lines
06-16 09:32:59.551  1382  1473 I chatty  : uid=1000(system) batterystats-wo expire 25 lines
06-16 09:33:41.776  1382  4216 I chatty  : uid=1000(system) Binder:1382_13 expire 1 line
06-16 09:33:41.815  1382  4118 I chatty  : uid=1000(system) Binder:1382_E expire 2 lines
06-16 09:33:50.119  1382  1417 I chatty  : uid=1000(system) Binder:1382_2 expire 6 lines
06-16 09:33:50.134  1382  4862 I chatty  : uid=1000(system) Binder:1382_19 expire 7 lines
06-16 09:33:50.135  1382  4881 I chatty  : uid=1000(system) Binder:1382_1A expire 2 lines
06-16 09:34:17.848  1382  4221 I chatty  : uid=1000(system) Binder:1382_15 expire 2 lines
06-16 09:34:17.848  1382  1416 I chatty  : uid=1000(system) Binder:1382_1 expire 5 lines
06-16 09:34:17.848  1382  1972 I chatty  : uid=1000(system) ConnectivitySer expire 4 lines
06-16 09:34:44.356  1382  2454 I chatty  : uid=1000(system) Binder:1382_B expire 1 line
06-16 09:34:46.362  1382  4175 I chatty  : uid=1000(system) Binder:1382_11 expire 8 lines
06-16 09:34:46.703  1382  1452 I chatty  : uid=1000(system) android.io expire 5 lines
06-16 09:34:48.710  1382  1464 I chatty  : uid=1000(system) ActivityManager expire 14 lines
06-16 09:35:02.450  1382  4113 I chatty  : uid=1000(system) Binder:1382_D expire 2 lines
06-16 09:35:09.267  1382  4918 I chatty  : uid=1000(system) Binder:1382_1B expire 10 lines
06-16 09:35:33.696  1382  2058 I chatty  : uid=1000(system) Binder:1382_4 expire 5 lines
06-16 09:35:42.341  1382  1451 I chatty  : uid=1000(system) android.ui expire 16 lines
06-16 09:35:58.604  1382  4176 I chatty  : uid=1000(system) Binder:1382_12 expire 1 line
06-16 09:36:05.657  1382  4218 I chatty  : uid=1000(system) Binder:1382_14 expire 9 lines
06-16 09:37:56.330  1382  2303 I chatty  : uid=1000(system) Binder:1382_9 expire 7 lines
06-16 09:38:06.291  1382  1453 I chatty  : uid=1000(system) android.display expire 2 lines
06-16 09:38:11.019  1382  5192 I chatty  : uid=1000(system) Binder:1382_1F expire 3 lines
06-16 09:38:17.037  1382  1450 I chatty  : uid=1000(system) android.fg expire 1 line
06-16 09:39:43.235  2630  3603 V PackageManager: [3d0987f2-18c5-4315-9918-21bcfd02054e] Phase1 called; posting
06-16 09:39:43.236  2630  2630 D PackageManager: [3d0987f2-18c5-4315-9918-21bcfd02054e] Phase1 request; prefix: [-2130968576, -1973645312, -1581256704, -1552310272, -1114144768, -840409088, -755523584, -709574656, -678129664, 613064704, 678748160, 804294656, 967127040, 1100312576, 1205202944, 1868894208, 2042691584], userId: 0
06-16 09:39:43.253  2630  3603 V PackageManager: [ac0f6944-a280-4abe-8fa6-3dba43f8f2ae] Phase1 called; posting
06-16 09:39:43.254  2630  2630 D PackageManager: [ac0f6944-a280-4abe-8fa6-3dba43f8f2ae] Phase1 request; prefix: [-2130968576, -1916227584, -1552310272, -1291313152, -960253952, -640401408, -482414592, -478040064, 233689088, 245305344, 534528000, 613920768, 703422464, 1034309632, 1135636480, 1141313536, 1371348992, 1698476032, 1866641408, 1932558336, 2099273728], userId: 0
06-16 09:39:43.267  2630  3603 V PackageManager: [fbfb35ae-944e-4210-8cbd-49cbba06f786] Phase1 called; posting
06-16 09:39:43.268  2630  2630 D PackageManager: [fbfb35ae-944e-4210-8cbd-49cbba06f786] Phase1 request; prefix: [-2130968576, -1899757568, -1588473856, -1552310272, -1458577408, -1312133120, -1071202304, -955437056, -944271360, -83197952, -66449408, 215756800, 1292427264, 2044407808], userId: 0
06-16 09:39:43.285  2630  3603 V PackageManager: [90a6fffc-4d6c-4ca2-af8b-6e9fe75d695e] Phase1 called; posting
06-16 09:39:43.285  2630  2630 D PackageManager: [90a6fffc-4d6c-4ca2-af8b-6e9fe75d695e] Phase1 request; prefix: [-2130968576, -2085330944, -1853763584, -1552310272, -1154101248, -876371968, -841916416, -725889024, -723050496, -689090560, -592769024, -357253120, -351023104, -109707264, 1196531712, 1376534528], userId: 0
06-16 09:39:43.302  2630  3603 V PackageManager: [c3a465fc-c242-4eb5-9619-a6c91def3ea9] Phase1 called; posting
06-16 09:39:43.302  2630  2630 D PackageManager: [c3a465fc-c242-4eb5-9619-a6c91def3ea9] Phase1 request; prefix: [-2130968576, -1872162816, -1552310272, -1174503424, -989802496, -909377536, -890499072, 85843968, 264855552, 568676352, 938721280, 944459776, 1030594560, 1053532160, 1071824896, 1201868800, 1250770944, 1357942784, 1766072320, 1808228352, 1827831808], userId: 0
06-16 09:39:43.317  2630  3603 V PackageManager: [62175789-cc42-43e7-a0cf-33ab79d4c732] Phase1 called; posting
06-16 09:39:43.318  2630  2630 D PackageManager: [62175789-cc42-43e7-a0cf-33ab79d4c732] Phase1 request; prefix: [-2130968576, -2034958336, -1740267520, -1711636480, -1552310272, -1126137856, -738385920, -545796096, 122974208, 294322176, 465440768, 1023455232, 1449721856], userId: 0
06-16 09:39:43.612  2630  3603 V PackageManager: [14ec2f64-215f-45b4-bbbc-153bf9d649be] Phase1 called; posting
06-16 09:39:43.612  2630  2630 D PackageManager: [14ec2f64-215f-45b4-bbbc-153bf9d649be] Phase1 request; prefix: [-2130968576, -1998274560, -1896910848, -1552310272, -1401049088, -1245249536, -1209024512, -1029259264, -767963136, 152932352, 712261632, 1178017792, 1992024064], userId: 0
06-16 09:39:43.630  2630  3603 V PackageManager: [b3575f71-22b0-4d78-88f4-2d99ef721dba] Phase1 called; posting
06-16 09:39:43.631  2630  2630 D PackageManager: [b3575f71-22b0-4d78-88f4-2d99ef721dba] Phase1 request; prefix: [-2130968576, -2055524352, -2021203968, -1715855360, -1552310272, -1462206464, -1403994112, -1236545536, -403562496, 168513536, 261689344, 284708864, 729305088, 838352896, 1658859520], userId: 0
06-16 09:39:43.650  2630  3603 V PackageManager: [6c02918a-f0da-44c2-8d7f-b122197a4aa8] Phase1 called; posting
06-16 09:39:43.651  2630  2630 D PackageManager: [6c02918a-f0da-44c2-8d7f-b122197a4aa8] Phase1 request; prefix: [-2130968576, -1552310272, -842362880, -833347584, -783433728, -614105088, -475480064, -261980160, 12025856, 13701120, 1259995136, 1492025344, 1674031104], userId: 0
06-16 09:39:43.669  2630  3603 V PackageManager: [c4189539-4de0-4b04-a1aa-b96ee6027843] Phase1 called; posting
06-16 09:39:43.670  2630  2630 D PackageManager: [c4189539-4de0-4b04-a1aa-b96ee6027843] Phase1 request; prefix: [-2130968576, -2123313152, -2118356992, -1947869184, -1723867136, -1683415040, -1622417408, -1552310272, -1495408640, -1108500480, -1081626624, -963096576, -524800000, 471875584, 1260199936], userId: 0
06-16 09:39:43.687  2630  3603 V PackageManager: [05556ee5-fa39-49a6-8646-badd36d66d87] Phase1 called; posting
06-16 09:39:43.687  2630  2630 D PackageManager: [05556ee5-fa39-49a6-8646-badd36d66d87] Phase1 request; prefix: [-2130968576, -1849536512, -1552310272, -1517957120, -1384161280, -899907584, -551391232, -283283456, -275357696, -40460288, 136171520, 403795968, 528699392, 617930752, 796418048, 965296128, 1010167808, 1054253056, 1146535936, 1589448704, 1936695296], userId: 0
06-16 09:39:43.706  2630  3603 V PackageManager: [2e4fab59-45a1-428a-9d43-6b38d3cd3a8c] Phase1 called; posting
06-16 09:39:43.706  2630  2630 D PackageManager: [2e4fab59-45a1-428a-9d43-6b38d3cd3a8c] Phase1 request; prefix: [-2130968576, -1975558144, -1824817152, -1552310272, -1216286720, -715497472, -142929920, 913731584, 948297728, 954716160, 1320845312, 1379373056, 1417904128, 1573752832, 1654427648, 1670672384, 1797976064], userId: 0
06-16 09:39:47.877  1382  1451 I chatty  : uid=1000(system) android.ui expire 8 lines
06-16 09:39:51.095  1382  1465 I chatty  : uid=1000(system) ActivityManager expire 9 lines
06-16 09:39:52.756  1382  1382 I chatty  : uid=1000 system_server expire 12 lines
06-16 09:40:03.439  1382  4223 I chatty  : uid=1000(system) Binder:1382_16 expire 6 lines
06-16 09:40:21.622  1382  4918 I chatty  : uid=1000(system) Binder:1382_1B expire 2 lines
06-16 09:40:57.217  1382  4921 I chatty  : uid=1000(system) Binder:1382_1C expire 2 lines
06-16 09:41:07.864  1382  1473 I chatty  : uid=1000(system) batterystats-wo expire 6 lines
06-16 09:42:18.875 21530 21530 E LoadedApk: Unable to instantiate appComponentFactory
06-16 09:42:18.875 21530 21530 E LoadedApk: java.lang.ClassNotFoundException: Didn't find class "androidx.core.app.CoreComponentFactory" on path: DexPathList[[zip file "/data/app/com.facebook.mlite-UsbQyraMKLqNgAS5Du0GcQ==/base.apk"],nativeLibraryDirectories=[/data/app/com.facebook.mlite-UsbQyraMKLqNgAS5Du0GcQ==/lib/arm64, /data/app/com.facebook.mlite-UsbQyraMKLqNgAS5Du0GcQ==/base.apk!/lib/arm64-v8a, /system/lib64, /product/lib64]]
06-16 09:42:18.875 21530 21530 E LoadedApk: 	at dalvik.system.BaseDexClassLoader.findClass(BaseDexClassLoader.java:196)
06-16 09:42:18.875 21530 21530 E LoadedApk: 	at java.lang.ClassLoader.loadClass(ClassLoader.java:379)
06-16 09:42:18.875 21530 21530 E LoadedApk: 	at java.lang.ClassLoader.loadClass(ClassLoader.java:312)
06-16 09:42:18.875 21530 21530 E LoadedApk: 	at android.app.LoadedApk.createAppFactory(LoadedApk.java:256)
06-16 09:42:18.875 21530 21530 E LoadedApk: 	at android.app.LoadedApk.createOrUpdateClassLoaderLocked(LoadedApk.java:855)
06-16 09:42:18.875 21530 21530 E LoadedApk: 	at android.app.LoadedApk.getClassLoader(LoadedApk.java:950)
06-16 09:42:18.875 21530 21530 E LoadedApk: 	at android.app.LoadedApk.getResources(LoadedApk.java:1188)
06-16 09:42:18.875 21530 21530 E LoadedApk: 	at android.app.ContextImpl.createAppContext(ContextImpl.java:2462)
06-16 09:42:18.875 21530 21530 E LoadedApk: 	at android.app.ContextImpl.createAppContext(ContextImpl.java:2454)
06-16 09:42:18.875 21530 21530 E LoadedApk: 	at android.app.ActivityThread.handleBindApplication(ActivityThread.java:6343)
06-16 09:42:18.875 21530 21530 E LoadedApk: 	at android.app.ActivityThread.access$1300(ActivityThread.java:219)
06-16 09:42:18.875 21530 21530 E LoadedApk: 	at android.app.ActivityThread$H.handleMessage(ActivityThread.java:1859)
06-16 09:42:18.875 21530 21530 E LoadedApk: 	at android.os.Handler.dispatchMessage(Handler.java:107)
06-16 09:42:18.875 21530 21530 E LoadedApk: 	at android.os.Looper.loop(Looper.java:214)
06-16 09:42:18.875 21530 21530 E LoadedApk: 	at android.app.ActivityThread.main(ActivityThread.java:7356)
06-16 09:42:18.875 21530 21530 E LoadedApk: 	at java.lang.reflect.Method.invoke(Native Method)
06-16 09:42:18.875 21530 21530 E LoadedApk: 	at com.android.internal.os.RuntimeInit$MethodAndArgsCaller.run(RuntimeInit.java:492)
06-16 09:42:18.875 21530 21530 E LoadedApk: 	at com.android.internal.os.ZygoteInit.main(ZygoteInit.java:930)
06-16 09:42:30.040  1382  4847 I chatty  : uid=1000(system) Binder:1382_18 expire 2 lines
06-16 09:42:42.488  1382  1382 I chatty  : uid=1000 system_server expire 1 line
06-16 09:42:54.683  1382  5195 I chatty  : uid=1000(system) Binder:1382_20 expire 10 lines
06-16 09:42:54.880  1382  1473 I chatty  : uid=1000(system) batterystats-wo expire 13 lines
06-16 09:42:58.755  1382  4921 I chatty  : uid=1000(system) Binder:1382_1C expire 3 lines
06-16 09:43:00.552  1382  1382 I chatty  : uid=1000 system_server expire 24 lines
06-16 09:43:01.784  1382  4881 I chatty  : uid=1000(system) Binder:1382_1A expire 3 lines
06-16 09:43:04.527  1382  4218 I chatty  : uid=1000(system) Binder:1382_14 expire 4 lines
06-16 09:43:04.533  1382  4846 I chatty  : uid=1000(system) Binder:1382_17 expire 10 lines
06-16 09:43:10.891  1382  4216 I chatty  : uid=1000(system) Binder:1382_13 expire 4 lines
06-16 09:43:15.062  1382  1452 I chatty  : uid=1000(system) android.io expire 4 lines
06-16 09:43:17.068  1382  1464 I chatty  : uid=1000(system) ActivityManager expire 8 lines
06-16 09:43:38.062  1382  1451 I chatty  : uid=1000(system) android.ui expire 9 lines
06-16 09:43:38.095  1382  1465 I chatty  : uid=1000(system) ActivityManager expire 11 lines
06-16 09:43:38.153  1382  1972 I chatty  : uid=1000(system) ConnectivitySer expire 10 lines
06-16 09:43:41.932  1382  4175 I chatty  : uid=1000(system) Binder:1382_11 expire 4 lines
06-16 09:43:55.181  2630  2996 V PackageManager: [c63c65a4-121e-4ba6-89cf-f62dab2fb7be] Phase1 called; posting
06-16 09:43:55.181  2630  2630 D PackageManager: [c63c65a4-121e-4ba6-89cf-f62dab2fb7be] Phase1 request; prefix: [-2130968576, -1993101312, -1891254272, -1613930496, -1552310272, -1536692224, -1482375168, -841134080, -725860352, -624324608, -496295936, -388886528, -367001600, -290164736, -182571008, 469565440, 721502208, 1523691520, 1720918016, 1912250368], userId: 10
06-16 09:43:55.205  2630  2996 V PackageManager: [fc2cfd11-bf1b-4836-97fe-1966af28f0f1] Phase1 called; posting
06-16 09:43:55.205  2630  2630 D PackageManager: [fc2cfd11-bf1b-4836-97fe-1966af28f0f1] Phase1 request; prefix: [-2130968576, -1990512640, -1643462656, -1552310272, -299335680, 132108288, 200085504, 566947840, 800595968, 1197977600, 1390673920, 1436413952, 2129620992], userId: 10
06-16 09:43:55.220  2630  2996 V PackageManager: [8cbe3ef7-53cf-4faa-a9e3-e199ce11be45] Phase1 called; posting
06-16 09:43:55.220  2630  2630 D PackageManager: [8cbe3ef7-53cf-4faa-a9e3-e199ce11be45] Phase1 request; prefix: [-2130968576, -2069925888, -1954168832, -1552310272, -1267306496, -1169645568, -997560320, -488955904, -479211520, -406491136, 334082048, 425336832, 614420480, 858755072, 1547702272, 1887109120], userId: 10
06-16 09:43:55.233  2630  2996 V PackageManager: [0879ba7d-7fd1-4cea-b24a-f3bdbed64e65] Phase1 called; posting
06-16 09:43:55.234  2630  2630 D PackageManager: [0879ba7d-7fd1-4cea-b24a-f3bdbed64e65] Phase1 request; prefix: [-2130968576, -1895137280, -1552310272, -1103065088, -1100779520, -933789696, -793612288, 170373120, 232382464, 811126784, 838107136, 1104723968, 1172209664, 1231294464, 1479561216, 1739259904, 1847975936], userId: 10
06-16 09:43:55.252  2630  2996 V PackageManager: [a38b012b-e888-42cc-8781-5222dd4f0ab0] Phase1 called; posting
06-16 09:43:55.252  2630  2630 D PackageManager: [a38b012b-e888-42cc-8781-5222dd4f0ab0] Phase1 request; prefix: [-2130968576, -1663873024, -1552310272, -1527365632, -1460948992, -1315450880, -1294258176, -1153761280, -996532224, -826535936, -753606656, 12890112, 646692864, 703234048, 705593344, 907558912, 1199362048, 1435746304, 1719697408], userId: 10
06-16 09:43:55.268  2630  2996 V PackageManager: [62ba6cb9-ca9a-4a7c-8dd1-9157b3fc28f2] Phase1 called; posting
06-16 09:43:55.269  2630  2630 D PackageManager: [62ba6cb9-ca9a-4a7c-8dd1-9157b3fc28f2] Phase1 request; prefix: [-2130968576, -1552310272, -1544900608, -1441669120, -1355534336, -1136009216, -1089155072, -830607360, -162750464, 208932864, 455954432, 537759744, 746528768, 1177006080, 1335545856, 1716142080, 1986609152, 1994326016, 2108375040], userId: 10
06-16 09:46:30.126  1382  2185 I chatty  : uid=1000(system) Binder:1382_5 expire 4 lines
06-16 09:47:44.120  1382  1450 I chatty  : uid=1000(system) android.fg expire 7 lines
06-16 09:47:49.593  2630  2873 V PackageManager: [08ffae9f-b6ed-4edb-bccf-befd847da5c4] Phase1 called; posting
06-16 09:47:49.593  2630  2630 D PackageManager: [08ffae9f-b6ed-4edb-bccf-befd847da5c4] Phase1 request; prefix: [-1511378944, -1492828160, -1396027392, -1078239232, -724971520, -312565760, 166416384, 420691968, 477122560, 863191040, 1078013952, 1412071424, 1460916224, 1942667264], userId: 0
06-16 09:47:49.609  2630  2649 V PackageManager: [31f944de-d0ff-460a-9809-7ca53b48e6cd] Phase1 called; posting
06-16 09:47:49.609  2630  2630 D PackageManager: [31f944de-d0ff-460a-9809-7ca53b48e6cd] Phase1 request; prefix: [-2130968576, -1665585152, -1552310272, -1288736768, -1286938624, -601853952, -482922496, -448335872, -107393024, 72036352, 409235456, 664301568, 678158336, 896163840, 901054464, 948400128, 1233674240, 1490776064, 1550340096, 1935118336, 1963380736], userId: 0
06-16 09:47:49.623  2630  2873 V PackageManager: [6b754da0-6ad9-46c8-b76f-698631a398c7] Phase1 called; posting
06-16 09:47:49.623  2630  2630 D PackageManager: [6b754da0-6ad9-46c8-b76f-698631a398c7] Phase1 request; prefix: [-2130968576, -1622261760, -1552310272, -1195929600, -420757504, -406249472, -248643584, -220319744, -119222272, 40497152, 246521856, 526462976, 708673536, 717746176, 794103808, 824213504, 1070239744, 1087922176, 1950121984, 2023518208], userId: 0
06-16 09:47:49.641  2630  2873 V PackageManager: [85af683d-0f8d-4a82-9edf-be5569451c75] Phase1 called; posting
06-16 09:47:49.642  2630  2630 D PackageManager: [85af683d-0f8d-4a82-9edf-be5569451c75] Phase1 request; prefix: [-2130968576, -1745108992, -1579880448, -1552310272, -1515905024, -1009639424, -729645056, -314675200, 488984576, 1764511744, 1906356224, 1967005696, 1999507456, 2020970496, 2056663040], userId: 0
06-16 09:47:49.654  2630  2873 V PackageManager: [3ec26655-7914-4766-b8df-d3cd3ba7d4f6] Phase1 called; posting
06-16 09:47:49.655  2630  2630 D PackageManager: [3ec26655-7914-4766-b8df-d3cd3ba7d4f6] Phase1 request; prefix: [-2130968576, -1552310272, -1480876032, -855879680, -608718848, -418181120, 522403840, 556511232, 1051439104, 1421582336, 1730822144, 2097160192], userId: 0
06-16 09:47:50.292  1382  5195 I chatty  : uid=1000(system) Binder:1382_20 expire 2 lines
06-16 09:48:07.879  1382  1382 I chatty  : uid=1000 system_server expire 10 lines
06-16 09:48:08.239  1382  1453 I chatty  : uid=1000(system) android.display expire 14 lines
06-16 09:48:08.334  1382  1473 I chatty  : uid=1000(system) batterystats-wo expire 8 lines
06-16 09:48:08.335  1382  4176 I chatty  : uid=1000(system) Binder:1382_12 expire 7 lines
06-16 09:48:08.335  1382  1417 I chatty  : uid=1000(system) Binder:1382_2 expire 6 lines
06-16 09:48:08.398  1382  2186 I chatty  : uid=1000(system) Binder:1382_6 expire 5 lines
06-16 09:48:08.569  1382  4918 I chatty  : uid=1000(system) Binder:1382_1B expire 3 lines
06-16 09:48:36.944  1382  4940 I chatty  : uid=1000(system) Binder:1382_1E expire 5 lines
06-16 09:48:37.015  1382  4846 I chatty  : uid=1000(system) Binder:1382_17 expire 1 line
06-16 09:48:37.051  1382  4938 I chatty  : uid=1000(system) Binder:1382_1D expire 5 lines
06-16 09:48:37.099  1382  2454 I chatty  : uid=1000(system) Binder:1382_B expire 3 lines
06-16 09:48:37.102  1382  5192 I chatty  : uid=1000(system) Binder:1382_1F expire 3 lines
06-16 09:48:39.317 23240 23240 E LoadedApk: Unable to instantiate appComponentFactory
06-16 09:48:39.317 23240 23240 E LoadedApk: java.lang.ClassNotFoundException: Didn't find class "androidx.core.app.CoreComponentFactory" on path: DexPathList[[zip file "/data/app/com.instagram.android-g99g_SfXc33GdHoKNn7sAQ==/base.apk", zip file "/data/app/com.instagram.android-g99g_SfXc33GdHoKNn7sAQ==/split_arservicesforpersonsegmentation.apk", zip file "/data/app/com.instagram.android-g99g_SfXc33GdHoKNn7sAQ==/split_caffe2.apk"],nativeLibraryDirectories=[/data/app/com.instagram.android-g99g_SfXc33GdHoKNn7sAQ==/lib/arm64, /data/app/com.instagram.android-g99g_SfXc33GdHoKNn7sAQ==/base.apk!/lib/arm64-v8a, /data/app/com.instagram.android-g99g_SfXc33GdHoKNn7sAQ==/split_arservicesforpersonsegmentation.apk!/lib/arm64-v8a, /data/app/com.instagram.android-g99g_SfXc33GdHoKNn7sAQ==/split_caffe2.apk!/lib/arm64-v8a, /system/lib64, /product/lib64]]
06-16 09:48:39.317 23240 23240 E LoadedApk: 	at dalvik.system.BaseDexClassLoader.findClass(BaseDexClassLoader.java:196)
06-16 09:48:39.317 23240 23240 E LoadedApk: 	at java.lang.ClassLoader.loadClass(ClassLoader.java:379)
06-16 09:48:39.317 23240 23240 E LoadedApk: 	at java.lang.ClassLoader.loadClass(ClassLoader.java:312)
06-16 09:48:39.317 23240 23240 E LoadedApk: 	at android.app.LoadedApk.createAppFactory(LoadedApk.java:256)
06-16 09:48:39.317 23240 23240 E LoadedApk: 	at android.app.LoadedApk.createOrUpdateClassLoaderLocked(LoadedApk.java:855)
06-16 09:48:39.317 23240 23240 E LoadedApk: 	at android.app.LoadedApk.getClassLoader(LoadedApk.java:950)
06-16 09:48:39.317 23240 23240 E LoadedApk: 	at android.app.LoadedApk.getResources(LoadedApk.java:1188)
06-16 09:48:39.317 23240 23240 E LoadedApk: 	at android.app.ContextImpl.createAppContext(ContextImpl.java:2462)
06-16 09:48:39.317 23240 23240 E LoadedApk: 	at android.app.ContextImpl.createAppContext(ContextImpl.java:2454)
06-16 09:48:39.317 23240 23240 E LoadedApk: 	at android.app.ActivityThread.handleBindApplication(ActivityThread.java:6343)
06-16 09:48:39.317 23240 23240 E LoadedApk: 	at android.app.ActivityThread.access$1300(ActivityThread.java:219)
06-16 09:48:39.317 23240 23240 E LoadedApk: 	at android.app.ActivityThread$H.handleMessage(ActivityThread.java:1859)
06-16 09:48:39.317 23240 23240 E LoadedApk: 	at android.os.Handler.dispatchMessage(Handler.java:107)
06-16 09:48:39.317 23240 23240 E LoadedApk: 	at android.os.Looper.loop(Looper.java:214)
06-16 09:48:39.317 23240 23240 E LoadedApk: 	at android.app.ActivityThread.main(ActivityThread.java:7356)
06-16 09:48:39.317 23240 23240 E LoadedApk: 	at java.lang.reflect.Method.invoke(Native Method)
06-16 09:48:39.317 23240 23240 E LoadedApk: 	at com.android.internal.os.RuntimeInit$MethodAndArgsCaller.run(RuntimeInit.java:492)
06-16 09:48:39.317 23240 23240 E LoadedApk: 	at com.android.internal.os.ZygoteInit.main(ZygoteInit.java:930)
06-16 09:48:39.317 23240 23240 E LoadedApk: 	Suppressed: java.io.IOException: No original dex files found for dex location /data/app/com.instagram.android-g99g_SfXc33GdHoKNn7sAQ==/split_arservicesforpersonsegmentation.apk
06-16 09:48:39.317 23240 23240 E LoadedApk: 		at dalvik.system.DexFile.openDexFileNative(Native Method)
06-16 09:48:39.317 23240 23240 E LoadedApk: 		at dalvik.system.DexFile.openDexFile(DexFile.java:365)
06-16 09:48:39.317 23240 23240 E LoadedApk: 		at dalvik.system.DexFile.<init>(DexFile.java:107)
06-16 09:48:39.317 23240 23240 E LoadedApk: 		at dalvik.system.DexFile.<init>(DexFile.java:80)
06-16 09:48:39.317 23240 23240 E LoadedApk: 		at dalvik.system.DexPathList.loadDexFile(DexPathList.java:444)
06-16 09:48:39.317 23240 23240 E LoadedApk: 		at dalvik.system.DexPathList.makeDexElements(DexPathList.java:403)
06-16 09:48:39.317 23240 23240 E LoadedApk: 		at dalvik.system.DexPathList.<init>(DexPathList.java:164)
06-16 09:48:39.317 23240 23240 E LoadedApk: 		at dalvik.system.BaseDexClassLoader.<init>(BaseDexClassLoader.java:126)
06-16 09:48:39.317 23240 23240 E LoadedApk: 		at dalvik.system.BaseDexClassLoader.<init>(BaseDexClassLoader.java:101)
06-16 09:48:39.317 23240 23240 E LoadedApk: 		at dalvik.system.PathClassLoader.<init>(PathClassLoader.java:74)
06-16 09:48:39.317 23240 23240 E LoadedApk: 		at com.android.internal.os.ClassLoaderFactory.createClassLoader(ClassLoaderFactory.java:87)
06-16 09:48:39.317 23240 23240 E LoadedApk: 		at com.android.internal.os.ClassLoaderFactory.createClassLoader(ClassLoaderFactory.java:116)
06-16 09:48:39.317 23240 23240 E LoadedApk: 		at android.app.ApplicationLoaders.getClassLoader(ApplicationLoaders.java:114)
06-16 09:48:39.317 23240 23240 E LoadedApk: 		at android.app.ApplicationLoaders.getClassLoaderWithSharedLibraries(ApplicationLoaders.java:60)
06-16 09:48:39.317 23240 23240 E LoadedApk: 		at android.app.LoadedApk.createOrUpdateClassLoaderLocked(LoadedApk.java:851)
06-16 09:48:39.317 23240 23240 E LoadedApk: 		... 13 more
06-16 09:48:39.317 23240 23240 E LoadedApk: 	Suppressed: java.io.IOException: No original dex files found for dex location /data/app/com.instagram.android-g99g_SfXc33GdHoKNn7sAQ==/split_caffe2.apk
06-16 09:48:39.317 23240 23240 E LoadedApk: 		at dalvik.system.DexFile.openDexFileNative(Native Method)
06-16 09:48:39.317 23240 23240 E LoadedApk: 		at dalvik.system.DexFile.openDexFile(DexFile.java:365)
06-16 09:48:39.317 23240 23240 E LoadedApk: 		at dalvik.system.DexFile.<init>(DexFile.java:107)
06-16 09:48:39.317 23240 23240 E LoadedApk: 		at dalvik.system.DexFile.<init>(DexFile.java:80)
06-16 09:48:39.317 23240 23240 E LoadedApk: 		at dalvik.system.DexPathList.loadDexFile(DexPathList.java:444)
06-16 09:48:39.317 23240 23240 E LoadedApk: 		at dalvik.system.DexPathList.makeDexElements(DexPathList.java:403)
06-16 09:48:39.317 23240 23240 E LoadedApk: 		at dalvik.system.DexPathList.<init>(DexPathList.java:164)
06-16 09:48:39.317 23240 23240 E LoadedApk: 		at dalvik.system.BaseDexClassLoader.<init>(BaseDexClassLoader.java:126)
06-16 09:48:39.317 23240 23240 E LoadedApk: 		at dalvik.system.BaseDexClassLoader.<init>(BaseDexClassLoader.java:101)
06-16 09:48:39.317 23240 23240 E LoadedApk: 		at dalvik.system.PathClassLoader.<init>(PathClassLoa
06-16 09:48:40.208 23412 23412 E LoadedApk: Unable to instantiate appComponentFactory
06-16 09:48:40.208 23412 23412 E LoadedApk: java.lang.ClassNotFoundException: Didn't find class "androidx.core.app.CoreComponentFactory" on path: DexPathList[[zip file "/data/app/com.instagram.android-g99g_SfXc33GdHoKNn7sAQ==/base.apk", zip file "/data/app/com.instagram.android-g99g_SfXc33GdHoKNn7sAQ==/split_arservicesforpersonsegmentation.apk", zip file "/data/app/com.instagram.android-g99g_SfXc33GdHoKNn7sAQ==/split_caffe2.apk"],nativeLibraryDirectories=[/data/app/com.instagram.android-g99g_SfXc33GdHoKNn7sAQ==/lib/arm64, /data/app/com.instagram.android-g99g_SfXc33GdHoKNn7sAQ==/base.apk!/lib/arm64-v8a, /data/app/com.instagram.android-g99g_SfXc33GdHoKNn7sAQ==/split_arservicesforpersonsegmentation.apk!/lib/arm64-v8a, /data/app/com.instagram.android-g99g_SfXc33GdHoKNn7sAQ==/split_caffe2.apk!/lib/arm64-v8a, /system/lib64, /product/lib64]]
06-16 09:48:40.208 23412 23412 E LoadedApk: 	at dalvik.system.BaseDexClassLoader.findClass(BaseDexClassLoader.java:196)
06-16 09:48:40.208 23412 23412 E LoadedApk: 	at java.lang.ClassLoader.loadClass(ClassLoader.java:379)
06-16 09:48:40.208 23412 23412 E LoadedApk: 	at java.lang.ClassLoader.loadClass(ClassLoader.java:312)
06-16 09:48:40.208 23412 23412 E LoadedApk: 	at android.app.LoadedApk.createAppFactory(LoadedApk.java:256)
06-16 09:48:40.208 23412 23412 E LoadedApk: 	at android.app.LoadedApk.createOrUpdateClassLoaderLocked(LoadedApk.java:855)
06-16 09:48:40.208 23412 23412 E LoadedApk: 	at android.app.LoadedApk.getClassLoader(LoadedApk.java:950)
06-16 09:48:40.208 23412 23412 E LoadedApk: 	at android.app.LoadedApk.getResources(LoadedApk.java:1188)
06-16 09:48:40.208 23412 23412 E LoadedApk: 	at android.app.ContextImpl.createAppContext(ContextImpl.java:2462)
06-16 09:48:40.208 23412 23412 E LoadedApk: 	at android.app.ContextImpl.createAppContext(ContextImpl.java:2454)
06-16 09:48:40.208 23412 23412 E LoadedApk: 	at android.app.ActivityThread.handleBindApplication(ActivityThread.java:6343)
06-16 09:48:40.208 23412 23412 E LoadedApk: 	at android.app.ActivityThread.access$1300(ActivityThread.java:219)
06-16 09:48:40.208 23412 23412 E LoadedApk: 	at android.app.ActivityThread$H.handleMessage(ActivityThread.java:1859)
06-16 09:48:40.208 23412 23412 E LoadedApk: 	at android.os.Handler.dispatchMessage(Handler.java:107)
06-16 09:48:40.208 23412 23412 E LoadedApk: 	at android.os.Looper.loop(Looper.java:214)
06-16 09:48:40.208 23412 23412 E LoadedApk: 	at android.app.ActivityThread.main(ActivityThread.java:7356)
06-16 09:48:40.208 23412 23412 E LoadedApk: 	at java.lang.reflect.Method.invoke(Native Method)
06-16 09:48:40.208 23412 23412 E LoadedApk: 	at com.android.internal.os.RuntimeInit$MethodAndArgsCaller.run(RuntimeInit.java:492)
06-16 09:48:40.208 23412 23412 E LoadedApk: 	at com.android.internal.os.ZygoteInit.main(ZygoteInit.java:930)
06-16 09:48:40.208 23412 23412 E LoadedApk: 	Suppressed: java.io.IOException: No original dex files found for dex location /data/app/com.instagram.android-g99g_SfXc33GdHoKNn7sAQ==/split_arservicesforpersonsegmentation.apk
06-16 09:48:40.208 23412 23412 E LoadedApk: 		at dalvik.system.DexFile.openDexFileNative(Native Method)
06-16 09:48:40.208 23412 23412 E LoadedApk: 		at dalvik.system.DexFile.openDexFile(DexFile.java:365)
06-16 09:48:40.208 23412 23412 E LoadedApk: 		at dalvik.system.DexFile.<init>(DexFile.java:107)
06-16 09:48:40.208 23412 23412 E LoadedApk: 		at dalvik.system.DexFile.<init>(DexFile.java:80)
06-16 09:48:40.208 23412 23412 E LoadedApk: 		at dalvik.system.DexPathList.loadDexFile(DexPathList.java:444)
06-16 09:48:40.208 23412 23412 E LoadedApk: 		at dalvik.system.DexPathList.makeDexElements(DexPathList.java:403)
06-16 09:48:40.208 23412 23412 E LoadedApk: 		at dalvik.system.DexPathList.<init>(DexPathList.java:164)
06-16 09:48:40.208 23412 23412 E LoadedApk: 		at dalvik.system.BaseDexClassLoader.<init>(BaseDexClassLoader.java:126)
06-16 09:48:40.208 23412 23412 E LoadedApk: 		at dalvik.system.BaseDexClassLoader.<init>(BaseDexClassLoader.java:101)
06-16 09:48:40.208 23412 23412 E LoadedApk: 		at dalvik.system.PathClassLoader.<init>(PathClassLoader.java:74)
06-16 09:48:40.208 23412 23412 E LoadedApk: 		at com.android.internal.os.ClassLoaderFactory.createClassLoader(ClassLoaderFactory.java:87)
06-16 09:48:40.208 23412 23412 E LoadedApk: 		at com.android.internal.os.ClassLoaderFactory.createClassLoader(ClassLoaderFactory.java:116)
06-16 09:48:40.208 23412 23412 E LoadedApk: 		at android.app.ApplicationLoaders.getClassLoader(ApplicationLoaders.java:114)
06-16 09:48:40.208 23412 23412 E LoadedApk: 		at android.app.ApplicationLoaders.getClassLoaderWithSharedLibraries(ApplicationLoaders.java:60)
06-16 09:48:40.208 23412 23412 E LoadedApk: 		at android.app.LoadedApk.createOrUpdateClassLoaderLocked(LoadedApk.java:851)
06-16 09:48:40.208 23412 23412 E LoadedApk: 		... 13 more
06-16 09:48:40.208 23412 23412 E LoadedApk: 	Suppressed: java.io.IOException: No original dex files found for dex location /data/app/com.instagram.android-g99g_SfXc33GdHoKNn7sAQ==/split_caffe2.apk
06-16 09:48:40.208 23412 23412 E LoadedApk: 		at dalvik.system.DexFile.openDexFileNative(Native Method)
06-16 09:48:40.208 23412 23412 E LoadedApk: 		at dalvik.system.DexFile.openDexFile(DexFile.java:365)
06-16 09:48:40.208 23412 23412 E LoadedApk: 		at dalvik.system.DexFile.<init>(DexFile.java:107)
06-16 09:48:40.208 23412 23412 E LoadedApk: 		at dalvik.system.DexFile.<init>(DexFile.java:80)
06-16 09:48:40.208 23412 23412 E LoadedApk: 		at dalvik.system.DexPathList.loadDexFile(DexPathList.java:444)
06-16 09:48:40.208 23412 23412 E LoadedApk: 		at dalvik.system.DexPathList.makeDexElements(DexPathList.java:403)
06-16 09:48:40.208 23412 23412 E LoadedApk: 		at dalvik.system.DexPathList.<init>(DexPathList.java:164)
06-16 09:48:40.208 23412 23412 E LoadedApk: 		at dalvik.system.BaseDexClassLoader.<init>(BaseDexClassLoader.java:126)
06-16 09:48:40.208 23412 23412 E LoadedApk: 		at dalvik.system.BaseDexClassLoader.<init>(BaseDexClassLoader.java:101)
06-16 09:48:40.208 23412 23412 E LoadedApk: 		at dalvik.system.PathClassLoader.<init>(PathClassLoa
06-16 09:48:40.237 23427 23427 E LoadedApk: Unable to instantiate appComponentFactory
06-16 09:48:40.237 23427 23427 E LoadedApk: java.lang.ClassNotFoundException: Didn't find class "androidx.core.app.CoreComponentFactory" on path: DexPathList[[zip file "/data/app/com.instagram.android-g99g_SfXc33GdHoKNn7sAQ==/base.apk", zip file "/data/app/com.instagram.android-g99g_SfXc33GdHoKNn7sAQ==/split_arservicesforpersonsegmentation.apk", zip file "/data/app/com.instagram.android-g99g_SfXc33GdHoKNn7sAQ==/split_caffe2.apk"],nativeLibraryDirectories=[/data/app/com.instagram.android-g99g_SfXc33GdHoKNn7sAQ==/lib/arm64, /data/app/com.instagram.android-g99g_SfXc33GdHoKNn7sAQ==/base.apk!/lib/arm64-v8a, /data/app/com.instagram.android-g99g_SfXc33GdHoKNn7sAQ==/split_arservicesforpersonsegmentation.apk!/lib/arm64-v8a, /data/app/com.instagram.android-g99g_SfXc33GdHoKNn7sAQ==/split_caffe2.apk!/lib/arm64-v8a, /system/lib64, /product/lib64]]
06-16 09:48:40.237 23427 23427 E LoadedApk: 	at dalvik.system.BaseDexClassLoader.findClass(BaseDexClassLoader.java:196)
06-16 09:48:40.237 23427 23427 E LoadedApk: 	at java.lang.ClassLoader.loadClass(ClassLoader.java:379)
06-16 09:48:40.237 23427 23427 E LoadedApk: 	at java.lang.ClassLoader.loadClass(ClassLoader.java:312)
06-16 09:48:40.237 23427 23427 E LoadedApk: 	at android.app.LoadedApk.createAppFactory(LoadedApk.java:256)
06-16 09:48:40.237 23427 23427 E LoadedApk: 	at android.app.LoadedApk.createOrUpdateClassLoaderLocked(LoadedApk.java:855)
06-16 09:48:40.237 23427 23427 E LoadedApk: 	at android.app.LoadedApk.getClassLoader(LoadedApk.java:950)
06-16 09:48:40.237 23427 23427 E LoadedApk: 	at android.app.LoadedApk.getResources(LoadedApk.java:1188)
06-16 09:48:40.237 23427 23427 E LoadedApk: 	at android.app.ContextImpl.createAppContext(ContextImpl.java:2462)
06-16 09:48:40.237 23427 23427 E LoadedApk: 	at android.app.ContextImpl.createAppContext(ContextImpl.java:2454)
06-16 09:48:40.237 23427 23427 E LoadedApk: 	at android.app.ActivityThread.handleBindApplication(ActivityThread.java:6343)
06-16 09:48:40.237 23427 23427 E LoadedApk: 	at android.app.ActivityThread.access$1300(ActivityThread.java:219)
06-16 09:48:40.237 23427 23427 E LoadedApk: 	at android.app.ActivityThread$H.handleMessage(ActivityThread.java:1859)
06-16 09:48:40.237 23427 23427 E LoadedApk: 	at android.os.Handler.dispatchMessage(Handler.java:107)
06-16 09:48:40.237 23427 23427 E LoadedApk: 	at android.os.Looper.loop(Looper.java:214)
06-16 09:48:40.237 23427 23427 E LoadedApk: 	at android.app.ActivityThread.main(ActivityThread.java:7356)
06-16 09:48:40.237 23427 23427 E LoadedApk: 	at java.lang.reflect.Method.invoke(Native Method)
06-16 09:48:40.237 23427 23427 E LoadedApk: 	at com.android.internal.os.RuntimeInit$MethodAndArgsCaller.run(RuntimeInit.java:492)
06-16 09:48:40.237 23427 23427 E LoadedApk: 	at com.android.internal.os.ZygoteInit.main(ZygoteInit.java:930)
06-16 09:48:40.237 23427 23427 E LoadedApk: 	Suppressed: java.io.IOException: No original dex files found for dex location /data/app/com.instagram.android-g99g_SfXc33GdHoKNn7sAQ==/split_arservicesforpersonsegmentation.apk
06-16 09:48:40.237 23427 23427 E LoadedApk: 		at dalvik.system.DexFile.openDexFileNative(Native Method)
