06-15 23:55:43.074  1382  2760 I chatty  : uid=1000(system) Binder:1382_C expire 2 lines
06-15 23:55:43.370  1382  2058 I chatty  : uid=1000(system) Binder:1382_4 expire 3 lines
06-15 23:55:50.265  1382  4938 I chatty  : uid=1000(system) Binder:1382_1D expire 3 lines
06-15 23:55:51.409  1382  2185 I chatty  : uid=1000(system) Binder:1382_5 expire 7 lines
06-15 23:55:51.517  1382  1463 I chatty  : uid=1000(system) android.bg expire 1 line
06-15 23:55:58.022  8029  8029 E ExtAssistant: Error occurred processing removal of StatusBarNotification(pkg=com.google.android.gms user=UserHandle{0} id=0 tag=com.google.android.gms.auth.TokenNotificationManager:gharelease5@gmail.com:com.google key=0|com.google.android.gms|0|com.google.android.gms.auth.TokenNotificationManager:gharelease5@gmail.com:com.google|10149: Notification(channel=com.google.android.gms.auth.base.Notifications.AuthGroup.AccountReauth pri=0 contentView=null vibrate=null sound=null tick defaults=0x0 flags=0xa color=0x00000000 vis=PRIVATE))
06-15 23:55:58.022  8029  8029 E ExtAssistant: java.lang.NullPointerException: Attempt to invoke virtual method 'android.app.NotificationChannel android.ext.services.notification.NotificationEntry.getChannel()' on a null object reference
06-15 23:55:58.022  8029  8029 E ExtAssistant: 	at android.ext.services.notification.Assistant.onNotificationRemoved(Assistant.java:323)
06-15 23:55:58.022  8029  8029 E ExtAssistant: 	at android.service.notification.NotificationListenerService$MyHandler.handleMessage(NotificationListenerService.java:2045)
06-15 23:55:58.022  8029  8029 E ExtAssistant: 	at android.os.Handler.dispatchMessage(Handler.java:107)
06-15 23:55:58.022  8029  8029 E ExtAssistant: 	at android.os.Looper.loop(Looper.java:214)
06-15 23:55:58.022  8029  8029 E ExtAssistant: 	at android.app.ActivityThread.main(ActivityThread.java:7356)
06-15 23:55:58.022  8029  8029 E ExtAssistant: 	at java.lang.reflect.Method.invoke(Native Method)
06-15 23:55:58.022  8029  8029 E ExtAssistant: 	at com.android.internal.os.RuntimeInit$MethodAndArgsCaller.run(RuntimeInit.java:492)
06-15 23:55:58.022  8029  8029 E ExtAssistant: 	at com.android.internal.os.ZygoteInit.main(ZygoteInit.java:930)
06-15 23:55:58.354  1382  1465 I chatty  : uid=1000(system) ActivityManager expire 18 lines
06-15 23:55:59.789  1382  4216 I chatty  : uid=1000(system) Binder:1382_13 expire 1 line
06-15 23:56:00.291 13103 13103 E LoadedApk: Unable to instantiate appComponentFactory
06-15 23:56:00.291 13103 13103 E LoadedApk: java.lang.ClassNotFoundException: Didn't find class "androidx.core.app.CoreComponentFactory" on path: DexPathList[[zip file "/data/app/com.facebook.mlite-UsbQyraMKLqNgAS5Du0GcQ==/base.apk"],nativeLibraryDirectories=[/data/app/com.facebook.mlite-UsbQyraMKLqNgAS5Du0GcQ==/lib/arm64, /data/app/com.facebook.mlite-UsbQyraMKLqNgAS5Du0GcQ==/base.apk!/lib/arm64-v8a, /system/lib64, /product/lib64]]
06-15 23:56:00.291 13103 13103 E LoadedApk: 	at dalvik.system.BaseDexClassLoader.findClass(BaseDexClassLoader.java:196)
06-15 23:56:00.291 13103 13103 E LoadedApk: 	at java.lang.ClassLoader.loadClass(ClassLoader.java:379)
06-15 23:56:00.291 13103 13103 E LoadedApk: 	at java.lang.ClassLoader.loadClass(ClassLoader.java:312)
06-15 23:56:00.291 13103 13103 E LoadedApk: 	at android.app.LoadedApk.createAppFactory(LoadedApk.java:256)
06-15 23:56:00.291 13103 13103 E LoadedApk: 	at android.app.LoadedApk.createOrUpdateClassLoaderLocked(LoadedApk.java:855)
06-15 23:56:00.291 13103 13103 E LoadedApk: 	at android.app.LoadedApk.getClassLoader(LoadedApk.java:950)
06-15 23:56:00.291 13103 13103 E LoadedApk: 	at android.app.LoadedApk.getResources(LoadedApk.java:1188)
06-15 23:56:00.291 13103 13103 E LoadedApk: 	at android.app.ContextImpl.createAppContext(ContextImpl.java:2462)
06-15 23:56:00.291 13103 13103 E LoadedApk: 	at android.app.ContextImpl.createAppContext(ContextImpl.java:2454)
06-15 23:56:00.291 13103 13103 E LoadedApk: 	at android.app.ActivityThread.handleBindApplication(ActivityThread.java:6343)
06-15 23:56:00.291 13103 13103 E LoadedApk: 	at android.app.ActivityThread.access$1300(ActivityThread.java:219)
06-15 23:56:00.291 13103 13103 E LoadedApk: 	at android.app.ActivityThread$H.handleMessage(ActivityThread.java:1859)
06-15 23:56:00.291 13103 13103 E LoadedApk: 	at android.os.Handler.dispatchMessage(Handler.java:107)
06-15 23:56:00.291 13103 13103 E LoadedApk: 	at android.os.Looper.loop(Looper.java:214)
06-15 23:56:00.291 13103 13103 E LoadedApk: 	at android.app.ActivityThread.main(ActivityThread.java:7356)
06-15 23:56:00.291 13103 13103 E LoadedApk: 	at java.lang.reflect.Method.invoke(Native Method)
06-15 23:56:00.291 13103 13103 E LoadedApk: 	at com.android.internal.os.RuntimeInit$MethodAndArgsCaller.run(RuntimeInit.java:492)
06-15 23:56:00.291 13103 13103 E LoadedApk: 	at com.android.internal.os.ZygoteInit.main(ZygoteInit.java:930)
06-15 23:56:01.436  1382  4176 I chatty  : uid=1000(system) Binder:1382_12 expire 3 lines
06-15 23:56:14.809  1382  2453 I chatty  : uid=1000(system) Binder:1382_A expire 1 line
06-15 23:56:14.917 13357 13357 E LoadedApk: Unable to instantiate appComponentFactory
06-15 23:56:14.917 13357 13357 E LoadedApk: java.lang.ClassNotFoundException: Didn't find class "androidx.core.app.CoreComponentFactory" on path: DexPathList[[zip file "/data/app/com.instagram.android-g99g_SfXc33GdHoKNn7sAQ==/base.apk", zip file "/data/app/com.instagram.android-g99g_SfXc33GdHoKNn7sAQ==/split_arservicesforpersonsegmentation.apk", zip file "/data/app/com.instagram.android-g99g_SfXc33GdHoKNn7sAQ==/split_caffe2.apk"],nativeLibraryDirectories=[/data/app/com.instagram.android-g99g_SfXc33GdHoKNn7sAQ==/lib/arm64, /data/app/com.instagram.android-g99g_SfXc33GdHoKNn7sAQ==/base.apk!/lib/arm64-v8a, /data/app/com.instagram.android-g99g_SfXc33GdHoKNn7sAQ==/split_arservicesforpersonsegmentation.apk!/lib/arm64-v8a, /data/app/com.instagram.android-g99g_SfXc33GdHoKNn7sAQ==/split_caffe2.apk!/lib/arm64-v8a, /system/lib64, /product/lib64]]
06-15 23:56:14.917 13357 13357 E LoadedApk: 	at dalvik.system.BaseDexClassLoader.findClass(BaseDexClassLoader.java:196)
06-15 23:56:14.917 13357 13357 E LoadedApk: 	at java.lang.ClassLoader.loadClass(ClassLoader.java:379)
06-15 23:56:14.917 13357 13357 E LoadedApk: 	at java.lang.ClassLoader.loadClass(ClassLoader.java:312)
06-15 23:56:14.917 13357 13357 E LoadedApk: 	at android.app.LoadedApk.createAppFactory(LoadedApk.java:256)
06-15 23:56:14.917 13357 13357 E LoadedApk: 	at android.app.LoadedApk.createOrUpdateClassLoaderLocked(LoadedApk.java:855)
06-15 23:56:14.917 13357 13357 E LoadedApk: 	at android.app.LoadedApk.getClassLoader(LoadedApk.java:950)
06-15 23:56:14.917 13357 13357 E LoadedApk: 	at android.app.LoadedApk.getResources(LoadedApk.java:1188)
06-15 23:56:14.917 13357 13357 E LoadedApk: 	at android.app.ContextImpl.createAppContext(ContextImpl.java:2462)
06-15 23:56:14.917 13357 13357 E LoadedApk: 	at android.app.ContextImpl.createAppContext(ContextImpl.java:2454)
06-15 23:56:14.917 13357 13357 E LoadedApk: 	at android.app.ActivityThread.handleBindApplication(ActivityThread.java:6343)
06-15 23:56:14.917 13357 13357 E LoadedApk: 	at android.app.ActivityThread.access$1300(ActivityThread.java:219)
06-15 23:56:14.917 13357 13357 E LoadedApk: 	at android.app.ActivityThread$H.handleMessage(ActivityThread.java:1859)
06-15 23:56:14.917 13357 13357 E LoadedApk: 	at android.os.Handler.dispatchMessage(Handler.java:107)
06-15 23:56:14.917 13357 13357 E LoadedApk: 	at android.os.Looper.loop(Looper.java:214)
06-15 23:56:14.917 13357 13357 E LoadedApk: 	at android.app.ActivityThread.main(ActivityThread.java:7356)
06-15 23:56:14.917 13357 13357 E LoadedApk: 	at java.lang.reflect.Method.invoke(Native Method)
06-15 23:56:14.917 13357 13357 E LoadedApk: 	at com.android.internal.os.RuntimeInit$MethodAndArgsCaller.run(RuntimeInit.java:492)
06-15 23:56:14.917 13357 13357 E LoadedApk: 	at com.android.internal.os.ZygoteInit.main(ZygoteInit.java:930)
06-15 23:56:14.917 13357 13357 E LoadedApk: 	Suppressed: java.io.IOException: No original dex files found for dex location /data/app/com.instagram.android-g99g_SfXc33GdHoKNn7sAQ==/split_arservicesforpersonsegmentation.apk
06-15 23:56:14.917 13357 13357 E LoadedApk: 		at dalvik.system.DexFile.openDexFileNative(Native Method)
06-15 23:56:14.917 13357 13357 E LoadedApk: 		at dalvik.system.DexFile.openDexFile(DexFile.java:365)
06-15 23:56:14.917 13357 13357 E LoadedApk: 		at dalvik.system.DexFile.<init>(DexFile.java:107)
06-15 23:56:14.917 13357 13357 E LoadedApk: 		at dalvik.system.DexFile.<init>(DexFile.java:80)
06-15 23:56:14.917 13357 13357 E LoadedApk: 		at dalvik.system.DexPathList.loadDexFile(DexPathList.java:444)
06-15 23:56:14.917 13357 13357 E LoadedApk: 		at dalvik.system.DexPathList.makeDexElements(DexPathList.java:403)
06-15 23:56:14.917 13357 13357 E LoadedApk: 		at dalvik.system.DexPathList.<init>(DexPathList.java:164)
06-15 23:56:14.917 13357 13357 E LoadedApk: 		at dalvik.system.BaseDexClassLoader.<init>(BaseDexClassLoader.java:126)
06-15 23:56:14.917 13357 13357 E LoadedApk: 		at dalvik.system.BaseDexClassLoader.<init>(BaseDexClassLoader.java:101)
06-15 23:56:14.917 13357 13357 E LoadedApk: 		at dalvik.system.PathClassLoader.<init>(PathClassLoader.java:74)
06-15 23:56:14.917 13357 13357 E LoadedApk: 		at com.android.internal.os.ClassLoaderFactory.createClassLoader(ClassLoaderFactory.java:87)
06-15 23:56:14.917 13357 13357 E LoadedApk: 		at com.android.internal.os.ClassLoaderFactory.createClassLoader(ClassLoaderFactory.java:116)
06-15 23:56:14.917 13357 13357 E LoadedApk: 		at android.app.ApplicationLoaders.getClassLoader(ApplicationLoaders.java:114)
06-15 23:56:14.917 13357 13357 E LoadedApk: 		at android.app.ApplicationLoaders.getClassLoaderWithSharedLibraries(ApplicationLoaders.java:60)
06-15 23:56:14.917 13357 13357 E LoadedApk: 		at android.app.LoadedApk.createOrUpdateClassLoaderLocked(LoadedApk.java:851)
06-15 23:56:14.917 13357 13357 E LoadedApk: 		... 13 more
06-15 23:56:14.917 13357 13357 E LoadedApk: 	Suppressed: java.io.IOException: No original dex files found for dex location /data/app/com.instagram.android-g99g_SfXc33GdHoKNn7sAQ==/split_caffe2.apk
06-15 23:56:14.917 13357 13357 E LoadedApk: 		at dalvik.system.DexFile.openDexFileNative(Native Method)
06-15 23:56:14.917 13357 13357 E LoadedApk: 		at dalvik.system.DexFile.openDexFile(DexFile.java:365)
06-15 23:56:14.917 13357 13357 E LoadedApk: 		at dalvik.system.DexFile.<init>(DexFile.java:107)
06-15 23:56:14.917 13357 13357 E LoadedApk: 		at dalvik.system.DexFile.<init>(DexFile.java:80)
06-15 23:56:14.917 13357 13357 E LoadedApk: 		at dalvik.system.DexPathList.loadDexFile(DexPathList.java:444)
06-15 23:56:14.917 13357 13357 E LoadedApk: 		at dalvik.system.DexPathList.makeDexElements(DexPathList.java:403)
06-15 23:56:14.917 13357 13357 E LoadedApk: 		at dalvik.system.DexPathList.<init>(DexPathList.java:164)
06-15 23:56:14.917 13357 13357 E LoadedApk: 		at dalvik.system.BaseDexClassLoader.<init>(BaseDexClassLoader.java:126)
06-15 23:56:14.917 13357 13357 E LoadedApk: 		at dalvik.system.BaseDexClassLoader.<init>(BaseDexClassLoader.java:101)
06-15 23:56:14.917 13357 13357 E LoadedApk: 		at dalvik.system.PathClassLoader.<init>(PathClassLoa
06-15 23:56:20.049  1382  4120 I chatty  : uid=1000(system) Binder:1382_F expire 4 lines
06-15 23:56:20.531 14028 14028 D ActivityThread: Loading provider contacts;com.android.contacts: com.android.providers.contacts.ContactsProvider2
06-15 23:56:20.701  1382  1972 I chatty  : uid=1000(system) ConnectivitySer expire 10 lines
06-15 23:56:21.125  1382  1465 I chatty  : uid=1000(system) ActivityManager expire 14 lines
06-15 23:56:21.493  1382  5195 I chatty  : uid=1000(system) Binder:1382_20 expire 7 lines
06-15 23:56:21.856  1382  4862 I chatty  : uid=1000(system) Binder:1382_19 expire 6 lines
06-15 23:56:22.773  1382  2453 I chatty  : uid=1000(system) Binder:1382_A expire 6 lines
06-15 23:56:23.441  1382  4921 I chatty  : uid=1000(system) Binder:1382_1C expire 6 lines
06-15 23:56:23.468  1382  4175 I chatty  : uid=1000(system) Binder:1382_11 expire 1 line
06-15 23:56:23.921  1382  2185 I chatty  : uid=1000(system) Binder:1382_5 expire 3 lines
06-15 23:56:26.191  1382  4940 I chatty  : uid=1000(system) Binder:1382_1E expire 7 lines
06-15 23:56:26.775  1382  2281 I chatty  : uid=1000(system) Binder:1382_7 expire 3 lines
06-15 23:56:26.779  1382  1464 I chatty  : uid=1000(system) ActivityManager expire 13 lines
06-15 23:56:28.328  1382  2186 I chatty  : uid=1000(system) Binder:1382_6 expire 2 lines
06-15 23:56:34.460  1382  2303 I chatty  : uid=1000(system) Binder:1382_9 expire 1 line
06-15 23:56:36.847  1382  2454 I chatty  : uid=1000(system) Binder:1382_B expire 2 lines
06-15 23:56:38.587  1382  4113 I chatty  : uid=1000(system) Binder:1382_D expire 4 lines
06-15 23:56:39.034 14915 15031 E ActivityThread: Failed to find provider info for com.google.android.instantapps.supervisor.SupervisorArchiveProvider
06-15 23:56:39.276  1382  4221 I chatty  : uid=1000(system) Binder:1382_15 expire 5 lines
06-15 23:56:39.277  1382  4223 I chatty  : uid=1000(system) Binder:1382_16 expire 4 lines
06-15 23:56:39.751  1382  1465 I chatty  : uid=1000(system) ActivityManager expire 10 lines
06-15 23:56:39.974  1382  1382 I chatty  : uid=1000 system_server expire 18 lines
06-15 23:56:40.855  1382  4176 I chatty  : uid=1000(system) Binder:1382_12 expire 3 lines
06-15 23:56:44.313  1382  1417 I chatty  : uid=1000(system) Binder:1382_2 expire 4 lines
06-15 23:56:44.866  1382  5192 I chatty  : uid=1000(system) Binder:1382_1F expire 6 lines
06-15 23:56:45.389  1382  1451 I chatty  : uid=1000(system) android.ui expire 4 lines
06-15 23:56:45.884 11388 15268 W PackageParser: Unknown element under <manifest>: queries at /data/user_de/0/com.google.android.gms/app_chimera/m/00000084/dl-Payments.integ_202112000100400.apk Binary XML file line #5
06-15 23:56:45.962  1382  4847 I chatty  : uid=1000(system) Binder:1382_18 expire 5 lines
06-15 23:56:46.090 11388 12261 W PackageParser: Unknown element under <manifest>: queries at /data/user_de/0/com.google.android.gms/app_chimera/m/00000084/dl-Payments.integ_202112000100400.apk Binary XML file line #5
06-15 23:56:46.344  1382  4118 I chatty  : uid=1000(system) Binder:1382_E expire 1 line
06-15 23:56:46.971  1382  4938 I chatty  : uid=1000(system) Binder:1382_1D expire 1 line
06-15 23:56:47.287  1382  4136 I chatty  : uid=1000(system) Binder:1382_10 expire 17 lines
06-15 23:56:50.628  1382  2058 I chatty  : uid=1000(system) Binder:1382_4 expire 3 lines
06-15 23:56:52.753  1382  1450 I chatty  : uid=1000(system) android.fg expire 7 lines
06-15 23:56:53.314  1382  1463 I chatty  : uid=1000(system) android.bg expire 1 line
06-15 23:56:55.722  1382  4918 I chatty  : uid=1000(system) Binder:1382_1B expire 2 lines
06-15 23:57:03.213  1382  1984 I chatty  : uid=1000(system) Binder:1382_3 expire 3 lines
06-15 23:57:03.213  1382  4218 I chatty  : uid=1000(system) Binder:1382_14 expire 4 lines
06-15 23:57:46.827  2630  2996 V PackageManager: [288859cb-8759-47b6-b368-5a449ed97919] Phase1 called; posting
06-15 23:57:46.828  2630  2630 D PackageManager: [288859cb-8759-47b6-b368-5a449ed97919] Phase1 request; prefix: [-2130968576, -1552310272, -1131520000, -1002790912, -164384768, 99454976, 389640192, 731779072, 941568000, 1297960960, 1489887232, 1648435200], userId: 0
06-15 23:57:46.843  2630  2996 V PackageManager: [7c4a8979-0f56-497d-84c9-f7abae9b63e2] Phase1 called; posting
06-15 23:57:46.844  2630  2630 D PackageManager: [7c4a8979-0f56-497d-84c9-f7abae9b63e2] Phase1 request; prefix: [-2130968576, -1918656512, -1892614144, -1552310272, -514412544, -240070656, -103309312, 185839616, 516362240, 848252928, 948912128, 1147723776, 1347268608, 1596313600, 1860313088, 1913167872, 2143154176], userId: 0
06-15 23:57:46.858  2630  2996 V PackageManager: [5626992a-8c32-482a-9c71-c059f6b83c58] Phase1 called; posting
06-15 23:57:46.858  2630  2630 D PackageManager: [5626992a-8c32-482a-9c71-c059f6b83c58] Phase1 request; prefix: [-2130968576, -1552310272, -1209892864, -1108221952, -379731968, -147255296, -83333120, 215056384, 315400192, 425996288, 1057292288, 1347002368], userId: 0
06-15 23:57:46.873  2630  2996 V PackageManager: [d97f1647-4252-4793-a23a-0d1ab919fb61] Phase1 called; posting
06-15 23:57:46.873  2630  2630 D PackageManager: [d97f1647-4252-4793-a23a-0d1ab919fb61] Phase1 request; prefix: [-2130968576, -1744584704, -1651970048, -1552310272, -1131212800, -1111420928, -856993792, -548249600, -178995200, -25640960, -16211968, 305635328, 792367104, 845234176, 1228922880, 1760845824], userId: 0
06-15 23:57:46.889  2630  2996 V PackageManager: [a39c9b4f-6c5d-4c27-9fdc-c74fdb1a72e4] Phase1 called; posting
06-15 23:57:46.889  2630  2630 D PackageManager: [a39c9b4f-6c5d-4c27-9fdc-c74fdb1a72e4] Phase1 request; prefix: [-2130968576, -1874067456, -1552310272, -1526439936, -1157779456, -384323584, 45494272, 236445696, 255930368, 758128640, 1078931456, 1287847936, 1367502848, 1380929536, 2084384768], userId: 0
06-15 23:57:46.903  2630  2996 V PackageManager: [ffc2425c-8661-4bde-94b0-4f6542c09624] Phase1 called; posting
06-15 23:57:46.903  2630  2630 D PackageManager: [ffc2425c-8661-4bde-94b0-4f6542c09624] Phase1 request; prefix: [-2135261184, -2130968576, -1573474304, -1552310272, -1113755648, -1105035264, -446857216, -91213824, 117846016, 146821120, 991670272, 1783582720, 1854750720], userId: 0
06-15 23:57:47.441  2630  2996 V PackageManager: [7305ff31-6017-42c4-84ee-2427cab55bad] Phase1 called; posting
06-15 23:57:47.441  2630  2630 D PackageManager: [7305ff31-6017-42c4-84ee-2427cab55bad] Phase1 request; prefix: [-2130968576, -1942872064, -1552310272, -1528238080, -1149796352, -682110976, -541876224, 483160064, 599359488, 1352245248, 1774268416, 1950097408, 1998307328], userId: 0
06-15 23:57:47.457  2630  2996 V PackageManager: [d958f99c-d5e4-464a-a8d2-25e65cb84646] Phase1 called; posting
06-15 23:57:47.457  2630  2630 D PackageManager: [d958f99c-d5e4-464a-a8d2-25e65cb84646] Phase1 request; prefix: [-2130968576, -2024787968, -1914724352, -1636560896, -1552310272, -1479348224, -1360515072, -849817600, -421335040, -403509248, -293744640, -92311552, -67551232, 88088576, 113405952, 350822400, 1085169664, 1207922688, 1213018112, 1813614592], userId: 0
06-15 23:57:47.473  2630  2996 V PackageManager: [c68711e4-d304-46ff-8fdd-ef8ab058a478] Phase1 called; posting
06-15 23:57:47.474  2630  2630 D PackageManager: [c68711e4-d304-46ff-8fdd-ef8ab058a478] Phase1 request; prefix: [-2130968576, -1859919872, -1552310272, -1550118912, -1266413568, -913010688, -135409664, -67346432, 248758272, 443047936, 554729472, 592994304, 603516928, 928137216, 1250656256, 1397231616, 1674969088, 1729761280, 1828929536, 2008371200], userId: 0
06-15 23:57:47.500  2630  2996 V PackageManager: [9595946e-7506-4d86-97e6-5d739b6ed640] Phase1 called; posting
06-15 23:57:47.500  2630  2630 D PackageManager: [9595946e-7506-4d86-97e6-5d739b6ed640] Phase1 request; prefix: [-2130968576, -1889992704, -1552310272, -1385771008, -1172852736, -363081728, -77168640, 70746112, 165752832, 733560832, 886226944, 972083200, 1285029888], userId: 0
06-15 23:57:47.516  2630  2996 V PackageManager: [2f89b971-1242-4090-8979-8e000036a45b] Phase1 called; posting
06-15 23:57:47.516  2630  2630 D PackageManager: [2f89b971-1242-4090-8979-8e000036a45b] Phase1 request; prefix: [-2130968576, -2069622784, -1897390080, -1714561024, -1596964864, -1552310272, -810594304, -313020416, -134246400, 11640832, 218484736, 241377280, 1253634048, 1708019712, 1997430784], userId: 0
06-15 23:57:47.530  2630  2996 V PackageManager: [0b968e36-9503-43d8-8edd-e5b4ea463045] Phase1 called; posting
06-15 23:57:47.530  2630  2630 D PackageManager: [0b968e36-9503-43d8-8edd-e5b4ea463045] Phase1 request; prefix: [-2130968576, -1590161408, -1552310272, -1431240704, -1386766336, -1298960384, -1222742016, -1080643584, -1026306048, -753123328, -558280704, -211619840, 64217088, 220155904, 252891136, 1343414272, 1930182656, 2131095552], userId: 0
06-15 23:58:23.026  1382  4216 I chatty  : uid=1000(system) Binder:1382_13 expire 2 lines
06-15 23:58:23.043  1382  1465 I chatty  : uid=1000(system) ActivityManager expire 7 lines
06-15 23:58:23.207  1382  1416 I chatty  : uid=1000(system) Binder:1382_1 expire 3 lines
06-15 23:58:44.986  1382  1382 I chatty  : uid=1000 system_server expire 25 lines
06-15 23:58:50.121  1382  1939 I chatty  : uid=1000(system) InputReader expire 4 lines
06-15 23:58:50.623  1382  1502 I chatty  : uid=1000(system) PowerManagerSer expire 11 lines
06-15 23:58:50.655  1382  1473 I chatty  : uid=1000(system) batterystats-wo expire 2 lines
06-15 23:58:50.680  1382  1453 I chatty  : uid=1000(system) android.display expire 11 lines
06-15 23:58:50.832  1382  1972 I chatty  : uid=1000(system) ConnectivitySer expire 2 lines
06-15 23:58:54.921 15881 15954 E ActivityThread: Failed to find provider info for com.facebook.katana.provider.AttributionIdProvider
06-15 23:59:36.556 16148 16148 E LoadedApk: Unable to instantiate appComponentFactory
06-15 23:59:36.556 16148 16148 E LoadedApk: java.lang.ClassNotFoundException: Didn't find class "androidx.core.app.CoreComponentFactory" on path: DexPathList[[zip file "/data/app/com.instagram.android-g99g_SfXc33GdHoKNn7sAQ==/base.apk", zip file "/data/app/com.instagram.android-g99g_SfXc33GdHoKNn7sAQ==/split_arservicesforpersonsegmentation.apk", zip file "/data/app/com.instagram.android-g99g_SfXc33GdHoKNn7sAQ==/split_caffe2.apk"],nativeLibraryDirectories=[/data/app/com.instagram.android-g99g_SfXc33GdHoKNn7sAQ==/lib/arm64, /data/app/com.instagram.android-g99g_SfXc33GdHoKNn7sAQ==/base.apk!/lib/arm64-v8a, /data/app/com.instagram.android-g99g_SfXc33GdHoKNn7sAQ==/split_arservicesforpersonsegmentation.apk!/lib/arm64-v8a, /data/app/com.instagram.android-g99g_SfXc33GdHoKNn7sAQ==/split_caffe2.apk!/lib/arm64-v8a, /system/lib64, /product/lib64]]
06-15 23:59:36.556 16148 16148 E LoadedApk: 	at dalvik.system.BaseDexClassLoader.findClass(BaseDexClassLoader.java:196)
06-15 23:59:36.556 16148 16148 E LoadedApk: 	at java.lang.ClassLoader.loadClass(ClassLoader.java:379)
06-15 23:59:36.556 16148 16148 E LoadedApk: 	at java.lang.ClassLoader.loadClass(ClassLoader.java:312)
06-15 23:59:36.556 16148 16148 E LoadedApk: 	at android.app.LoadedApk.createAppFactory(LoadedApk.java:256)
06-15 23:59:36.556 16148 16148 E LoadedApk: 	at android.app.LoadedApk.createOrUpdateClassLoaderLocked(LoadedApk.java:855)
06-15 23:59:36.556 16148 16148 E LoadedApk: 	at android.app.LoadedApk.getClassLoader(LoadedApk.java:950)
06-15 23:59:36.556 16148 16148 E LoadedApk: 	at android.app.LoadedApk.getResources(LoadedApk.java:1188)
06-15 23:59:36.556 16148 16148 E LoadedApk: 	at android.app.ContextImpl.createAppContext(ContextImpl.java:2462)
06-15 23:59:36.556 16148 16148 E LoadedApk: 	at android.app.ContextImpl.createAppContext(ContextImpl.java:2454)
06-15 23:59:36.556 16148 16148 E LoadedApk: 	at android.app.ActivityThread.handleBindApplication(ActivityThread.java:6343)
06-15 23:59:36.556 16148 16148 E LoadedApk: 	at android.app.ActivityThread.access$1300(ActivityThread.java:219)
06-15 23:59:36.556 16148 16148 E LoadedApk: 	at android.app.ActivityThread$H.handleMessage(ActivityThread.java:1859)
06-15 23:59:36.556 16148 16148 E LoadedApk: 	at android.os.Handler.dispatchMessage(Handler.java:107)
06-15 23:59:36.556 16148 16148 E LoadedApk: 	at android.os.Looper.loop(Looper.java:214)
06-15 23:59:36.556 16148 16148 E LoadedApk: 	at android.app.ActivityThread.main(ActivityThread.java:7356)
06-15 23:59:36.556 16148 16148 E LoadedApk: 	at java.lang.reflect.Method.invoke(Native Method)
06-15 23:59:36.556 16148 16148 E LoadedApk: 	at com.android.internal.os.RuntimeInit$MethodAndArgsCaller.run(RuntimeInit.java:492)
06-15 23:59:36.556 16148 16148 E LoadedApk: 	at com.android.internal.os.ZygoteInit.main(ZygoteInit.java:930)
06-15 23:59:36.556 16148 16148 E LoadedApk: 	Suppressed: java.io.IOException: No original dex files found for dex location /data/app/com.instagram.android-g99g_SfXc33GdHoKNn7sAQ==/split_arservicesforpersonsegmentation.apk
06-15 23:59:36.556 16148 16148 E LoadedApk: 		at dalvik.system.DexFile.openDexFileNative(Native Method)
06-15 23:59:36.556 16148 16148 E LoadedApk: 		at dalvik.system.DexFile.openDexFile(DexFile.java:365)
06-15 23:59:36.556 16148 16148 E LoadedApk: 		at dalvik.system.DexFile.<init>(DexFile.java:107)
06-15 23:59:36.556 16148 16148 E LoadedApk: 		at dalvik.system.DexFile.<init>(DexFile.java:80)
06-15 23:59:36.556 16148 16148 E LoadedApk: 		at dalvik.system.DexPathList.loadDexFile(DexPathList.java:444)
06-15 23:59:36.556 16148 16148 E LoadedApk: 		at dalvik.system.DexPathList.makeDexElements(DexPathList.java:403)
06-15 23:59:36.556 16148 16148 E LoadedApk: 		at dalvik.system.DexPathList.<init>(DexPathList.java:164)
06-15 23:59:36.556 16148 16148 E LoadedApk: 		at dalvik.system.BaseDexClassLoader.<init>(BaseDexClassLoader.java:126)
06-15 23:59:36.556 16148 16148 E LoadedApk: 		at dalvik.system.BaseDexClassLoader.<init>(BaseDexClassLoader.java:101)
06-15 23:59:36.556 16148 16148 E LoadedApk: 		at dalvik.system.PathClassLoader.<init>(PathClassLoader.java:74)
06-15 23:59:36.556 16148 16148 E LoadedApk: 		at com.android.internal.os.ClassLoaderFactory.createClassLoader(ClassLoaderFactory.java:87)
06-15 23:59:36.556 16148 16148 E LoadedApk: 		at com.android.internal.os.ClassLoaderFactory.createClassLoader(ClassLoaderFactory.java:116)
06-15 23:59:36.556 16148 16148 E LoadedApk: 		at android.app.ApplicationLoaders.getClassLoader(ApplicationLoaders.java:114)
06-15 23:59:36.556 16148 16148 E LoadedApk: 		at android.app.ApplicationLoaders.getClassLoaderWithSharedLibraries(ApplicationLoaders.java:60)
06-15 23:59:36.556 16148 16148 E LoadedApk: 		at android.app.LoadedApk.createOrUpdateClassLoaderLocked(LoadedApk.java:851)
06-15 23:59:36.556 16148 16148 E LoadedApk: 		... 13 more
06-15 23:59:36.556 16148 16148 E LoadedApk: 	Suppressed: java.io.IOException: No original dex files found for dex location /data/app/com.instagram.android-g99g_SfXc33GdHoKNn7sAQ==/split_caffe2.apk
06-15 23:59:36.556 16148 16148 E LoadedApk: 		at dalvik.system.DexFile.openDexFileNative(Native Method)
06-15 23:59:36.556 16148 16148 E LoadedApk: 		at dalvik.system.DexFile.openDexFile(DexFile.java:365)
06-15 23:59:36.556 16148 16148 E LoadedApk: 		at dalvik.system.DexFile.<init>(DexFile.java:107)
06-15 23:59:36.556 16148 16148 E LoadedApk: 		at dalvik.system.DexFile.<init>(DexFile.java:80)
06-15 23:59:36.556 16148 16148 E LoadedApk: 		at dalvik.system.DexPathList.loadDexFile(DexPathList.java:444)
06-15 23:59:36.556 16148 16148 E LoadedApk: 		at dalvik.system.DexPathList.makeDexElements(DexPathList.java:403)
06-15 23:59:36.556 16148 16148 E LoadedApk: 		at dalvik.system.DexPathList.<init>(DexPathList.java:164)
06-15 23:59:36.556 16148 16148 E LoadedApk: 		at dalvik.system.BaseDexClassLoader.<init>(BaseDexClassLoader.java:126)
06-15 23:59:36.556 16148 16148 E LoadedApk: 		at dalvik.system.BaseDexClassLoader.<init>(BaseDexClassLoader.java:101)
06-15 23:59:36.556 16148 16148 E LoadedApk: 		at dalvik.system.PathClassLoader.<init>(PathClassLoa
06-15 23:59:37.195  1382  1502 I chatty  : uid=1000(system) PowerManagerSer expire 1 line
06-15 23:59:37.707  1382  1452 I chatty  : uid=1000(system) android.io expire 3 lines
06-15 23:59:37.735 16275 16275 E LoadedApk: Unable to instantiate appComponentFactory
06-15 23:59:37.735 16275 16275 E LoadedApk: java.lang.ClassNotFoundException: Didn't find class "androidx.core.app.CoreComponentFactory" on path: DexPathList[[zip file "/data/app/com.instagram.android-g99g_SfXc33GdHoKNn7sAQ==/base.apk", zip file "/data/app/com.instagram.android-g99g_SfXc33GdHoKNn7sAQ==/split_arservicesforpersonsegmentation.apk", zip file "/data/app/com.instagram.android-g99g_SfXc33GdHoKNn7sAQ==/split_caffe2.apk"],nativeLibraryDirectories=[/data/app/com.instagram.android-g99g_SfXc33GdHoKNn7sAQ==/lib/arm64, /data/app/com.instagram.android-g99g_SfXc33GdHoKNn7sAQ==/base.apk!/lib/arm64-v8a, /data/app/com.instagram.android-g99g_SfXc33GdHoKNn7sAQ==/split_arservicesforpersonsegmentation.apk!/lib/arm64-v8a, /data/app/com.instagram.android-g99g_SfXc33GdHoKNn7sAQ==/split_caffe2.apk!/lib/arm64-v8a, /system/lib64, /product/lib64]]
06-15 23:59:37.735 16275 16275 E LoadedApk: 	at dalvik.system.BaseDexClassLoader.findClass(BaseDexClassLoader.java:196)
06-15 23:59:37.735 16275 16275 E LoadedApk: 	at java.lang.ClassLoader.loadClass(ClassLoader.java:379)
06-15 23:59:37.735 16275 16275 E LoadedApk: 	at java.lang.ClassLoader.loadClass(ClassLoader.java:312)
06-15 23:59:37.735 16275 16275 E LoadedApk: 	at android.app.LoadedApk.createAppFactory(LoadedApk.java:256)
06-15 23:59:37.735 16275 16275 E LoadedApk: 	at android.app.LoadedApk.createOrUpdateClassLoaderLocked(LoadedApk.java:855)
06-15 23:59:37.735 16275 16275 E LoadedApk: 	at android.app.LoadedApk.getClassLoader(LoadedApk.java:950)
06-15 23:59:37.735 16275 16275 E LoadedApk: 	at android.app.LoadedApk.getResources(LoadedApk.java:1188)
06-15 23:59:37.735 16275 16275 E LoadedApk: 	at android.app.ContextImpl.createAppContext(ContextImpl.java:2462)
06-15 23:59:37.735 16275 16275 E LoadedApk: 	at android.app.ContextImpl.createAppContext(ContextImpl.java:2454)
06-15 23:59:37.735 16275 16275 E LoadedApk: 	at android.app.ActivityThread.handleBindApplication(ActivityThread.java:6343)
06-15 23:59:37.735 16275 16275 E LoadedApk: 	at android.app.ActivityThread.access$1300(ActivityThread.java:219)
06-15 23:59:37.735 16275 16275 E LoadedApk: 	at android.app.ActivityThread$H.handleMessage(ActivityThread.java:1859)
06-15 23:59:37.735 16275 16275 E LoadedApk: 	at android.os.Handler.dispatchMessage(Handler.java:107)
06-15 23:59:37.735 16275 16275 E LoadedApk: 	at android.os.Looper.loop(Looper.java:214)
06-15 23:59:37.735 16275 16275 E LoadedApk: 	at android.app.ActivityThread.main(ActivityThread.java:7356)
06-15 23:59:37.735 16275 16275 E LoadedApk: 	at java.lang.reflect.Method.invoke(Native Method)
06-15 23:59:37.735 16275 16275 E LoadedApk: 	at com.android.internal.os.RuntimeInit$MethodAndArgsCaller.run(RuntimeInit.java:492)
06-15 23:59:37.735 16275 16275 E LoadedApk: 	at com.android.internal.os.ZygoteInit.main(ZygoteInit.java:930)
06-15 23:59:37.735 16275 16275 E LoadedApk: 	Suppressed: java.io.IOException: No original dex files found for dex location /data/app/com.instagram.android-g99g_SfXc33GdHoKNn7sAQ==/split_arservicesforpersonsegmentation.apk
06-15 23:59:37.735 16275 16275 E LoadedApk: 		at dalvik.system.DexFile.openDexFileNative(Native Method)
06-15 23:59:37.735 16275 16275 E LoadedApk: 		at dalvik.system.DexFile.openDexFile(DexFile.java:365)
06-15 23:59:37.735 16275 16275 E LoadedApk: 		at dalvik.system.DexFile.<init>(DexFile.java:107)
06-15 23:59:37.735 16275 16275 E LoadedApk: 		at dalvik.system.DexFile.<init>(DexFile.java:80)
06-15 23:59:37.735 16275 16275 E LoadedApk: 		at dalvik.system.DexPathList.loadDexFile(DexPathList.java:444)
06-15 23:59:37.735 16275 16275 E LoadedApk: 		at dalvik.system.DexPathList.makeDexElements(DexPathList.java:403)
06-15 23:59:37.735 16275 16275 E LoadedApk: 		at dalvik.system.DexPathList.<init>(DexPathList.java:164)
06-15 23:59:37.735 16275 16275 E LoadedApk: 		at dalvik.system.BaseDexClassLoader.<init>(BaseDexClassLoader.java:126)
06-15 23:59:37.735 16275 16275 E LoadedApk: 		at dalvik.system.BaseDexClassLoader.<init>(BaseDexClassLoader.java:101)
06-15 23:59:37.735 16275 16275 E LoadedApk: 		at dalvik.system.PathClassLoader.<init>(PathClassLoader.java:74)
06-15 23:59:37.735 16275 16275 E LoadedApk: 		at com.android.internal.os.ClassLoaderFactory.createClassLoader(ClassLoaderFactory.java:87)
06-15 23:59:37.735 16275 16275 E LoadedApk: 		at com.android.internal.os.ClassLoaderFactory.createClassLoader(ClassLoaderFactory.java:116)
06-15 23:59:37.735 16275 16275 E LoadedApk: 		at android.app.ApplicationLoaders.getClassLoader(ApplicationLoaders.java:114)
06-15 23:59:37.735 16275 16275 E LoadedApk: 		at android.app.ApplicationLoaders.getClassLoaderWithSharedLibraries(ApplicationLoaders.java:60)
06-15 23:59:37.735 16275 16275 E LoadedApk: 		at android.app.LoadedApk.createOrUpdateClassLoaderLocked(LoadedApk.java:851)
06-15 23:59:37.735 16275 16275 E LoadedApk: 		... 13 more
06-15 23:59:37.735 16275 16275 E LoadedApk: 	Suppressed: java.io.IOException: No original dex files found for dex location /data/app/com.instagram.android-g99g_SfXc33GdHoKNn7sAQ==/split_caffe2.apk
06-15 23:59:37.735 16275 16275 E LoadedApk: 		at dalvik.system.DexFile.openDexFileNative(Native Method)
06-15 23:59:37.735 16275 16275 E LoadedApk: 		at dalvik.system.DexFile.openDexFile(DexFile.java:365)
06-15 23:59:37.735 16275 16275 E LoadedApk: 		at dalvik.system.DexFile.<init>(DexFile.java:107)
06-15 23:59:37.735 16275 16275 E LoadedApk: 		at dalvik.system.DexFile.<init>(DexFile.java:80)
06-15 23:59:37.735 16275 16275 E LoadedApk: 		at dalvik.system.DexPathList.loadDexFile(DexPathList.java:444)
06-15 23:59:37.735 16275 16275 E LoadedApk: 		at dalvik.system.DexPathList.makeDexElements(DexPathList.java:403)
06-15 23:59:37.735 16275 16275 E LoadedApk: 		at dalvik.system.DexPathList.<init>(DexPathList.java:164)
06-15 23:59:37.735 16275 16275 E LoadedApk: 		at dalvik.system.BaseDexClassLoader.<init>(BaseDexClassLoader.java:126)
06-15 23:59:37.735 16275 16275 E LoadedApk: 		at dalvik.system.BaseDexClassLoader.<init>(BaseDexClassLoader.java:101)
06-15 23:59:37.735 16275 16275 E LoadedApk: 		at dalvik.system.PathClassLoader.<init>(PathClassLoa
06-15 23:59:37.746 16292 16292 E LoadedApk: Unable to instantiate appComponentFactory
06-15 23:59:37.746 16292 16292 E LoadedApk: java.lang.ClassNotFoundException: Didn't find class "androidx.core.app.CoreComponentFactory" on path: DexPathList[[zip file "/data/app/com.instagram.android-g99g_SfXc33GdHoKNn7sAQ==/base.apk", zip file "/data/app/com.instagram.android-g99g_SfXc33GdHoKNn7sAQ==/split_arservicesforpersonsegmentation.apk", zip file "/data/app/com.instagram.android-g99g_SfXc33GdHoKNn7sAQ==/split_caffe2.apk"],nativeLibraryDirectories=[/data/app/com.instagram.android-g99g_SfXc33GdHoKNn7sAQ==/lib/arm64, /data/app/com.instagram.android-g99g_SfXc33GdHoKNn7sAQ==/base.apk!/lib/arm64-v8a, /data/app/com.instagram.android-g99g_SfXc33GdHoKNn7sAQ==/split_arservicesforpersonsegmentation.apk!/lib/arm64-v8a, /data/app/com.instagram.android-g99g_SfXc33GdHoKNn7sAQ==/split_caffe2.apk!/lib/arm64-v8a, /system/lib64, /product/lib64]]
06-15 23:59:37.746 16292 16292 E LoadedApk: 	at dalvik.system.BaseDexClassLoader.findClass(BaseDexClassLoader.java:196)
06-15 23:59:37.746 16292 16292 E LoadedApk: 	at java.lang.ClassLoader.loadClass(ClassLoader.java:379)
06-15 23:59:37.746 16292 16292 E LoadedApk: 	at java.lang.ClassLoader.loadClass(ClassLoader.java:312)
06-15 23:59:37.746 16292 16292 E LoadedApk: 	at android.app.LoadedApk.createAppFactory(LoadedApk.java:256)
06-15 23:59:37.746 16292 16292 E LoadedApk: 	at android.app.LoadedApk.createOrUpdateClassLoaderLocked(LoadedApk.java:855)
06-15 23:59:37.746 16292 16292 E LoadedApk: 	at android.app.LoadedApk.getClassLoader(LoadedApk.java:950)
06-15 23:59:37.746 16292 16292 E LoadedApk: 	at android.app.LoadedApk.getResources(LoadedApk.java:1188)
06-15 23:59:37.746 16292 16292 E LoadedApk: 	at android.app.ContextImpl.createAppContext(ContextImpl.java:2462)
06-15 23:59:37.746 16292 16292 E LoadedApk: 	at android.app.ContextImpl.createAppContext(ContextImpl.java:2454)
06-15 23:59:37.746 16292 16292 E LoadedApk: 	at android.app.ActivityThread.handleBindApplication(ActivityThread.java:6343)
06-15 23:59:37.746 16292 16292 E LoadedApk: 	at android.app.ActivityThread.access$1300(ActivityThread.java:219)
06-15 23:59:37.746 16292 16292 E LoadedApk: 	at android.app.ActivityThread$H.handleMessage(ActivityThread.java:1859)
06-15 23:59:37.746 16292 16292 E LoadedApk: 	at android.os.Handler.dispatchMessage(Handler.java:107)
06-15 23:59:37.746 16292 16292 E LoadedApk: 	at android.os.Looper.loop(Looper.java:214)
06-15 23:59:37.746 16292 16292 E LoadedApk: 	at android.app.ActivityThread.main(ActivityThread.java:7356)
06-15 23:59:37.746 16292 16292 E LoadedApk: 	at java.lang.reflect.Method.invoke(Native Method)
06-15 23:59:37.746 16292 16292 E LoadedApk: 	at com.android.internal.os.RuntimeInit$MethodAndArgsCaller.run(RuntimeInit.java:492)
06-15 23:59:37.746 16292 16292 E LoadedApk: 	at com.android.internal.os.ZygoteInit.main(ZygoteInit.java:930)
06-15 23:59:37.746 16292 16292 E LoadedApk: 	Suppressed: java.io.IOException: No original dex files found for dex location /data/app/com.instagram.android-g99g_SfXc33GdHoKNn7sAQ==/split_arservicesforpersonsegmentation.apk
06-15 23:59:37.746 16292 16292 E LoadedApk: 		at dalvik.system.DexFile.openDexFileNative(Native Method)
06-15 23:59:37.746 16292 16292 E LoadedApk: 		at dalvik.system.DexFile.openDexFile(DexFile.java:365)
06-15 23:59:37.746 16292 16292 E LoadedApk: 		at dalvik.system.DexFile.<init>(DexFile.java:107)
06-15 23:59:37.746 16292 16292 E LoadedApk: 		at dalvik.system.DexFile.<init>(DexFile.java:80)
06-15 23:59:37.746 16292 16292 E LoadedApk: 		at dalvik.system.DexPathList.loadDexFile(DexPathList.java:444)
06-15 23:59:37.746 16292 16292 E LoadedApk: 		at dalvik.system.DexPathList.makeDexElements(DexPathList.java:403)
06-15 23:59:37.746 16292 16292 E LoadedApk: 		at dalvik.system.DexPathList.<init>(DexPathList.java:164)
06-15 23:59:37.746 16292 16292 E LoadedApk: 		at dalvik.system.BaseDexClassLoader.<init>(BaseDexClassLoader.java:126)
06-15 23:59:37.746 16292 16292 E LoadedApk: 		at dalvik.system.BaseDexClassLoader.<init>(BaseDexClassLoader.java:101)
06-15 23:59:37.746 16292 16292 E LoadedApk: 		at dalvik.system.PathClassLoader.<init>(PathClassLoader.java:74)
06-15 23:59:37.746 16292 16292 E LoadedApk: 		at com.android.internal.os.ClassLoaderFactory.createClassLoader(ClassLoaderFactory.java:87)
06-15 23:59:37.746 16292 16292 E LoadedApk: 		at com.android.internal.os.ClassLoaderFactory.createClassLoader(ClassLoaderFactory.java:116)
06-15 23:59:37.746 16292 16292 E LoadedApk: 		at android.app.ApplicationLoaders.getClassLoader(ApplicationLoaders.java:114)
06-15 23:59:37.746 16292 16292 E LoadedApk: 		at android.app.ApplicationLoaders.getClassLoaderWithSharedLibraries(ApplicationLoaders.java:60)
06-15 23:59:37.746 16292 16292 E LoadedApk: 		at android.app.LoadedApk.createOrUpdateClassLoaderLocked(LoadedApk.java:851)
06-15 23:59:37.746 16292 16292 E LoadedApk: 		... 13 more
06-15 23:59:37.746 16292 16292 E LoadedApk: 	Suppressed: java.io.IOException: No original dex files found for dex location /data/app/com.instagram.android-g99g_SfXc33GdHoKNn7sAQ==/split_caffe2.apk
06-15 23:59:37.746 16292 16292 E LoadedApk: 		at dalvik.system.DexFile.openDexFileNative(Native Method)
06-15 23:59:37.746 16292 16292 E LoadedApk: 		at dalvik.system.DexFile.openDexFile(DexFile.java:365)
06-15 23:59:37.746 16292 16292 E LoadedApk: 		at dalvik.system.DexFile.<init>(DexFile.java:107)
06-15 23:59:37.746 16292 16292 E LoadedApk: 		at dalvik.system.DexFile.<init>(DexFile.java:80)
06-15 23:59:37.746 16292 16292 E LoadedApk: 		at dalvik.system.DexPathList.loadDexFile(DexPathList.java:444)
06-15 23:59:37.746 16292 16292 E LoadedApk: 		at dalvik.system.DexPathList.makeDexElements(DexPathList.java:403)
06-15 23:59:37.746 16292 16292 E LoadedApk: 		at dalvik.system.DexPathList.<init>(DexPathList.java:164)
06-15 23:59:37.746 16292 16292 E LoadedApk: 		at dalvik.system.BaseDexClassLoader.<init>(BaseDexClassLoader.java:126)
06-15 23:59:37.746 16292 16292 E LoadedApk: 		at dalvik.system.BaseDexClassLoader.<init>(BaseDexClassLoader.java:101)
06-15 23:59:37.746 16292 16292 E LoadedApk: 		at dalvik.system.PathClassLoader.<init>(PathClassLoa
06-15 23:59:37.949  1382  1416 I chatty  : uid=1000(system) Binder:1382_1 expire 28 lines
06-15 23:59:37.981  1382  1972 I chatty  : uid=1000(system) ConnectivitySer expire 6 lines
06-15 23:59:39.715  1382  1464 I chatty  : uid=1000(system) ActivityManager expire 13 lines
06-15 23:59:43.196  1382  1502 I chatty  : uid=1000(system) PowerManagerSer expire 29 lines
06-15 23:59:43.197  1382  1382 I chatty  : uid=1000 system_server expire 73 lines
06-15 23:59:43.500  1382  4862 I chatty  : uid=1000(system) Binder:1382_19 expire 4 lines
06-15 23:59:43.577  1382  4921 I chatty  : uid=1000(system) Binder:1382_1C expire 3 lines
06-15 23:59:43.726  1382  1453 I chatty  : uid=1000(system) android.display expire 15 lines
06-15 23:59:43.956  1382  1450 I chatty  : uid=1000(system) android.fg expire 12 lines
06-15 23:59:45.964  1382  4218 I chatty  : uid=1000(system) Binder:1382_14 expire 4 lines
06-15 23:59:46.014  1382  1417 I chatty  : uid=1000(system) Binder:1382_2 expire 3 lines
06-15 23:59:46.351  1382  4881 I chatty  : uid=1000(system) Binder:1382_1A expire 3 lines
06-16 00:00:00.063  1382  1465 I chatty  : uid=1000(system) ActivityManager expire 13 lines
06-16 00:00:00.169  1382  4216 I chatty  : uid=1000(system) Binder:1382_13 expire 5 lines
06-16 00:00:06.585  1382  5195 I chatty  : uid=1000(system) Binder:1382_20 expire 1 line
06-16 00:00:07.382  1382  2760 I chatty  : uid=1000(system) Binder:1382_C expire 3 lines
06-16 00:00:22.123  1382  4938 I chatty  : uid=1000(system) Binder:1382_1D expire 1 line
06-16 00:00:31.429  1382  4176 I chatty  : uid=1000(system) Binder:1382_12 expire 7 lines
06-16 00:00:40.820  1382  1984 I chatty  : uid=1000(system) Binder:1382_3 expire 3 lines
06-16 00:00:42.185  1382  1451 I chatty  : uid=1000(system) android.ui expire 3 lines
06-16 00:01:11.034  1382  4221 I chatty  : uid=1000(system) Binder:1382_15 expire 10 lines
06-16 00:01:18.063  1382  1473 I chatty  : uid=1000(system) batterystats-wo expire 2 lines
06-16 00:01:33.150  1382  4223 I chatty  : uid=1000(system) Binder:1382_16 expire 2 lines
06-16 00:01:42.424  1382  2281 I chatty  : uid=1000(system) Binder:1382_7 expire 3 lines
06-16 00:02:06.782  1382  4136 I chatty  : uid=1000(system) Binder:1382_10 expire 3 lines
06-16 00:02:07.055  1382  2453 I chatty  : uid=1000(system) Binder:1382_A expire 4 lines
06-16 00:02:38.652  1382  1939 I chatty  : uid=1000(system) InputReader expire 2 lines
06-16 00:02:43.726  1382  4846 I chatty  : uid=1000(system) Binder:1382_17 expire 1 line
06-16 00:02:43.876  1382  2185 I chatty  : uid=1000(system) Binder:1382_5 expire 17 lines
06-16 00:03:00.228  2630  2650 V PackageManager: [30b65f35-232a-4c73-a7bf-61dd7f68809e] Phase1 called; posting
06-16 00:03:00.229  2630  2630 D PackageManager: [30b65f35-232a-4c73-a7bf-61dd7f68809e] Phase1 request; prefix: [-2130968576, -1552310272, -1351196672, -1239052288, -351907840, -127688704, -87298048, 17006592, 129249280, 291225600, 490364928, 590807040, 692850688, 708739072, 828129280, 1257558016, 1323859968, 1425752064, 1898242048, 2112335872], userId: 10
06-16 00:03:05.613  2630  2650 V PackageManager: [b6ec11e4-9b3c-4c73-9db6-b53e91bba0fb] Phase1 called; posting
06-16 00:03:05.615  2630  2630 D PackageManager: [b6ec11e4-9b3c-4c73-9db6-b53e91bba0fb] Phase1 request; prefix: [-2130968576, -1644978176, -1552310272, -1371140096, -1345695744, -1031696384, -707801088, -581873664, 677838848, 1394876416, 1646960640, 1683980288, 2035228672], userId: 10
06-16 00:03:05.634  2630  2650 V PackageManager: [dbaeb165-a64a-4308-989a-994a3a288a9e] Phase1 called; posting
06-16 00:03:05.634  2630  2630 D PackageManager: [dbaeb165-a64a-4308-989a-994a3a288a9e] Phase1 request; prefix: [-2130968576, -2082766848, -1838624768, -1639886848, -1552310272, -1041006592, -869380096, -681234432, -566845440, -168099840, 313090048, 877170688, 936779776, 1141469184, 1586995200, 1985232896], userId: 10
06-16 00:03:05.655  2630  2650 V PackageManager: [99459020-febb-494e-8b96-d6304eeda00c] Phase1 called; posting
06-16 00:03:05.655  2630  2630 D PackageManager: [99459020-febb-494e-8b96-d6304eeda00c] Phase1 request; prefix: [-2130968576, -1552310272, -1541988352, -1360826368, -1164824576, -937381888, -782778368, -668028928, -559157248, -522346496, -380776448, -335310848, -194293760, -46567424, 235773952, 1121861632, 1488015360, 1554472960, 2039799808], userId: 10
06-16 00:03:05.673  2630  2650 V PackageManager: [0cdd709a-3a35-48d3-9225-0e9b63b1b244] Phase1 called; posting
06-16 00:03:05.673  2630  2630 D PackageManager: [0cdd709a-3a35-48d3-9225-0e9b63b1b244] Phase1 request; prefix: [-2130968576, -1998979072, -1809031168, -1627332608, -1552310272, -1444769792, -479248384, 624685056, 627941376, 874176512, 939782144, 993091584, 1022955520, 1109233664, 1250226176, 1300152320, 1725792256, 2062561280], userId: 10
06-16 00:03:05.687  2630  2650 V PackageManager: [3417af65-1101-4810-87e8-adb9e4ee8971] Phase1 called; posting
06-16 00:03:05.687  2630  2630 D PackageManager: [3417af65-1101-4810-87e8-adb9e4ee8971] Phase1 request; prefix: [-2131329024, -2130968576, -2017316864, -1809281024, -1552310272, -1319297024, -1285795840, -844984320, -640442368, -402141184, -340680704, -339763200, -165679104, -82427904, 121630720, 216281088, 769814528, 1330978816, 1466998784], userId: 10
06-16 00:03:21.731  1382  1382 I chatty  : uid=1000 system_server expire 57 lines
06-16 00:03:22.128  1382  4175 I chatty  : uid=1000(system) Binder:1382_11 expire 8 lines
06-16 00:03:22.183  1382  1502 I chatty  : uid=1000(system) PowerManagerSer expire 16 lines
06-16 00:03:22.185  1382  1453 I chatty  : uid=1000(system) android.display expire 19 lines
06-16 00:03:22.250  1382  1450 I chatty  : uid=1000(system) android.fg expire 9 lines
06-16 00:03:22.449  1382  4136 I chatty  : uid=1000(system) Binder:1382_10 expire 3 lines
06-16 00:03:22.472  1382  1984 I chatty  : uid=1000(system) Binder:1382_3 expire 5 lines
06-16 00:03:22.583  1382  1464 I chatty  : uid=1000(system) ActivityManager expire 28 lines
06-16 00:03:43.340  1382  1452 I chatty  : uid=1000(system) android.io expire 10 lines
06-16 00:04:10.456  1382  1451 I chatty  : uid=1000(system) android.ui expire 9 lines
06-16 00:04:37.990  1382  1463 I chatty  : uid=1000(system) android.bg expire 5 lines
06-16 00:04:43.922  1382  2760 I chatty  : uid=1000(system) Binder:1382_C expire 9 lines
06-16 00:05:04.712  1382  4118 I chatty  : uid=1000(system) Binder:1382_E expire 10 lines
06-16 00:05:04.725  1382  1416 I chatty  : uid=1000(system) Binder:1382_1 expire 21 lines
06-16 00:05:36.418  1382  1972 I chatty  : uid=1000(system) ConnectivitySer expire 7 lines
06-16 00:06:03.616  1382  1465 I chatty  : uid=1000(system) ActivityManager expire 1 line
06-16 00:06:33.006  1382  4938 I chatty  : uid=1000(system) Binder:1382_1D expire 7 lines
06-16 00:06:36.214  1382  5192 I chatty  : uid=1000(system) Binder:1382_1F expire 3 lines
06-16 00:06:44.016  1382  2288 I chatty  : uid=1000(system) Binder:1382_8 expire 5 lines
06-16 00:07:10.651  1382  4847 I chatty  : uid=1000(system) Binder:1382_18 expire 3 lines
06-16 00:08:44.021  1382  4846 I chatty  : uid=1000(system) Binder:1382_17 expire 3 lines
06-16 00:10:44.678  1382  4881 I chatty  : uid=1000(system) Binder:1382_1A expire 2 lines
06-16 00:10:44.732  1382  4862 I chatty  : uid=1000(system) Binder:1382_19 expire 2 lines
06-16 00:10:44.769  1382  2303 I chatty  : uid=1000(system) Binder:1382_9 expire 1 line
06-16 00:10:44.770  1382  4176 I chatty  : uid=1000(system) Binder:1382_12 expire 1 line
06-16 00:10:44.770  1382  1417 I chatty  : uid=1000(system) Binder:1382_2 expire 1 line
06-16 00:10:44.772  1382  5195 I chatty  : uid=1000(system) Binder:1382_20 expire 1 line
06-16 00:10:44.772  1382  4223 I chatty  : uid=1000(system) Binder:1382_16 expire 1 line
06-16 00:10:44.774  1382  4120 I chatty  : uid=1000(system) Binder:1382_F expire 4 lines
06-16 00:10:44.866  1382  4862 I chatty  : uid=1000(system) Binder:1382_19 expire 2 lines
06-16 00:10:44.885  1382  1464 I chatty  : uid=1000(system) ActivityManager expire 12 lines
06-16 00:10:44.888  1382  1382 I chatty  : uid=1000 system_server expire 69 lines
06-16 00:10:44.919  1382  1465 I chatty  : uid=1000(system) ActivityManager expire 11 lines
06-16 00:10:45.345  1382  4221 I chatty  : uid=1000(system) Binder:1382_15 expire 2 lines
06-16 00:10:45.921  1382  4847 I chatty  : uid=1000(system) Binder:1382_18 expire 4 lines
06-16 00:10:46.711  1382  1473 I chatty  : uid=1000(system) batterystats-wo expire 8 lines
06-16 00:10:55.088  1382  4223 I chatty  : uid=1000(system) Binder:1382_16 expire 3 lines
06-16 00:10:56.161  1382  1451 I chatty  : uid=1000(system) android.ui expire 4 lines
06-16 00:11:27.728  1382  1972 I chatty  : uid=1000(system) ConnectivitySer expire 10 lines
06-16 00:11:27.752  1382  4918 I chatty  : uid=1000(system) Binder:1382_1B expire 2 lines
06-16 00:12:10.848  1382  4175 I chatty  : uid=1000(system) Binder:1382_11 expire 9 lines
06-16 00:12:29.171  1382  4118 I chatty  : uid=1000(system) Binder:1382_E expire 10 lines
06-16 00:12:44.158  1382  4216 I chatty  : uid=1000(system) Binder:1382_13 expire 8 lines
06-16 00:14:42.685  1382  4218 I chatty  : uid=1000(system) Binder:1382_14 expire 3 lines
06-16 00:14:42.691  1382  4881 I chatty  : uid=1000(system) Binder:1382_1A expire 16 lines
06-16 00:17:15.272  1382  4938 I chatty  : uid=1000(system) Binder:1382_1D expire 4 lines
06-16 00:17:52.523  1382  1454 I chatty  : uid=1000(system) android.anim expire 7 lines
06-16 00:17:53.715  1382  1450 I chatty  : uid=1000(system) android.fg expire 3 lines
06-16 00:18:07.206  1382  1502 I chatty  : uid=1000(system) PowerManagerSer expire 4 lines
06-16 00:18:11.549  1382  1452 I chatty  : uid=1000(system) android.io expire 6 lines
06-16 00:18:14.304  1382  4136 I chatty  : uid=1000(system) Binder:1382_10 expire 9 lines
06-16 00:19:15.301  1382  4921 I chatty  : uid=1000(system) Binder:1382_1C expire 9 lines
06-16 00:24:19.826  1382  2185 I chatty  : uid=1000(system) Binder:1382_5 expire 8 lines
06-16 00:24:20.333  1382  1453 I chatty  : uid=1000(system) android.display expire 8 lines
06-16 00:24:29.660  2630  2650 V PackageManager: [5483191b-1849-4cf4-84d8-c270b02e8049] Phase1 called; posting
