06-16 00:24:29.660  2630  2630 D PackageManager: [5483191b-1849-4cf4-84d8-c270b02e8049] Phase1 request; prefix: [-2130968576, -1946267648, -1806622720, -1798082560, -1597751296, -1581084672, -1552310272, -1223532544, -1024475136, -605650944, -572899328, -407699456, -340545536, -281538560, 201129984, 406077440, 1577648128, 1837277184, 1879535616, 1879908352], userId: 10
06-16 00:24:29.698  1382  1465 I chatty  : uid=1000(system) ActivityManager expire 5 lines
06-16 00:24:31.574  1382  4881 I chatty  : uid=1000(system) Binder:1382_1A expire 2 lines
06-16 00:24:50.456  1382  1382 I chatty  : uid=1000 system_server expire 8 lines
06-16 00:24:51.113  1382  1416 I chatty  : uid=1000(system) Binder:1382_1 expire 3 lines
06-16 00:24:51.151  2467  2467 E ActivityThread: Service com.google.android.gms.chimera.GmsBoundBrokerService has leaked IntentReceiver com.google.android.gms.mdm.receivers.WifiStateChangedReceiver@68810f8 that was originally registered here. Are you missing a call to unregisterReceiver()?
06-16 00:24:51.151  2467  2467 E ActivityThread: android.app.IntentReceiverLeaked: Service com.google.android.gms.chimera.GmsBoundBrokerService has leaked IntentReceiver com.google.android.gms.mdm.receivers.WifiStateChangedReceiver@68810f8 that was originally registered here. Are you missing a call to unregisterReceiver()?
06-16 00:24:51.151  2467  2467 E ActivityThread: 	at android.app.LoadedApk$ReceiverDispatcher.<init>(LoadedApk.java:1588)
06-16 00:24:51.151  2467  2467 E ActivityThread: 	at android.app.LoadedApk.getReceiverDispatcher(LoadedApk.java:1368)
06-16 00:24:51.151  2467  2467 E ActivityThread: 	at android.app.ContextImpl.registerReceiverInternal(ContextImpl.java:1515)
06-16 00:24:51.151  2467  2467 E ActivityThread: 	at android.app.ContextImpl.registerReceiver(ContextImpl.java:1488)
06-16 00:24:51.151  2467  2467 E ActivityThread: 	at android.content.ContextWrapper.registerReceiver(ContextWrapper.java:640)
06-16 00:24:51.151  2467  2467 E ActivityThread: 	at android.content.ContextWrapper.registerReceiver(ContextWrapper.java:640)
06-16 00:24:51.151  2467  2467 E ActivityThread: 	at android.content.ContextWrapper.registerReceiver(ContextWrapper.java:640)
06-16 00:24:51.151  2467  2467 E ActivityThread: 	at android.content.ContextWrapper.registerReceiver(ContextWrapper.java:640)
06-16 00:24:51.151  2467  2467 E ActivityThread: 	at android.content.ContextWrapper.registerReceiver(ContextWrapper.java:640)
06-16 00:24:51.151  2467  2467 E ActivityThread: 	at android.content.ContextWrapper.registerReceiver(ContextWrapper.java:640)
06-16 00:24:51.151  2467  2467 E ActivityThread: 	at android.content.ContextWrapper.registerReceiver(ContextWrapper.java:640)
06-16 00:24:51.151  2467  2467 E ActivityThread: 	at apyw.a(:com.google.android.gms@201817037@20.18.17 (120400-311416286):2)
06-16 00:24:51.151  2467  2467 E ActivityThread: 	at apzo.a(:com.google.android.gms@201817037@20.18.17 (120400-311416286):13)
06-16 00:24:51.151  2467  2467 E ActivityThread: 	at zqv.run(:com.google.android.gms@201817037@20.18.17 (120400-311416286):10)
06-16 00:24:51.151  2467  2467 E ActivityThread: 	at blob.run(:com.google.android.gms@201817037@20.18.17 (120400-311416286):2)
06-16 00:24:51.151  2467  2467 E ActivityThread: 	at sfd.b(:com.google.android.gms@201817037@20.18.17 (120400-311416286):12)
06-16 00:24:51.151  2467  2467 E ActivityThread: 	at sfd.run(:com.google.android.gms@201817037@20.18.17 (120400-311416286):7)
06-16 00:24:51.151  2467  2467 E ActivityThread: 	at java.util.concurrent.ThreadPoolExecutor.runWorker(ThreadPoolExecutor.java:1167)
06-16 00:24:51.151  2467  2467 E ActivityThread: 	at java.util.concurrent.ThreadPoolExecutor$Worker.run(ThreadPoolExecutor.java:641)
06-16 00:24:51.151  2467  2467 E ActivityThread: 	at sld.run(:com.google.android.gms@201817037@20.18.17 (120400-311416286):0)
06-16 00:24:51.151  2467  2467 E ActivityThread: 	at java.lang.Thread.run(Thread.java:919)
06-16 00:24:56.069  1382  2058 I chatty  : uid=1000(system) Binder:1382_4 expire 2 lines
06-16 00:25:00.630  1382  2303 I chatty  : uid=1000(system) Binder:1382_9 expire 1 line
06-16 00:25:04.925  1382  1464 I chatty  : uid=1000(system) ActivityManager expire 2 lines
06-16 00:25:14.166  1382  1463 I chatty  : uid=1000(system) android.bg expire 4 lines
06-16 00:25:26.482  1382  4846 I chatty  : uid=1000(system) Binder:1382_17 expire 6 lines
06-16 00:25:35.547  1382  5195 I chatty  : uid=1000(system) Binder:1382_20 expire 2 lines
06-16 00:25:40.873  1382  4921 I chatty  : uid=1000(system) Binder:1382_1C expire 3 lines
06-16 00:26:09.224  1382  1382 I chatty  : uid=1000 system_server expire 71 lines
06-16 00:26:10.296  1382  1451 I chatty  : uid=1000(system) android.ui expire 13 lines
06-16 00:26:10.355  1382  4176 I chatty  : uid=1000(system) Binder:1382_12 expire 4 lines
06-16 00:26:10.796  1382  1454 I chatty  : uid=1000(system) android.anim expire 1 line
06-16 00:26:11.668  1382  1450 I chatty  : uid=1000(system) android.fg expire 4 lines
06-16 00:26:12.630  1382  1452 I chatty  : uid=1000(system) android.io expire 5 lines
06-16 00:26:12.708  1382  1972 I chatty  : uid=1000(system) ConnectivitySer expire 1 line
06-16 00:26:14.394  1382  2186 I chatty  : uid=1000(system) Binder:1382_6 expire 1 line
06-16 00:26:14.461  1382  1465 I chatty  : uid=1000(system) ActivityManager expire 21 lines
06-16 00:26:14.637  1382  1464 I chatty  : uid=1000(system) ActivityManager expire 30 lines
06-16 00:26:15.056  1382  4113 I chatty  : uid=1000(system) Binder:1382_D expire 2 lines
06-16 00:26:18.484  1382  1453 I chatty  : uid=1000(system) android.display expire 24 lines
06-16 00:26:41.376  1382  4216 I chatty  : uid=1000(system) Binder:1382_13 expire 2 lines
06-16 00:26:41.588  1382  4175 I chatty  : uid=1000(system) Binder:1382_11 expire 3 lines
06-16 00:26:44.449  1382  2281 I chatty  : uid=1000(system) Binder:1382_7 expire 3 lines
06-16 00:26:46.862  1382  4221 I chatty  : uid=1000(system) Binder:1382_15 expire 3 lines
06-16 00:26:47.074  1382  1984 I chatty  : uid=1000(system) Binder:1382_3 expire 7 lines
06-16 00:26:47.769 21955 21955 E LoadedApk: Unable to instantiate appComponentFactory
06-16 00:26:47.769 21955 21955 E LoadedApk: java.lang.ClassNotFoundException: Didn't find class "androidx.core.app.CoreComponentFactory" on path: DexPathList[[zip file "/data/app/com.instagram.android-g99g_SfXc33GdHoKNn7sAQ==/base.apk", zip file "/data/app/com.instagram.android-g99g_SfXc33GdHoKNn7sAQ==/split_arservicesforpersonsegmentation.apk", zip file "/data/app/com.instagram.android-g99g_SfXc33GdHoKNn7sAQ==/split_caffe2.apk"],nativeLibraryDirectories=[/data/app/com.instagram.android-g99g_SfXc33GdHoKNn7sAQ==/lib/arm64, /data/app/com.instagram.android-g99g_SfXc33GdHoKNn7sAQ==/base.apk!/lib/arm64-v8a, /data/app/com.instagram.android-g99g_SfXc33GdHoKNn7sAQ==/split_arservicesforpersonsegmentation.apk!/lib/arm64-v8a, /data/app/com.instagram.android-g99g_SfXc33GdHoKNn7sAQ==/split_caffe2.apk!/lib/arm64-v8a, /system/lib64, /product/lib64]]
06-16 00:26:47.769 21955 21955 E LoadedApk: 	at dalvik.system.BaseDexClassLoader.findClass(BaseDexClassLoader.java:196)
06-16 00:26:47.769 21955 21955 E LoadedApk: 	at java.lang.ClassLoader.loadClass(ClassLoader.java:379)
06-16 00:26:47.769 21955 21955 E LoadedApk: 	at java.lang.ClassLoader.loadClass(ClassLoader.java:312)
06-16 00:26:47.769 21955 21955 E LoadedApk: 	at android.app.LoadedApk.createAppFactory(LoadedApk.java:256)
06-16 00:26:47.769 21955 21955 E LoadedApk: 	at android.app.LoadedApk.createOrUpdateClassLoaderLocked(LoadedApk.java:855)
06-16 00:26:47.769 21955 21955 E LoadedApk: 	at android.app.LoadedApk.getClassLoader(LoadedApk.java:950)
06-16 00:26:47.769 21955 21955 E LoadedApk: 	at android.app.LoadedApk.getResources(LoadedApk.java:1188)
06-16 00:26:47.769 21955 21955 E LoadedApk: 	at android.app.ContextImpl.createAppContext(ContextImpl.java:2462)
06-16 00:26:47.769 21955 21955 E LoadedApk: 	at android.app.ContextImpl.createAppContext(ContextImpl.java:2454)
06-16 00:26:47.769 21955 21955 E LoadedApk: 	at android.app.ActivityThread.handleBindApplication(ActivityThread.java:6343)
06-16 00:26:47.769 21955 21955 E LoadedApk: 	at android.app.ActivityThread.access$1300(ActivityThread.java:219)
06-16 00:26:47.769 21955 21955 E LoadedApk: 	at android.app.ActivityThread$H.handleMessage(ActivityThread.java:1859)
06-16 00:26:47.769 21955 21955 E LoadedApk: 	at android.os.Handler.dispatchMessage(Handler.java:107)
06-16 00:26:47.769 21955 21955 E LoadedApk: 	at android.os.Looper.loop(Looper.java:214)
06-16 00:26:47.769 21955 21955 E LoadedApk: 	at android.app.ActivityThread.main(ActivityThread.java:7356)
06-16 00:26:47.769 21955 21955 E LoadedApk: 	at java.lang.reflect.Method.invoke(Native Method)
06-16 00:26:47.769 21955 21955 E LoadedApk: 	at com.android.internal.os.RuntimeInit$MethodAndArgsCaller.run(RuntimeInit.java:492)
06-16 00:26:47.769 21955 21955 E LoadedApk: 	at com.android.internal.os.ZygoteInit.main(ZygoteInit.java:930)
06-16 00:26:47.769 21955 21955 E LoadedApk: 	Suppressed: java.io.IOException: No original dex files found for dex location /data/app/com.instagram.android-g99g_SfXc33GdHoKNn7sAQ==/split_arservicesforpersonsegmentation.apk
06-16 00:26:47.769 21955 21955 E LoadedApk: 		at dalvik.system.DexFile.openDexFileNative(Native Method)
06-16 00:26:47.769 21955 21955 E LoadedApk: 		at dalvik.system.DexFile.openDexFile(DexFile.java:365)
06-16 00:26:47.769 21955 21955 E LoadedApk: 		at dalvik.system.DexFile.<init>(DexFile.java:107)
06-16 00:26:47.769 21955 21955 E LoadedApk: 		at dalvik.system.DexFile.<init>(DexFile.java:80)
06-16 00:26:47.769 21955 21955 E LoadedApk: 		at dalvik.system.DexPathList.loadDexFile(DexPathList.java:444)
06-16 00:26:47.769 21955 21955 E LoadedApk: 		at dalvik.system.DexPathList.makeDexElements(DexPathList.java:403)
06-16 00:26:47.769 21955 21955 E LoadedApk: 		at dalvik.system.DexPathList.<init>(DexPathList.java:164)
06-16 00:26:47.769 21955 21955 E LoadedApk: 		at dalvik.system.BaseDexClassLoader.<init>(BaseDexClassLoader.java:126)
06-16 00:26:47.769 21955 21955 E LoadedApk: 		at dalvik.system.BaseDexClassLoader.<init>(BaseDexClassLoader.java:101)
06-16 00:26:47.769 21955 21955 E LoadedApk: 		at dalvik.system.PathClassLoader.<init>(PathClassLoader.java:74)
06-16 00:26:47.769 21955 21955 E LoadedApk: 		at com.android.internal.os.ClassLoaderFactory.createClassLoader(ClassLoaderFactory.java:87)
06-16 00:26:47.769 21955 21955 E LoadedApk: 		at com.android.internal.os.ClassLoaderFactory.createClassLoader(ClassLoaderFactory.java:116)
06-16 00:26:47.769 21955 21955 E LoadedApk: 		at android.app.ApplicationLoaders.getClassLoader(ApplicationLoaders.java:114)
06-16 00:26:47.769 21955 21955 E LoadedApk: 		at android.app.ApplicationLoaders.getClassLoaderWithSharedLibraries(ApplicationLoaders.java:60)
06-16 00:26:47.769 21955 21955 E LoadedApk: 		at android.app.LoadedApk.createOrUpdateClassLoaderLocked(LoadedApk.java:851)
06-16 00:26:47.769 21955 21955 E LoadedApk: 		... 13 more
06-16 00:26:47.769 21955 21955 E LoadedApk: 	Suppressed: java.io.IOException: No original dex files found for dex location /data/app/com.instagram.android-g99g_SfXc33GdHoKNn7sAQ==/split_caffe2.apk
06-16 00:26:47.769 21955 21955 E LoadedApk: 		at dalvik.system.DexFile.openDexFileNative(Native Method)
06-16 00:26:47.769 21955 21955 E LoadedApk: 		at dalvik.system.DexFile.openDexFile(DexFile.java:365)
06-16 00:26:47.769 21955 21955 E LoadedApk: 		at dalvik.system.DexFile.<init>(DexFile.java:107)
06-16 00:26:47.769 21955 21955 E LoadedApk: 		at dalvik.system.DexFile.<init>(DexFile.java:80)
06-16 00:26:47.769 21955 21955 E LoadedApk: 		at dalvik.system.DexPathList.loadDexFile(DexPathList.java:444)
06-16 00:26:47.769 21955 21955 E LoadedApk: 		at dalvik.system.DexPathList.makeDexElements(DexPathList.java:403)
06-16 00:26:47.769 21955 21955 E LoadedApk: 		at dalvik.system.DexPathList.<init>(DexPathList.java:164)
06-16 00:26:47.769 21955 21955 E LoadedApk: 		at dalvik.system.BaseDexClassLoader.<init>(BaseDexClassLoader.java:126)
06-16 00:26:47.769 21955 21955 E LoadedApk: 		at dalvik.system.BaseDexClassLoader.<init>(BaseDexClassLoader.java:101)
06-16 00:26:47.769 21955 21955 E LoadedApk: 		at dalvik.system.PathClassLoader.<init>(PathClassLoa
06-16 00:26:48.367  1382  1417 I chatty  : uid=1000(system) Binder:1382_2 expire 3 lines
06-16 00:26:48.381  1382  1416 I chatty  : uid=1000(system) Binder:1382_1 expire 9 lines
06-16 00:26:48.813  1382  5192 I chatty  : uid=1000(system) Binder:1382_1F expire 1 line
06-16 00:26:48.887  1382  1473 I chatty  : uid=1000(system) batterystats-wo expire 5 lines
06-16 00:26:49.015  1382  2760 I chatty  : uid=1000(system) Binder:1382_C expire 4 lines
06-16 00:26:51.711  1382 19875 I chatty  : uid=1000(system) AsyncTask #4 expire 2 lines
06-16 00:27:03.444  1382  2454 I chatty  : uid=1000(system) Binder:1382_B expire 5 lines
06-16 00:27:18.025  1382  1382 I chatty  : uid=1000 system_server expire 13 lines
06-16 00:27:56.728  1382  4120 I chatty  : uid=1000(system) Binder:1382_F expire 1 line
06-16 00:28:36.856  1382  2185 I chatty  : uid=1000(system) Binder:1382_5 expire 3 lines
06-16 00:28:44.513  1382  4940 I chatty  : uid=1000(system) Binder:1382_1E expire 3 lines
06-16 00:28:58.272  1382  2058 I chatty  : uid=1000(system) Binder:1382_4 expire 3 lines
06-16 00:30:05.041  1382  1465 I chatty  : uid=1000(system) ActivityManager expire 12 lines
06-16 00:30:05.482  1382  1382 I chatty  : uid=1000 system_server expire 32 lines
06-16 00:30:05.782  1382  1417 I chatty  : uid=1000(system) Binder:1382_2 expire 4 lines
06-16 00:30:08.213  1382  1473 I chatty  : uid=1000(system) batterystats-wo expire 16 lines
06-16 00:30:44.548  1382  2185 I chatty  : uid=1000(system) Binder:1382_5 expire 9 lines
06-16 00:30:46.126  1382  1451 I chatty  : uid=1000(system) android.ui expire 6 lines
06-16 00:31:03.503  1382  2454 I chatty  : uid=1000(system) Binder:1382_B expire 2 lines
06-16 00:31:15.547  1382  4940 I chatty  : uid=1000(system) Binder:1382_1E expire 1 line
06-16 00:31:20.079  1382  4938 I chatty  : uid=1000(system) Binder:1382_1D expire 1 line
06-16 00:32:00.764  1382  4118 I chatty  : uid=1000(system) Binder:1382_E expire 4 lines
06-16 00:32:20.065  1382  4846 I chatty  : uid=1000(system) Binder:1382_17 expire 3 lines
06-16 00:32:20.081  1382  5192 I chatty  : uid=1000(system) Binder:1382_1F expire 6 lines
06-16 00:33:01.249  1382  1450 I chatty  : uid=1000(system) android.fg expire 6 lines
06-16 00:33:01.958  1382  1972 I chatty  : uid=1000(system) ConnectivitySer expire 10 lines
06-16 00:33:02.484  1382  1453 I chatty  : uid=1000(system) android.display expire 18 lines
06-16 00:33:02.697  1382  4862 I chatty  : uid=1000(system) Binder:1382_19 expire 3 lines
06-16 00:33:02.698  1382  4221 I chatty  : uid=1000(system) Binder:1382_15 expire 4 lines
06-16 00:33:02.700  1382  1984 I chatty  : uid=1000(system) Binder:1382_3 expire 1 line
06-16 00:33:03.123  1382  1939 I chatty  : uid=1000(system) InputReader expire 6 lines
06-16 00:33:03.597  1382  1502 I chatty  : uid=1000(system) PowerManagerSer expire 18 lines
06-16 00:33:03.788  1382  2760 I chatty  : uid=1000(system) Binder:1382_C expire 10 lines
06-16 00:33:04.911  1382  4176 I chatty  : uid=1000(system) Binder:1382_12 expire 2 lines
06-16 00:33:10.289 23511 23511 E LoadedApk: Unable to instantiate appComponentFactory
06-16 00:33:10.289 23511 23511 E LoadedApk: java.lang.ClassNotFoundException: Didn't find class "androidx.core.app.CoreComponentFactory" on path: DexPathList[[zip file "/data/app/com.instagram.android-g99g_SfXc33GdHoKNn7sAQ==/base.apk", zip file "/data/app/com.instagram.android-g99g_SfXc33GdHoKNn7sAQ==/split_arservicesforpersonsegmentation.apk", zip file "/data/app/com.instagram.android-g99g_SfXc33GdHoKNn7sAQ==/split_caffe2.apk"],nativeLibraryDirectories=[/data/app/com.instagram.android-g99g_SfXc33GdHoKNn7sAQ==/lib/arm64, /data/app/com.instagram.android-g99g_SfXc33GdHoKNn7sAQ==/base.apk!/lib/arm64-v8a, /data/app/com.instagram.android-g99g_SfXc33GdHoKNn7sAQ==/split_arservicesforpersonsegmentation.apk!/lib/arm64-v8a, /data/app/com.instagram.android-g99g_SfXc33GdHoKNn7sAQ==/split_caffe2.apk!/lib/arm64-v8a, /system/lib64, /product/lib64]]
06-16 00:33:10.289 23511 23511 E LoadedApk: 	at dalvik.system.BaseDexClassLoader.findClass(BaseDexClassLoader.java:196)
06-16 00:33:10.289 23511 23511 E LoadedApk: 	at java.lang.ClassLoader.loadClass(ClassLoader.java:379)
06-16 00:33:10.289 23511 23511 E LoadedApk: 	at java.lang.ClassLoader.loadClass(ClassLoader.java:312)
06-16 00:33:10.289 23511 23511 E LoadedApk: 	at android.app.LoadedApk.createAppFactory(LoadedApk.java:256)
06-16 00:33:10.289 23511 23511 E LoadedApk: 	at android.app.LoadedApk.createOrUpdateClassLoaderLocked(LoadedApk.java:855)
06-16 00:33:10.289 23511 23511 E LoadedApk: 	at android.app.LoadedApk.getClassLoader(LoadedApk.java:950)
06-16 00:33:10.289 23511 23511 E LoadedApk: 	at android.app.LoadedApk.getResources(LoadedApk.java:1188)
06-16 00:33:10.289 23511 23511 E LoadedApk: 	at android.app.ContextImpl.createAppContext(ContextImpl.java:2462)
06-16 00:33:10.289 23511 23511 E LoadedApk: 	at android.app.ContextImpl.createAppContext(ContextImpl.java:2454)
06-16 00:33:10.289 23511 23511 E LoadedApk: 	at android.app.ActivityThread.handleBindApplication(ActivityThread.java:6343)
06-16 00:33:10.289 23511 23511 E LoadedApk: 	at android.app.ActivityThread.access$1300(ActivityThread.java:219)
06-16 00:33:10.289 23511 23511 E LoadedApk: 	at android.app.ActivityThread$H.handleMessage(ActivityThread.java:1859)
06-16 00:33:10.289 23511 23511 E LoadedApk: 	at android.os.Handler.dispatchMessage(Handler.java:107)
06-16 00:33:10.289 23511 23511 E LoadedApk: 	at android.os.Looper.loop(Looper.java:214)
06-16 00:33:10.289 23511 23511 E LoadedApk: 	at android.app.ActivityThread.main(ActivityThread.java:7356)
06-16 00:33:10.289 23511 23511 E LoadedApk: 	at java.lang.reflect.Method.invoke(Native Method)
06-16 00:33:10.289 23511 23511 E LoadedApk: 	at com.android.internal.os.RuntimeInit$MethodAndArgsCaller.run(RuntimeInit.java:492)
06-16 00:33:10.289 23511 23511 E LoadedApk: 	at com.android.internal.os.ZygoteInit.main(ZygoteInit.java:930)
06-16 00:33:10.289 23511 23511 E LoadedApk: 	Suppressed: java.io.IOException: No original dex files found for dex location /data/app/com.instagram.android-g99g_SfXc33GdHoKNn7sAQ==/split_arservicesforpersonsegmentation.apk
06-16 00:33:10.289 23511 23511 E LoadedApk: 		at dalvik.system.DexFile.openDexFileNative(Native Method)
06-16 00:33:10.289 23511 23511 E LoadedApk: 		at dalvik.system.DexFile.openDexFile(DexFile.java:365)
06-16 00:33:10.289 23511 23511 E LoadedApk: 		at dalvik.system.DexFile.<init>(DexFile.java:107)
06-16 00:33:10.289 23511 23511 E LoadedApk: 		at dalvik.system.DexFile.<init>(DexFile.java:80)
06-16 00:33:10.289 23511 23511 E LoadedApk: 		at dalvik.system.DexPathList.loadDexFile(DexPathList.java:444)
06-16 00:33:10.289 23511 23511 E LoadedApk: 		at dalvik.system.DexPathList.makeDexElements(DexPathList.java:403)
06-16 00:33:10.289 23511 23511 E LoadedApk: 		at dalvik.system.DexPathList.<init>(DexPathList.java:164)
06-16 00:33:10.289 23511 23511 E LoadedApk: 		at dalvik.system.BaseDexClassLoader.<init>(BaseDexClassLoader.java:126)
06-16 00:33:10.289 23511 23511 E LoadedApk: 		at dalvik.system.BaseDexClassLoader.<init>(BaseDexClassLoader.java:101)
06-16 00:33:10.289 23511 23511 E LoadedApk: 		at dalvik.system.PathClassLoader.<init>(PathClassLoader.java:74)
06-16 00:33:10.289 23511 23511 E LoadedApk: 		at com.android.internal.os.ClassLoaderFactory.createClassLoader(ClassLoaderFactory.java:87)
06-16 00:33:10.289 23511 23511 E LoadedApk: 		at com.android.internal.os.ClassLoaderFactory.createClassLoader(ClassLoaderFactory.java:116)
06-16 00:33:10.289 23511 23511 E LoadedApk: 		at android.app.ApplicationLoaders.getClassLoader(ApplicationLoaders.java:114)
06-16 00:33:10.289 23511 23511 E LoadedApk: 		at android.app.ApplicationLoaders.getClassLoaderWithSharedLibraries(ApplicationLoaders.java:60)
06-16 00:33:10.289 23511 23511 E LoadedApk: 		at android.app.LoadedApk.createOrUpdateClassLoaderLocked(LoadedApk.java:851)
06-16 00:33:10.289 23511 23511 E LoadedApk: 		... 13 more
06-16 00:33:10.289 23511 23511 E LoadedApk: 	Suppressed: java.io.IOException: No original dex files found for dex location /data/app/com.instagram.android-g99g_SfXc33GdHoKNn7sAQ==/split_caffe2.apk
06-16 00:33:10.289 23511 23511 E LoadedApk: 		at dalvik.system.DexFile.openDexFileNative(Native Method)
06-16 00:33:10.289 23511 23511 E LoadedApk: 		at dalvik.system.DexFile.openDexFile(DexFile.java:365)
06-16 00:33:10.289 23511 23511 E LoadedApk: 		at dalvik.system.DexFile.<init>(DexFile.java:107)
06-16 00:33:10.289 23511 23511 E LoadedApk: 		at dalvik.system.DexFile.<init>(DexFile.java:80)
06-16 00:33:10.289 23511 23511 E LoadedApk: 		at dalvik.system.DexPathList.loadDexFile(DexPathList.java:444)
06-16 00:33:10.289 23511 23511 E LoadedApk: 		at dalvik.system.DexPathList.makeDexElements(DexPathList.java:403)
06-16 00:33:10.289 23511 23511 E LoadedApk: 		at dalvik.system.DexPathList.<init>(DexPathList.java:164)
06-16 00:33:10.289 23511 23511 E LoadedApk: 		at dalvik.system.BaseDexClassLoader.<init>(BaseDexClassLoader.java:126)
06-16 00:33:10.289 23511 23511 E LoadedApk: 		at dalvik.system.BaseDexClassLoader.<init>(BaseDexClassLoader.java:101)
06-16 00:33:10.289 23511 23511 E LoadedApk: 		at dalvik.system.PathClassLoader.<init>(PathClassLoa
06-16 00:33:11.401  1382  4113 I chatty  : uid=1000(system) Binder:1382_D expire 6 lines
06-16 00:33:11.470  1382  4175 I chatty  : uid=1000(system) Binder:1382_11 expire 2 lines
06-16 00:33:11.547 23666 23666 E LoadedApk: Unable to instantiate appComponentFactory
06-16 00:33:11.547 23666 23666 E LoadedApk: java.lang.ClassNotFoundException: Didn't find class "androidx.core.app.CoreComponentFactory" on path: DexPathList[[zip file "/data/app/com.instagram.android-g99g_SfXc33GdHoKNn7sAQ==/base.apk", zip file "/data/app/com.instagram.android-g99g_SfXc33GdHoKNn7sAQ==/split_arservicesforpersonsegmentation.apk", zip file "/data/app/com.instagram.android-g99g_SfXc33GdHoKNn7sAQ==/split_caffe2.apk"],nativeLibraryDirectories=[/data/app/com.instagram.android-g99g_SfXc33GdHoKNn7sAQ==/lib/arm64, /data/app/com.instagram.android-g99g_SfXc33GdHoKNn7sAQ==/base.apk!/lib/arm64-v8a, /data/app/com.instagram.android-g99g_SfXc33GdHoKNn7sAQ==/split_arservicesforpersonsegmentation.apk!/lib/arm64-v8a, /data/app/com.instagram.android-g99g_SfXc33GdHoKNn7sAQ==/split_caffe2.apk!/lib/arm64-v8a, /system/lib64, /product/lib64]]
06-16 00:33:11.547 23666 23666 E LoadedApk: 	at dalvik.system.BaseDexClassLoader.findClass(BaseDexClassLoader.java:196)
06-16 00:33:11.547 23666 23666 E LoadedApk: 	at java.lang.ClassLoader.loadClass(ClassLoader.java:379)
06-16 00:33:11.547 23666 23666 E LoadedApk: 	at java.lang.ClassLoader.loadClass(ClassLoader.java:312)
06-16 00:33:11.547 23666 23666 E LoadedApk: 	at android.app.LoadedApk.createAppFactory(LoadedApk.java:256)
06-16 00:33:11.547 23666 23666 E LoadedApk: 	at android.app.LoadedApk.createOrUpdateClassLoaderLocked(LoadedApk.java:855)
06-16 00:33:11.547 23666 23666 E LoadedApk: 	at android.app.LoadedApk.getClassLoader(LoadedApk.java:950)
06-16 00:33:11.547 23666 23666 E LoadedApk: 	at android.app.LoadedApk.getResources(LoadedApk.java:1188)
06-16 00:33:11.547 23666 23666 E LoadedApk: 	at android.app.ContextImpl.createAppContext(ContextImpl.java:2462)
06-16 00:33:11.547 23666 23666 E LoadedApk: 	at android.app.ContextImpl.createAppContext(ContextImpl.java:2454)
06-16 00:33:11.547 23666 23666 E LoadedApk: 	at android.app.ActivityThread.handleBindApplication(ActivityThread.java:6343)
06-16 00:33:11.547 23666 23666 E LoadedApk: 	at android.app.ActivityThread.access$1300(ActivityThread.java:219)
06-16 00:33:11.547 23666 23666 E LoadedApk: 	at android.app.ActivityThread$H.handleMessage(ActivityThread.java:1859)
06-16 00:33:11.547 23666 23666 E LoadedApk: 	at android.os.Handler.dispatchMessage(Handler.java:107)
06-16 00:33:11.547 23666 23666 E LoadedApk: 	at android.os.Looper.loop(Looper.java:214)
06-16 00:33:11.547 23666 23666 E LoadedApk: 	at android.app.ActivityThread.main(ActivityThread.java:7356)
06-16 00:33:11.547 23666 23666 E LoadedApk: 	at java.lang.reflect.Method.invoke(Native Method)
06-16 00:33:11.547 23666 23666 E LoadedApk: 	at com.android.internal.os.RuntimeInit$MethodAndArgsCaller.run(RuntimeInit.java:492)
06-16 00:33:11.547 23666 23666 E LoadedApk: 	at com.android.internal.os.ZygoteInit.main(ZygoteInit.java:930)
06-16 00:33:11.547 23666 23666 E LoadedApk: 	Suppressed: java.io.IOException: No original dex files found for dex location /data/app/com.instagram.android-g99g_SfXc33GdHoKNn7sAQ==/split_arservicesforpersonsegmentation.apk
06-16 00:33:11.547 23666 23666 E LoadedApk: 		at dalvik.system.DexFile.openDexFileNative(Native Method)
06-16 00:33:11.547 23666 23666 E LoadedApk: 		at dalvik.system.DexFile.openDexFile(DexFile.java:365)
06-16 00:33:11.547 23666 23666 E LoadedApk: 		at dalvik.system.DexFile.<init>(DexFile.java:107)
06-16 00:33:11.547 23666 23666 E LoadedApk: 		at dalvik.system.DexFile.<init>(DexFile.java:80)
06-16 00:33:11.547 23666 23666 E LoadedApk: 		at dalvik.system.DexPathList.loadDexFile(DexPathList.java:444)
06-16 00:33:11.547 23666 23666 E LoadedApk: 		at dalvik.system.DexPathList.makeDexElements(DexPathList.java:403)
06-16 00:33:11.547 23666 23666 E LoadedApk: 		at dalvik.system.DexPathList.<init>(DexPathList.java:164)
06-16 00:33:11.547 23666 23666 E LoadedApk: 		at dalvik.system.BaseDexClassLoader.<init>(BaseDexClassLoader.java:126)
06-16 00:33:11.547 23666 23666 E LoadedApk: 		at dalvik.system.BaseDexClassLoader.<init>(BaseDexClassLoader.java:101)
06-16 00:33:11.547 23666 23666 E LoadedApk: 		at dalvik.system.PathClassLoader.<init>(PathClassLoader.java:74)
06-16 00:33:11.547 23666 23666 E LoadedApk: 		at com.android.internal.os.ClassLoaderFactory.createClassLoader(ClassLoaderFactory.java:87)
06-16 00:33:11.547 23666 23666 E LoadedApk: 		at com.android.internal.os.ClassLoaderFactory.createClassLoader(ClassLoaderFactory.java:116)
06-16 00:33:11.547 23666 23666 E LoadedApk: 		at android.app.ApplicationLoaders.getClassLoader(ApplicationLoaders.java:114)
06-16 00:33:11.547 23666 23666 E LoadedApk: 		at android.app.ApplicationLoaders.getClassLoaderWithSharedLibraries(ApplicationLoaders.java:60)
06-16 00:33:11.547 23666 23666 E LoadedApk: 		at android.app.LoadedApk.createOrUpdateClassLoaderLocked(LoadedApk.java:851)
06-16 00:33:11.547 23666 23666 E LoadedApk: 		... 13 more
06-16 00:33:11.547 23666 23666 E LoadedApk: 	Suppressed: java.io.IOException: No original dex files found for dex location /data/app/com.instagram.android-g99g_SfXc33GdHoKNn7sAQ==/split_caffe2.apk
06-16 00:33:11.547 23666 23666 E LoadedApk: 		at dalvik.system.DexFile.openDexFileNative(Native Method)
06-16 00:33:11.547 23666 23666 E LoadedApk: 		at dalvik.system.DexFile.openDexFile(DexFile.java:365)
06-16 00:33:11.547 23666 23666 E LoadedApk: 		at dalvik.system.DexFile.<init>(DexFile.java:107)
06-16 00:33:11.547 23666 23666 E LoadedApk: 		at dalvik.system.DexFile.<init>(DexFile.java:80)
06-16 00:33:11.547 23666 23666 E LoadedApk: 		at dalvik.system.DexPathList.loadDexFile(DexPathList.java:444)
06-16 00:33:11.547 23666 23666 E LoadedApk: 		at dalvik.system.DexPathList.makeDexElements(DexPathList.java:403)
06-16 00:33:11.547 23666 23666 E LoadedApk: 		at dalvik.system.DexPathList.<init>(DexPathList.java:164)
06-16 00:33:11.547 23666 23666 E LoadedApk: 		at dalvik.system.BaseDexClassLoader.<init>(BaseDexClassLoader.java:126)
06-16 00:33:11.547 23666 23666 E LoadedApk: 		at dalvik.system.BaseDexClassLoader.<init>(BaseDexClassLoader.java:101)
06-16 00:33:11.547 23666 23666 E LoadedApk: 		at dalvik.system.PathClassLoader.<init>(PathClassLoa
06-16 00:33:20.973 11388 11388 E ActivityThread: Service com.google.android.gms.chimera.GmsBoundBrokerService has leaked IntentReceiver com.google.android.gms.mdm.receivers.WifiStateChangedReceiver@838fbfb that was originally registered here. Are you missing a call to unregisterReceiver()?
06-16 00:33:20.973 11388 11388 E ActivityThread: android.app.IntentReceiverLeaked: Service com.google.android.gms.chimera.GmsBoundBrokerService has leaked IntentReceiver com.google.android.gms.mdm.receivers.WifiStateChangedReceiver@838fbfb that was originally registered here. Are you missing a call to unregisterReceiver()?
06-16 00:33:20.973 11388 11388 E ActivityThread: 	at android.app.LoadedApk$ReceiverDispatcher.<init>(LoadedApk.java:1588)
06-16 00:33:20.973 11388 11388 E ActivityThread: 	at android.app.LoadedApk.getReceiverDispatcher(LoadedApk.java:1368)
06-16 00:33:20.973 11388 11388 E ActivityThread: 	at android.app.ContextImpl.registerReceiverInternal(ContextImpl.java:1515)
06-16 00:33:20.973 11388 11388 E ActivityThread: 	at android.app.ContextImpl.registerReceiver(ContextImpl.java:1488)
06-16 00:33:20.973 11388 11388 E ActivityThread: 	at android.content.ContextWrapper.registerReceiver(ContextWrapper.java:640)
06-16 00:33:20.973 11388 11388 E ActivityThread: 	at android.content.ContextWrapper.registerReceiver(ContextWrapper.java:640)
06-16 00:33:20.973 11388 11388 E ActivityThread: 	at android.content.ContextWrapper.registerReceiver(ContextWrapper.java:640)
06-16 00:33:20.973 11388 11388 E ActivityThread: 	at android.content.ContextWrapper.registerReceiver(ContextWrapper.java:640)
06-16 00:33:20.973 11388 11388 E ActivityThread: 	at android.content.ContextWrapper.registerReceiver(ContextWrapper.java:640)
06-16 00:33:20.973 11388 11388 E ActivityThread: 	at android.content.ContextWrapper.registerReceiver(ContextWrapper.java:640)
06-16 00:33:20.973 11388 11388 E ActivityThread: 	at android.content.ContextWrapper.registerReceiver(ContextWrapper.java:640)
06-16 00:33:20.973 11388 11388 E ActivityThread: 	at apyw.a(:com.google.android.gms@201817037@20.18.17 (120400-311416286):2)
06-16 00:33:20.973 11388 11388 E ActivityThread: 	at apzo.a(:com.google.android.gms@201817037@20.18.17 (120400-311416286):32)
06-16 00:33:20.973 11388 11388 E ActivityThread: 	at zqv.run(:com.google.android.gms@201817037@20.18.17 (120400-311416286):10)
06-16 00:33:20.973 11388 11388 E ActivityThread: 	at blob.run(:com.google.android.gms@201817037@20.18.17 (120400-311416286):2)
06-16 00:33:20.973 11388 11388 E ActivityThread: 	at sfd.b(:com.google.android.gms@201817037@20.18.17 (120400-311416286):12)
06-16 00:33:20.973 11388 11388 E ActivityThread: 	at sfd.run(:com.google.android.gms@201817037@20.18.17 (120400-311416286):7)
06-16 00:33:20.973 11388 11388 E ActivityThread: 	at java.util.concurrent.ThreadPoolExecutor.runWorker(ThreadPoolExecutor.java:1167)
06-16 00:33:20.973 11388 11388 E ActivityThread: 	at java.util.concurrent.ThreadPoolExecutor$Worker.run(ThreadPoolExecutor.java:641)
06-16 00:33:20.973 11388 11388 E ActivityThread: 	at sld.run(:com.google.android.gms@201817037@20.18.17 (120400-311416286):0)
06-16 00:33:20.973 11388 11388 E ActivityThread: 	at java.lang.Thread.run(Thread.java:919)
06-16 00:33:21.326  1382  1453 I chatty  : uid=1000(system) android.display expire 1 line
06-16 00:33:39.270  1382  1473 I chatty  : uid=1000(system) batterystats-wo expire 15 lines
06-16 00:34:40.283  1382  1382 I chatty  : uid=1000 system_server expire 8 lines
06-16 00:34:45.975 23936 23936 D ActivityThread: Loading provider contacts;com.android.contacts: com.android.providers.contacts.ContactsProvider2
06-16 00:35:05.291  1382  4881 I chatty  : uid=1000(system) Binder:1382_1A expire 5 lines
06-16 00:35:31.319  1382  1465 I chatty  : uid=1000(system) ActivityManager expire 3 lines
06-16 00:35:36.189  1382  4847 I chatty  : uid=1000(system) Binder:1382_18 expire 10 lines
06-16 00:36:06.888  1382  1972 I chatty  : uid=1000(system) ConnectivitySer expire 29 lines
06-16 00:37:13.290  1382  2453 I chatty  : uid=1000(system) Binder:1382_A expire 1 line
06-16 00:41:42.252  1382  4918 I chatty  : uid=1000(system) Binder:1382_1B expire 5 lines
06-16 00:41:42.300  1382  1972 I chatty  : uid=1000(system) ConnectivitySer expire 69 lines
06-16 00:41:42.325  1382  4176 I chatty  : uid=1000(system) Binder:1382_12 expire 2 lines
06-16 00:41:42.393  1382  1465 I chatty  : uid=1000(system) ActivityManager expire 12 lines
06-16 00:41:43.220  1382  2760 I chatty  : uid=1000(system) Binder:1382_C expire 2 lines
06-16 00:41:45.440  1382  1450 I chatty  : uid=1000(system) android.fg expire 3 lines
06-16 00:41:45.873  1382  4113 I chatty  : uid=1000(system) Binder:1382_D expire 2 lines
06-16 00:41:45.976 11388 17531 W PackageParser: Unknown element under <manifest>: queries at /data/user_de/0/com.google.android.gms/app_chimera/m/00000084/dl-Payments.integ_202112000100400.apk Binary XML file line #5
06-16 00:43:11.269  1382  2185 I chatty  : uid=1000(system) Binder:1382_5 expire 3 lines
06-16 00:43:11.278  1382  4175 I chatty  : uid=1000(system) Binder:1382_11 expire 3 lines
06-16 00:44:01.323  1382  4881 I chatty  : uid=1000(system) Binder:1382_1A expire 4 lines
06-16 00:44:40.250  1382  1382 I chatty  : uid=1000 system_server expire 24 lines
06-16 00:45:58.280  1382  4221 I chatty  : uid=1000(system) Binder:1382_15 expire 5 lines
06-16 01:04:53.276 24669 24669 D ActivityThread: Loading provider contacts;com.android.contacts: com.android.providers.contacts.ContactsProvider2
06-16 01:06:43.362  1382  1382 I chatty  : uid=1000 system_server expire 19 lines
06-16 01:07:01.105  1382  2186 I chatty  : uid=1000(system) Binder:1382_6 expire 4 lines
06-16 01:07:01.106  1382  2058 I chatty  : uid=1000(system) Binder:1382_4 expire 2 lines
06-16 01:07:01.152  1382  1453 I chatty  : uid=1000(system) android.display expire 1 line
06-16 01:07:01.162  1382  4847 I chatty  : uid=1000(system) Binder:1382_18 expire 5 lines
06-16 01:14:39.273  1382  1972 I chatty  : uid=1000(system) ConnectivitySer expire 50 lines
06-16 01:14:39.620  1382  5195 I chatty  : uid=1000(system) Binder:1382_20 expire 5 lines
06-16 01:14:39.900  1382  1984 I chatty  : uid=1000(system) Binder:1382_3 expire 6 lines
06-16 01:14:40.127  1382  2288 I chatty  : uid=1000(system) Binder:1382_8 expire 1 line
06-16 01:14:40.141  1382  1464 I chatty  : uid=1000(system) ActivityManager expire 21 lines
06-16 01:14:40.258  1382  2303 I chatty  : uid=1000(system) Binder:1382_9 expire 1 line
06-16 01:14:40.356  1382  1473 I chatty  : uid=1000(system) batterystats-wo expire 1 line
06-16 01:14:40.418  1382  4120 I chatty  : uid=1000(system) Binder:1382_F expire 2 lines
06-16 01:14:43.575  1382  4223 I chatty  : uid=1000(system) Binder:1382_16 expire 3 lines
06-16 01:14:45.802  1382  1486 I chatty  : uid=1000(system) FileObserver expire 1 line
06-16 01:14:46.270  1382  1984 I chatty  : uid=1000(system) Binder:1382_3 expire 1 line
06-16 01:14:46.370  1382  4120 I chatty  : uid=1000(system) Binder:1382_F expire 8 lines
06-16 01:14:50.979  1382  1473 I chatty  : uid=1000(system) batterystats-wo expire 6 lines
06-16 01:14:55.262  1382  2058 I chatty  : uid=1000(system) Binder:1382_4 expire 14 lines
06-16 01:14:55.334  1382  2186 I chatty  : uid=1000(system) Binder:1382_6 expire 2 lines
06-16 01:14:55.335  1382  1972 I chatty  : uid=1000(system) ConnectivitySer expire 131 lines
06-16 01:14:55.550  1382  2303 I chatty  : uid=1000(system) Binder:1382_9 expire 2 lines
06-16 01:17:01.236  1382  1450 I chatty  : uid=1000(system) android.fg expire 4 lines
06-16 01:17:01.289  1382  1382 I chatty  : uid=1000 system_server expire 32 lines
06-16 01:17:01.799  1382  1453 I chatty  : uid=1000(system) android.display expire 2 lines
06-16 01:17:03.019  1382  2454 I chatty  : uid=1000(system) Binder:1382_B expire 1 line
06-16 01:19:54.527  1382  4223 I chatty  : uid=1000(system) Binder:1382_16 expire 6 lines
06-16 01:30:01.312  1382  1465 I chatty  : uid=1000(system) ActivityManager expire 7 lines
06-16 01:30:03.601  1382  4921 I chatty  : uid=1000(system) Binder:1382_1C expire 3 lines
06-16 01:30:05.580  1382  1464 I chatty  : uid=1000(system) ActivityManager expire 21 lines
06-16 01:45:11.412  1382  4113 I chatty  : uid=1000(system) Binder:1382_D expire 4 lines
06-16 01:45:11.921  1382  4881 I chatty  : uid=1000(system) Binder:1382_1A expire 5 lines
06-16 01:45:11.946  1382  4918 I chatty  : uid=1000(system) Binder:1382_1B expire 1 line
06-16 01:45:17.549  1382  4175 I chatty  : uid=1000(system) Binder:1382_11 expire 2 lines
06-16 01:45:18.333  1382  2288 I chatty  : uid=1000(system) Binder:1382_8 expire 1 line
06-16 01:45:18.500  1382  4221 I chatty  : uid=1000(system) Binder:1382_15 expire 1 line
06-16 01:45:30.044  1382  2453 I chatty  : uid=1000(system) Binder:1382_A expire 1 line
06-16 01:45:33.316  1382  4221 I chatty  : uid=1000(system) Binder:1382_15 expire 2 lines
06-16 01:45:33.366  1382  4881 I chatty  : uid=1000(system) Binder:1382_1A expire 1 line
06-16 01:45:33.366  1382  4918 I chatty  : uid=1000(system) Binder:1382_1B expire 2 lines
06-16 01:45:33.367  1382  1972 I chatty  : uid=1000(system) ConnectivitySer expire 34 lines
06-16 01:45:40.468  1382  4921 I chatty  : uid=1000(system) Binder:1382_1C expire 6 lines
06-16 01:45:40.545  1382  2303 I chatty  : uid=1000(system) Binder:1382_9 expire 1 line
06-16 01:45:40.561  1382  2058 I chatty  : uid=1000(system) Binder:1382_4 expire 1 line
06-16 01:45:40.571  1382  1984 I chatty  : uid=1000(system) Binder:1382_3 expire 3 lines
06-16 01:45:40.606  1382  4176 I chatty  : uid=1000(system) Binder:1382_12 expire 1 line
06-16 01:45:40.607  1382  4216 I chatty  : uid=1000(system) Binder:1382_13 expire 2 lines
06-16 01:45:41.917  1382  4862 I chatty  : uid=1000(system) Binder:1382_19 expire 1 line
06-16 01:45:45.396  1382  1382 I chatty  : uid=1000 system_server expire 41 lines
06-16 01:49:09.433  1382  1473 I chatty  : uid=1000(system) batterystats-wo expire 3 lines
06-16 01:49:56.898  1382  4847 I chatty  : uid=1000(system) Binder:1382_18 expire 1 line
06-16 02:31:39.324  1382  4113 I chatty  : uid=1000(system) Binder:1382_D expire 2 lines
06-16 02:31:39.386  1382  2288 I chatty  : uid=1000(system) Binder:1382_8 expire 11 lines
06-16 02:31:39.408  1382  1465 I chatty  : uid=1000(system) ActivityManager expire 4 lines
06-16 02:31:39.594  1382  2760 I chatty  : uid=1000(system) Binder:1382_C expire 3 lines
06-16 02:31:39.685  1382  4846 I chatty  : uid=1000(system) Binder:1382_17 expire 8 lines
06-16 02:31:39.927  1382  4938 I chatty  : uid=1000(system) Binder:1382_1D expire 2 lines
06-16 02:31:45.314  1382  1464 I chatty  : uid=1000(system) ActivityManager expire 21 lines
06-16 02:31:47.303 11388 16841 W PackageParser: Unknown element under <manifest>: queries at /data/user_de/0/com.google.android.gms/app_chimera/m/00000084/dl-Payments.integ_202112000100400.apk Binary XML file line #5
06-16 02:31:55.466  1382  1417 I chatty  : uid=1000(system) Binder:1382_2 expire 1 line
06-16 02:31:55.510  1382  2281 I chatty  : uid=1000(system) Binder:1382_7 expire 1 line
06-16 02:31:55.704  1382  4120 I chatty  : uid=1000(system) Binder:1382_F expire 2 lines
06-16 02:31:55.731  1382  4175 I chatty  : uid=1000(system) Binder:1382_11 expire 1 line
06-16 02:31:55.781  1382  1382 I chatty  : uid=1000 system_server expire 71 lines
06-16 02:32:24.671  1382  1972 I chatty  : uid=1000(system) ConnectivitySer expire 25 lines
06-16 02:56:55.459  1382  2454 I chatty  : uid=1000(system) Binder:1382_B expire 1 line
06-16 03:05:46.924  1382  2185 I chatty  : uid=1000(system) Binder:1382_5 expire 2 lines
06-16 03:56:59.965  1382  1453 I chatty  : uid=1000(system) android.display expire 3 lines
06-16 03:59:09.664  1382  1382 I chatty  : uid=1000 system_server expire 20 lines
06-16 04:01:01.141  1382  1463 I chatty  : uid=1000(system) android.bg expire 6 lines
06-16 04:22:36.129  1382  1928 I chatty  : uid=1000(system) AlarmManager expire 1 line
06-16 04:22:36.248  1382  1972 I chatty  : uid=1000(system) ConnectivitySer expire 37 lines
06-16 04:22:36.295  1382  4118 I chatty  : uid=1000(system) Binder:1382_E expire 5 lines
06-16 04:22:36.389  1382  4881 I chatty  : uid=1000(system) Binder:1382_1A expire 2 lines
06-16 04:22:36.579  1382  4120 I chatty  : uid=1000(system) Binder:1382_F expire 3 lines
06-16 04:22:36.687  1382  1465 I chatty  : uid=1000(system) ActivityManager expire 10 lines
06-16 04:22:36.688  1382  2185 I chatty  : uid=1000(system) Binder:1382_5 expire 3 lines
06-16 04:22:37.007  1382  4221 I chatty  : uid=1000(system) Binder:1382_15 expire 6 lines
06-16 04:22:37.036  1382  1416 I chatty  : uid=1000(system) Binder:1382_1 expire 11 lines
06-16 04:22:37.376  1382  4846 I chatty  : uid=1000(system) Binder:1382_17 expire 3 lines
06-16 04:22:37.813  1382  4216 I chatty  : uid=1000(system) Binder:1382_13 expire 4 lines
06-16 04:22:38.020  1382  4862 I chatty  : uid=1000(system) Binder:1382_19 expire 8 lines
06-16 04:22:38.099  1382  2288 I chatty  : uid=1000(system) Binder:1382_8 expire 5 lines
06-16 04:22:40.369   570 27348 D vold    : idle maintenance started
06-16 04:22:40.392   570 27348 D vold    : Start GC on /sys/fs/f2fs/dm-9
06-16 04:22:40.415  1382  1464 I chatty  : uid=1000(system) ActivityManager expire 25 lines
06-16 04:22:41.085  1382  1417 I chatty  : uid=1000(system) Binder:1382_2 expire 12 lines
06-16 04:22:41.942  1382  2454 I chatty  : uid=1000(system) Binder:1382_B expire 5 lines
06-16 04:22:42.183  1382  1473 I chatty  : uid=1000(system) batterystats-wo expire 5 lines
06-16 04:22:44.868  1382  4176 I chatty  : uid=1000(system) Binder:1382_12 expire 2 lines
06-16 04:22:46.697  1382  4113 I chatty  : uid=1000(system) Binder:1382_D expire 4 lines
06-16 04:22:50.241 11388 27506 W PackageParser: Unknown element under <manifest>: queries at /data/user_de/0/com.google.android.gms/app_chimera/m/00000084/dl-Payments.integ_202112000100400.apk Binary XML file line #5
06-16 04:22:52.481  1382  1382 I chatty  : uid=1000 system_server expire 13 lines
06-16 04:22:54.013  1382  1972 I chatty  : uid=1000(system) ConnectivitySer expire 18 lines
06-16 04:22:55.085  1382  4175 I chatty  : uid=1000(system) Binder:1382_11 expire 2 lines
06-16 04:22:56.473  1382  1465 I chatty  : uid=1000(system) ActivityManager expire 8 lines
06-16 04:23:03.183  1382  2186 I chatty  : uid=1000(system) Binder:1382_6 expire 2 lines
06-16 04:23:03.240  1382  4940 I chatty  : uid=1000(system) Binder:1382_1E expire 1 line
06-16 04:23:06.984   570 28268 D vold    : aborting idle maintenance
06-16 04:23:06.984   570 27348 D vold    : Stop GC on /sys/fs/f2fs/dm-9
06-16 04:23:06.985   570 27348 D vold    : idle maintenance completed
06-16 04:23:06.986   570 28268 D vold    : idle maintenance stopped
06-16 04:23:08.085  1382  1972 I chatty  : uid=1000(system) ConnectivitySer expire 14 lines
06-16 04:26:48.049  1382  2281 I chatty  : uid=1000(system) Binder:1382_7 expire 4 lines
06-16 04:26:53.198  1382  4918 I chatty  : uid=1000(system) Binder:1382_1B expire 2 lines
06-16 04:26:58.405  1382  1984 I chatty  : uid=1000(system) Binder:1382_3 expire 2 lines
06-16 04:26:58.405  1382  4847 I chatty  : uid=1000(system) Binder:1382_18 expire 2 lines
06-16 04:28:01.260  1382  5192 I chatty  : uid=1000(system) Binder:1382_1F expire 1 line
06-16 04:28:33.682 11388 28430 W PackageParser: Unknown element under <manifest>: queries at /data/user_de/0/com.google.android.gms/app_chimera/m/00000084/dl-Payments.integ_202112000100400.apk Binary XML file line #5
06-16 04:28:33.736  1382  5195 I chatty  : uid=1000(system) Binder:1382_20 expire 1 line
06-16 04:28:33.737  1382  1972 I chatty  : uid=1000(system) ConnectivitySer expire 2 lines
06-16 04:28:34.212  1382  2453 I chatty  : uid=1000(system) Binder:1382_A expire 1 line
06-16 04:29:01.189  1382  1416 I chatty  : uid=1000(system) Binder:1382_1 expire 13 lines
06-16 04:29:01.210  1382  4918 I chatty  : uid=1000(system) Binder:1382_1B expire 3 lines
06-16 04:29:01.368  1382  4921 I chatty  : uid=1000(system) Binder:1382_1C expire 3 lines
06-16 04:29:01.369 11388 12402 W PackageParser: Unknown element under <manifest>: queries at /data/user_de/0/com.google.android.gms/app_chimera/m/00000084/dl-Payments.integ_202112000100400.apk Binary XML file line #5
06-16 04:29:48.463  1382  1382 I chatty  : uid=1000 system_server expire 142 lines
06-16 04:30:01.098  1382  1417 I chatty  : uid=1000(system) Binder:1382_2 expire 1 line
06-16 04:30:01.098  1382  4881 I chatty  : uid=1000(system) Binder:1382_1A expire 1 line
06-16 04:30:01.100  1382  1972 I chatty  : uid=1000(system) ConnectivitySer expire 26 lines
06-16 04:30:01.111  1382  1451 I chatty  : uid=1000(system) android.ui expire 1 line
06-16 04:36:28.760  1382  1473 I chatty  : uid=1000(system) batterystats-wo expire 1 line
06-16 04:38:01.577  1382  4118 I chatty  : uid=1000(system) Binder:1382_E expire 2 lines
06-16 04:38:01.591  2630  6969 V PackageManager: [3e9a9529-1eea-44c7-89d5-b3fcc2a27843] Phase1 called; posting
06-16 04:38:01.591  2630  2630 D PackageManager: [3e9a9529-1eea-44c7-89d5-b3fcc2a27843] Phase1 request; prefix: [-2130968576, -1574092800, -1552310272, -1519472640, -1268428800, -1047371776, -167936000, -116387840, -77529088, 165351424, 326983680, 376819712, 950112256, 1069314048, 1178128384, 1350750208, 1785475072, 1937907712], userId: 0
06-16 04:38:01.631  2630  6969 V PackageManager: [a2be7ecb-1746-42b6-b5a8-be648ae69c0b] Phase1 called; posting
06-16 04:38:01.631  2630  2630 D PackageManager: [a2be7ecb-1746-42b6-b5a8-be648ae69c0b] Phase1 request; prefix: [-2130968576, -1907019776, -1658548224, -1611919360, -1587314688, -1552310272, -1327640576, -1305518080, 36589568, 171761664, 219242496, 515072000, 542609408, 560951296, 566489088, 1126019072, 1735028736, 1864003584, 1933410304, 1944805376, 2068860928], userId: 0
06-16 04:38:01.647  2630  6969 V PackageManager: [cd3a9481-53c0-4fe8-b639-a224985bafea] Phase1 called; posting
06-16 04:38:01.647  2630  2630 D PackageManager: [cd3a9481-53c0-4fe8-b639-a224985bafea] Phase1 request; prefix: [-2130968576, -2016870400, -1648848896, -1552310272, -1452089344, -508465152, -371609600, -346501120, 523886592, 1108168704, 1415696384, 1863974912], userId: 0
06-16 04:39:01.112  2630  6969 V PackageManager: [383e30e1-c70d-4e45-9323-5c32aa6e3911] Phase1 called; posting
06-16 04:39:01.112  2630  2630 D PackageManager: [383e30e1-c70d-4e45-9323-5c32aa6e3911] Phase1 request; prefix: [-2130968576, -2073645056, -1552310272, -1303822336, -35725312, 453111808, 816607232, 882294784, 888254464, 995246080, 1004175360, 1635876864, 2070167552], userId: 0
06-16 04:39:01.139  2630  6969 V PackageManager: [91f10b4c-4772-49f2-a30c-5e15a0583852] Phase1 called; posting
06-16 04:39:01.140  2630  2630 D PackageManager: [91f10b4c-4772-49f2-a30c-5e15a0583852] Phase1 request; prefix: [-2130968576, -1907585024, -1552310272, -1550135296, -1372090368, -1325064192, -945782784, -909144064, -720609280, -229949440, 90021888, 458473472, 520024064, 1191686144, 1711730688], userId: 0
06-16 04:39:01.155  2630  6969 V PackageManager: [352b34da-90fe-47c7-a87f-f0a38387bfd9] Phase1 called; posting
06-16 04:39:01.155  2630  2630 D PackageManager: [352b34da-90fe-47c7-a87f-f0a38387bfd9] Phase1 request; prefix: [-2130968576, -1879867392, -1671151616, -1552310272, -843177984, -618156032, 218075136, 308604928, 1337905152, 1497526272, 1523015680, 1667297280, 1718857728, 1756700672], userId: 0
06-16 04:41:59.443  1382  2186 I chatty  : uid=1000(system) Binder:1382_6 expire 2 lines
06-16 04:41:59.485  1382  4136 I chatty  : uid=1000(system) Binder:1382_10 expire 1 line
06-16 04:42:11.678  1382  4938 I chatty  : uid=1000(system) Binder:1382_1D expire 5 lines
06-16 04:42:12.049  1382  1464 I chatty  : uid=1000(system) ActivityManager expire 3 lines
06-16 04:47:01.207  1382  4221 I chatty  : uid=1000(system) Binder:1382_15 expire 2 lines
06-16 04:47:01.207  1382  4176 I chatty  : uid=1000(system) Binder:1382_12 expire 2 lines
06-16 04:56:58.685  1382  2760 I chatty  : uid=1000(system) Binder:1382_C expire 3 lines
06-16 04:56:58.737  1382  1502 I chatty  : uid=1000(system) PowerManagerSer expire 7 lines
06-16 04:56:58.738  1382  1453 I chatty  : uid=1000(system) android.display expire 16 lines
06-16 04:56:58.805  1382  1450 I chatty  : uid=1000(system) android.fg expire 5 lines
06-16 04:56:58.866  1382  1465 I chatty  : uid=1000(system) ActivityManager expire 4 lines
06-16 04:56:59.045  1382  4847 I chatty  : uid=1000(system) Binder:1382_18 expire 4 lines
06-16 04:56:59.155  1382  2185 I chatty  : uid=1000(system) Binder:1382_5 expire 4 lines
06-16 04:57:07.944  1382  5192 I chatty  : uid=1000(system) Binder:1382_1F expire 2 lines
06-16 05:19:01.094  1382  4113 I chatty  : uid=1000(system) Binder:1382_D expire 1 line
06-16 05:43:18.530  1382  4175 I chatty  : uid=1000(system) Binder:1382_11 expire 1 line
06-16 06:00:01.106  1382  5195 I chatty  : uid=1000(system) Binder:1382_20 expire 4 lines
06-16 06:07:01.090  1382  1382 I chatty  : uid=1000 system_server expire 28 lines
06-16 06:07:01.156  1382  1453 I chatty  : uid=1000(system) android.display expire 25 lines
06-16 06:07:11.153  1382  4221 I chatty  : uid=1000(system) Binder:1382_15 expire 2 lines
06-16 06:20:01.043  1382  1473 I chatty  : uid=1000(system) batterystats-wo expire 3 lines
06-16 06:21:01.224  1382  2760 I chatty  : uid=1000(system) Binder:1382_C expire 5 lines
06-16 06:21:10.590  1382  4862 I chatty  : uid=1000(system) Binder:1382_19 expire 6 lines
06-16 06:21:10.831  1382  1465 I chatty  : uid=1000(system) ActivityManager expire 11 lines
06-16 06:21:10.963 29224 29224 D ActivityThread: Loading provider contacts;com.android.contacts: com.android.providers.contacts.ContactsProvider2
06-16 06:21:11.290  1382  4847 I chatty  : uid=1000(system) Binder:1382_18 expire 8 lines
06-16 06:23:14.487  1382  1382 I chatty  : uid=1000 system_server expire 113 lines
06-16 06:30:11.254  1382  4918 I chatty  : uid=1000(system) Binder:1382_1B expire 6 lines
06-16 06:44:01.086  1382  1464 I chatty  : uid=1000(system) ActivityManager expire 1 line
06-16 06:45:11.243  1382  2185 I chatty  : uid=1000(system) Binder:1382_5 expire 3 lines
