04-30 08:21:33.967 I/PackageManager( 1287): Un-granting permission com.google.android.googleapps.permission.GOOGLE_AUTH.wise from package com.google.android.apps.docs.editors.docs (protectionLevel=2 flags=0x38dbbe44)
04-30 08:21:33.967 I/PackageManager( 1287): Un-granting permission com.qualcomm.permission.USE_EMBMS_SERVICE_PLATFORM from package com.qualcomm.ltebc_vzw (protectionLevel=2 flags=0x38083e45)
04-30 08:21:33.968 I/PackageManager( 1287): Un-granting permission android.permission.WRITE_SECURE_SETTINGS from package com.google.android.apps.enterprise.dmagent (protectionLevel=50 flags=0x30883e85)
04-30 08:21:33.968 I/PackageManager( 1287): Un-granting permission android.permission.CONNECTIVITY_INTERNAL from package com.google.android.apps.enterprise.dmagent (protectionLevel=18 flags=0x30883e85)
04-30 08:21:33.968 I/PackageManager( 1287): Un-granting permission android.permission.MANAGE_USB from package com.google.android.apps.enterprise.dmagent (protectionLevel=18 flags=0x30883e85)
04-30 08:21:33.968 I/PackageManager( 1287): Un-granting permission android.permission.CHANGE_COMPONENT_ENABLED_STATE from package com.google.android.apps.enterprise.dmagent (protectionLevel=18 flags=0x30883e85)
04-30 08:21:33.968 I/PackageManager( 1287): Un-granting permission android.permission.MANAGE_CA_CERTIFICATES from package com.google.android.apps.enterprise.dmagent (protectionLevel=18 flags=0x30883e85)
04-30 08:21:33.968 I/PackageManager( 1287): Un-granting permission android.permission.MANAGE_USERS from package com.google.android.apps.enterprise.dmagent (protectionLevel=18 flags=0x30883e85)
04-30 08:21:33.969 I/PackageManager( 1287): Un-granting permission com.google.android.gm.permission.READ_GMAIL from package com.google.android.apps.docs.editors.sheets (protectionLevel=2 flags=0x38dbbe44)
04-30 08:21:33.969 I/PackageManager( 1287): Un-granting permission com.google.android.googleapps.permission.GOOGLE_AUTH from package com.google.android.apps.docs.editors.sheets (protectionLevel=2 flags=0x38dbbe44)
04-30 08:21:33.969 I/PackageManager( 1287): Un-granting permission com.google.android.googleapps.permission.GOOGLE_AUTH.OTHER_SERVICES from package com.google.android.apps.docs.editors.sheets (protectionLevel=2 flags=0x38dbbe44)
04-30 08:21:33.969 I/PackageManager( 1287): Un-granting permission com.google.android.googleapps.permission.GOOGLE_AUTH.ALL_SERVICES from package com.google.android.apps.docs.editors.sheets (protectionLevel=2 flags=0x38dbbe44)
04-30 08:21:33.969 I/PackageManager( 1287): Un-granting permission com.google.android.googleapps.permission.GOOGLE_AUTH.writely from package com.google.android.apps.docs.editors.sheets (protectionLevel=2 flags=0x38dbbe44)
04-30 08:21:33.969 I/PackageManager( 1287): Un-granting permission com.google.android.googleapps.permission.GOOGLE_AUTH.wise from package com.google.android.apps.docs.editors.sheets (protectionLevel=2 flags=0x38dbbe44)
04-30 08:21:33.970 I/PackageManager( 1287): Un-granting permission com.google.android.setupwizard.READ_DEVICE_ORIGIN from package com.google.android.apps.messaging (protectionLevel=18 flags=0x28cbbec5)
04-30 08:21:33.970 I/PackageManager( 1287): Un-granting permission android.permission.SEND_DOWNLOAD_COMPLETED_INTENTS from package com.android.vending (protectionLevel=2 flags=0x38cabec5)
04-30 08:21:33.971 I/PackageManager( 1287): Un-granting permission android.permission.ACCESS_ALL_DOWNLOADS from package com.bambuna.podcastaddict (protectionLevel=2 flags=0x2088be44)
04-30 08:21:33.971 I/PackageManager( 1287): Un-granting permission android.permission.WRITE_SETTINGS from package com.urbandroid.lux (protectionLevel=1218 flags=0x3888be44)
04-30 08:21:33.971 I/PackageManager( 1287): Un-granting permission android.permission.PACKAGE_USAGE_STATS from package com.urbandroid.lux (protectionLevel=114 flags=0x3888be44)
04-30 08:21:33.972 I/PackageManager( 1287): Un-granting permission android.permission.WRITE_SETTINGS from package com.waze (protectionLevel=1218 flags=0x308bbe44)
04-30 08:21:33.973 I/PackageManager( 1287): Un-granting permission android.permission.REQUEST_INSTALL_PACKAGES from package com.google.android.gm (protectionLevel=66 flags=0x28cbbec5)
04-30 08:21:33.973 I/PackageManager( 1287): Un-granting permission com.google.android.apps.dynamite.permission.C2D_MESSAGE from package com.google.android.gm (protectionLevel=2 flags=0x28cbbec5)
04-30 08:21:33.973 I/PackageManager( 1287): Un-granting permission android.permission.INTERACT_ACROSS_USERS from package com.google.intelligence.sense (protectionLevel=50 flags=0x30c8bec5)
04-30 08:21:33.974 I/PackageManager( 1287): Un-granting permission android.permission.BIND_JOB_SERVICE from package com.google.android.music (protectionLevel=2 flags=0x38cbbee5)
04-30 08:21:33.974 I/PackageManager( 1287): Un-granting permission android.permission.READ_LOGS from package com.Avenza (protectionLevel=50 flags=0x38c8be44)
04-30 08:21:33.974 I/PackageManager( 1287): Un-granting permission android.permission.SYSTEM_ALERT_WINDOW from package com.Avenza (protectionLevel=1250 flags=0x38c8be44)
04-30 08:21:33.975 I/PackageManager( 1287): Un-granting permission android.permission.CHANGE_CONFIGURATION from package dji.go.v5 (protectionLevel=50 flags=0x30983e44)
04-30 08:21:33.975 I/PackageManager( 1287): Un-granting permission android.permission.SYSTEM_ALERT_WINDOW from package dji.go.v5 (protectionLevel=1250 flags=0x30983e44)
04-30 08:21:33.975 I/PackageManager( 1287): Un-granting permission android.permission.MOUNT_UNMOUNT_FILESYSTEMS from package dji.go.v5 (protectionLevel=18 flags=0x30983e44)
04-30 08:21:33.975 I/PackageManager( 1287): Un-granting permission android.permission.WRITE_SETTINGS from package dji.go.v5 (protectionLevel=1218 flags=0x30983e44)
04-30 08:21:33.975 I/PackageManager( 1287): Un-granting permission android.permission.READ_LOGS from package dji.go.v5 (protectionLevel=50 flags=0x30983e44)
04-30 08:21:33.975 I/PackageManager( 1287): Un-granting permission android.permission.INTERACT_ACROSS_USERS_FULL from package dji.go.v5 (protectionLevel=258 flags=0x30983e44)
04-30 08:21:33.975 I/PackageManager( 1287): Un-granting permission android.permission.MEDIA_CONTENT_CONTROL from package dji.go.v5 (protectionLevel=18 flags=0x30983e44)
04-30 08:21:33.975 I/PackageManager( 1287): Un-granting permission android.permission.REQUEST_INSTALL_PACKAGES from package dji.go.v5 (protectionLevel=66 flags=0x30983e44)
04-30 08:21:33.975 I/PackageManager( 1287): Un-granting permission android.permission.WRITE_SETTINGS from package com.google.android.stardroid (protectionLevel=1218 flags=0x3008be44)
04-30 08:21:33.975 I/PackageManager( 1287): Un-granting permission android.permission.SYSTEM_ALERT_WINDOW from package com.google.audio.hearing.visualization.accessibility.scribe (protectionLevel=1250 flags=0x30c8be44)
04-30 08:21:33.975 I/PackageManager( 1287): Un-granting permission android.permission.CONNECTIVITY_USE_RESTRICTED_NETWORKS from package com.google.android.captiveportallogin (protectionLevel=18 flags=0x38c8bec5)
04-30 08:21:33.975 I/PackageManager( 1287): Un-granting permission android.permission.NETWORK_BYPASS_PRIVATE_DNS from package com.google.android.captiveportallogin (protectionLevel=2 flags=0x38c8bec5)
04-30 08:21:33.976 I/PackageManager( 1287): Un-granting permission android.permission.ACCOUNT_MANAGER from package com.google.corp.bizapps.rews.campus.android (protectionLevel=2 flags=0x30883e44)
04-30 08:21:33.976 I/PackageManager( 1287): Un-granting permission android.permission.REQUEST_INSTALL_PACKAGES from package com.google.android.apps.docs (protectionLevel=66 flags=0x38cbbec5)
04-30 08:21:33.977 I/PackageManager( 1287): Un-granting permission android.permission.INTERACT_ACROSS_USERS from package com.google.android.syncadapters.contacts (protectionLevel=50 flags=0x20883e45)
04-30 08:21:33.977 I/PackageManager( 1287): Un-granting permission android.permission.REQUEST_INSTALL_PACKAGES from package com.android.chrome (protectionLevel=66 flags=0xa0cbbec5)
04-30 08:21:33.977 I/PackageManager( 1287): Un-granting permission android.permission.CAPTURE_VIDEO_OUTPUT from package com.google.android.gms (protectionLevel=2 flags=0xa0cabec5)
04-30 08:21:33.978 I/PackageManager( 1287): Un-granting permission android.permission.MANAGE_DEVICE_ADMINS from package com.google.android.gms (protectionLevel=2 flags=0xa0cabec5)
04-30 08:21:33.978 I/PackageManager( 1287): Un-granting permission android.permission.MANAGE_ACTIVITY_STACKS from package com.google.android.gms (protectionLevel=2 flags=0xa0cabec5)
04-30 08:21:33.978 I/PackageManager( 1287): Un-granting permission android.permission.CAPTURE_SECURE_VIDEO_OUTPUT from package com.google.android.gms (protectionLevel=2 flags=0xa0cabec5)
04-30 08:21:33.980 I/PackageManager( 1287): Un-granting permission com.google.android.googleapps.permission.GOOGLE_AUTH from package com.google.android.videos (protectionLevel=2 flags=0x30dbbec5)
04-30 08:21:33.981 I/Zygote  (  822): Process 30329 exited due to signal 9 (Killed)
04-30 08:21:33.981 I/PackageManager( 1287): Un-granting permission com.google.android.googlequicksearchbox.permission.LENSVIEW_BROADCAST from package com.google.android.apps.photos (protectionLevel=2 flags=0x38d9bec5)
04-30 08:21:33.981 I/PackageManager( 1287): Un-granting permission android.permission.WRITE_MEDIA_STORAGE from package com.google.android.apps.photos (protectionLevel=18 flags=0x38d9bec5)
04-30 08:21:33.981 I/PackageManager( 1287): Un-granting permission android.permission.REQUEST_INSTALL_PACKAGES from package via2g.google (protectionLevel=66 flags=0x3898bc44)
04-30 08:21:33.981 I/PackageManager( 1287): Un-granting permission android.permission.DUMP from package com.google.android.apps.internal.betterbug (protectionLevel=50 flags=0x3088be44)
04-30 08:21:33.981 I/PackageManager( 1287): Un-granting permission android.permission.INTERACT_ACROSS_USERS from package com.google.android.apps.internal.betterbug (protectionLevel=50 flags=0x3088be44)
04-30 08:21:33.981 I/PackageManager( 1287): Un-granting permission android.permission.PACKAGE_USAGE_STATS from package com.google.android.apps.internal.betterbug (protectionLevel=114 flags=0x3088be44)
04-30 08:21:33.981 I/PackageManager( 1287): Un-granting permission android.permission.READ_PRIVILEGED_PHONE_STATE from package com.google.android.apps.internal.betterbug (protectionLevel=18 flags=0x3088be44)
04-30 08:21:33.981 I/PackageManager( 1287): Un-granting permission android.permission.WRITE_SECURE_SETTINGS from package com.google.android.apps.internal.betterbug (protectionLevel=50 flags=0x3088be44)
04-30 08:21:33.981 I/PackageManager( 1287): Un-granting permission android.permission.READ_LOGS from package com.google.android.apps.internal.betterbug (protectionLevel=50 flags=0x3088be44)
04-30 08:21:33.982 I/PackageManager( 1287): Un-granting permission android.permission.WRITE_SETTINGS from package com.ocd (protectionLevel=1218 flags=0x38983e44)
04-30 08:21:33.982 I/PackageManager( 1287): Un-granting permission android.permission.MEDIA_CONTENT_CONTROL from package com.ocd (protectionLevel=18 flags=0x38983e44)
04-30 08:21:33.984 I/PackageManager( 1287): Un-granting permission com.google.android.gm.permission.AUTO_SEND from package com.google.android.wearable.app (protectionLevel=2 flags=0x30883e44)
04-30 08:21:33.986 I/PackageManager( 1287): Un-granting permission android.permission.CAPTURE_VIDEO_OUTPUT from package com.google.android.apps.helprtc (protectionLevel=2 flags=0x30c83ec5)
04-30 08:21:33.987 I/PackageManager( 1287): Un-granting permission android.permission.BIND_WALLPAPER from package com.google.android.GoogleCamera (protectionLevel=18 flags=0x20dbbcc5)
04-30 08:21:33.987 I/PackageManager( 1287): Un-granting permission android.permission.CHANGE_CONFIGURATION from package com.airmap.airmap (protectionLevel=50 flags=0x20983e44)
04-30 08:21:33.987 I/PackageManager( 1287): Un-granting permission android.permission.SYSTEM_ALERT_WINDOW from package com.airmap.airmap (protectionLevel=1250 flags=0x20983e44)
04-30 08:21:33.987 I/PackageManager( 1287): Un-granting permission android.permission.MOUNT_UNMOUNT_FILESYSTEMS from package com.airmap.airmap (protectionLevel=18 flags=0x20983e44)
04-30 08:21:33.987 I/PackageManager( 1287): Un-granting permission android.permission.WRITE_SETTINGS from package com.airmap.airmap (protectionLevel=1218 flags=0x20983e44)
04-30 08:21:33.987 I/PackageManager( 1287): Un-granting permission android.permission.READ_LOGS from package com.airmap.airmap (protectionLevel=50 flags=0x20983e44)
04-30 08:21:33.987 I/PackageManager( 1287): Un-granting permission android.permission.INTERACT_ACROSS_USERS_FULL from package com.airmap.airmap (protectionLevel=258 flags=0x20983e44)
04-30 08:21:33.988 I/PackageManager( 1287): Un-granting permission android.permission.SEND_DOWNLOAD_COMPLETED_INTENTS from package com.amazon.kindle (protectionLevel=2 flags=0x30d83e44)
04-30 08:21:33.988 I/PackageManager( 1287): Un-granting permission android.permission.WRITE_SETTINGS from package com.amazon.kindle (protectionLevel=1218 flags=0x30d83e44)
04-30 08:21:33.988 I/PackageManager( 1287): Un-granting permission android.permission.MODIFY_QUIET_MODE from package com.google.android.apps.wellbeing (protectionLevel=18 flags=0x204bbec5)
04-30 08:21:33.988 I/PackageManager( 1287): Un-granting permission android.permission.READ_DREAM_STATE from package com.google.android.apps.wellbeing (protectionLevel=18 flags=0x204bbec5)
04-30 08:21:33.988 I/PackageManager( 1287): Un-granting permission android.permission.WRITE_DREAM_STATE from package com.google.android.apps.wellbeing (protectionLevel=18 flags=0x204bbec5)
04-30 08:21:33.988 I/PackageManager( 1287): Un-granting permission android.permission.READ_WALLPAPER_INTERNAL from package com.google.android.apps.wellbeing (protectionLevel=18 flags=0x204bbec5)
04-30 08:21:33.988 I/PackageManager( 1287): Un-granting permission android.permission.SET_WALLPAPER_COMPONENT from package com.google.android.apps.wellbeing (protectionLevel=18 flags=0x204bbec5)
04-30 08:21:33.988 I/PackageManager( 1287): Un-granting permission android.permission.MANAGE_ROLE_HOLDERS from package com.google.android.apps.wellbeing (protectionLevel=258 flags=0x204bbec5)
04-30 08:21:34.002 I/libprocessgroup( 1287): Successfully killed process cgroup uid 10156 pid 30329 in 43ms
04-30 08:21:34.070 W/Looper  ( 1287): Slow dispatch took 109ms main h=com.android.server.job.JobSchedulerService$JobHandler c=null m=1
04-30 08:21:34.073 D/CollectorHandler(22619): handleMessage, event: ON_NOTIFICATION_POSTED_WITH_RANKING
04-30 08:21:34.075 D/StreamDBQueue(22619): Promised revision #435192 to queue a new op
04-30 08:21:34.075 D/BaseStreamManager(22619): Promised set @ r#435192 for (com.android.providers.downloads,tag=1:com.android.vending,id=0,notifKey=0|com.android.providers.downloads|0|1:com.android.vending|10021)
04-30 08:21:34.076 D/DynamicBucketRankerImpl(22619): StreamItemIdAndRevision{notifKey=0|com.android.providers.downloads|0|1:com.android.vending|10021, packageName=com.android.providers.downloads, tag=1:com.android.vending, id=0, revision=435192, originalRevision=435188, updateCount=4} in bucket #3 (Ongoing)
04-30 08:21:34.079 I/PackageManager.DexOptimizer( 1287): Running dexopt (dexoptNeeded=1) on: /data/app/com.google.android.apps.wellbeing-SRFZcASh7gsQh4dYxw7D8A==/base.apk pkg=com.google.android.apps.wellbeing isa=arm64 dexoptFlags=boot_complete,profile_guided,public,enable_hidden_api_checks targetFilter=speed-profile oatDir=/data/app/com.google.android.apps.wellbeing-SRFZcASh7gsQh4dYxw7D8A==/oat classLoaderContext=PCL[]{PCL[/system/framework/org.apache.http.legacy.jar]}
04-30 08:21:34.079 V/installd(  992): DexInv: --- BEGIN '/data/app/com.google.android.apps.wellbeing-SRFZcASh7gsQh4dYxw7D8A==/base.apk' ---
04-30 08:21:34.085 D/InterruptionStateProvider( 1802): No heads up: unimportant notification: 0|com.android.providers.downloads|0|1:com.android.vending|10021
04-30 08:21:34.085 D/InterruptionStateProvider( 1802): No heads up: unimportant notification: 0|com.android.providers.downloads|0|1:com.android.vending|10021
04-30 08:21:34.113 I/dex2oat ( 3124): /apex/com.android.runtime/bin/dex2oat --input-vdex-fd=-1 --output-vdex-fd=11 --resolve-startup-const-strings=true --max-image-block-size=524288 --compiler-filter=speed-profile --profile-file-fd=14 --classpath-dir=/data/app/com.google.android.apps.wellbeing-SRFZcASh7gsQh4dYxw7D8A== --class-loader-context=PCL[]{PCL[/system/framework/org.apache.http.legacy.jar]} --generate-mini-debug-info --compact-dex-level=none --compilation-reason=install
04-30 08:21:34.114 I/dex2oat ( 3124): setting boot class path to /apex/com.android.runtime/javalib/core-oj.jar:/apex/com.android.runtime/javalib/core-libart.jar:/apex/com.android.runtime/javalib/okhttp.jar:/apex/com.android.runtime/javalib/bouncycastle.jar:/apex/com.android.runtime/javalib/apache-xml.jar:/system/framework/framework.jar:/system/framework/ext.jar:/system/framework/telephony-common.jar:/system/framework/voip-common.jar:/system/framework/ims-common.jar:/system/framework/android.test.base.jar
04-30 08:21:34.387 D/DownloadManager(18232): [20007] Finished with status SUCCESS
04-30 08:21:34.409 D/CollectorHandler(22619): handleMessage, event: ON_NOTIFICATION_REMOVED
04-30 08:21:34.410 D/StreamDBQueue(22619): Promised revision #435193 to queue a new op
04-30 08:21:34.410 D/BaseStreamManager(22619): Promised remove @ r#435193 for StreamItemIdAndRevision{notifKey=0|com.android.providers.downloads|0|1:com.android.vending|10021, packageName=com.android.providers.downloads, tag=1:com.android.vending, id=0, revision=0, originalRevision=0, updateCount=0} (@435192): SBN removed: StreamItemIdAndRevision{notifKey=0|com.android.providers.downloads|0|1:com.android.vending|10021, packageName=com.android.providers.downloads, tag=1:com.android.vending, id=0, revision=0, originalRevision=0, updateCount=0}
04-30 08:21:34.410 D/StreamDatabase(22619): remove. itemId: StreamItemIdAndRevision{notifKey=0|com.android.providers.downloads|0|1:com.android.vending|10021, packageName=com.android.providers.downloads, tag=1:com.android.vending, id=0, revision=435192, originalRevision=435188, updateCount=4}
04-30 08:21:34.427 V/StatusBar( 1802): mStatusBarWindow: com.android.systemui.statusbar.phone.StatusBarWindowView{52a2801 V.E...... ........ 0,0-1440,98} canPanelBeCollapsed(): false
04-30 08:21:34.512 I/chatty  (29252): uid=10057(com.android.vending) bgExecutor #0 expire 3 lines
04-30 08:21:34.517 V/DownloadManager(18232): Deleting /data/data/com.android.providers.downloads/cache/downloadfile.bin via provider delete
04-30 08:21:34.885 I/netd    (  795): tetherGetStats() <1.16ms>
04-30 08:21:34.904 I/netd    (  795): bandwidthSetGlobalAlert(2097152) <0.19ms>
04-30 08:21:35.276 I/dex2oat ( 3124): Explicit concurrent copying GC freed 65178(13MB) AllocSpace objects, 0(0B) LOS objects, 99% free, 1048B/1537KB, paused 21us total 4.377ms
04-30 08:21:35.389 D/CalendarProvider2(22285): Scrubbing DURATION
04-30 08:21:35.445 W/ContentResolver(22285): Failed to get type for: content://com.android.calendar (Unknown URL content://com.android.calendar)
04-30 08:21:35.457 D/CalendarProvider2(22285): Scrubbing DURATION
04-30 08:21:35.482 I/dex2oat ( 3124): dex2oat took 1.373s (3.090s cpu) (threads: 8) arena alloc=7088B (7088B) java alloc=17KB (17432B) native alloc=13MB (14575360B) free=1006KB (1030400B)
04-30 08:21:35.491 V/installd(  992): DexInv: --- END '/data/app/com.google.android.apps.wellbeing-SRFZcASh7gsQh4dYxw7D8A==/base.apk' (success) ---
04-30 08:21:35.493 I/netd    (  795): trafficSetNetPermForUids(4, [10156]) <0.01ms>
04-30 08:21:35.503 E/        (  992): Couldn't opendir /data/app/vmdl1891488665.tmp: No such file or directory
04-30 08:21:35.503 E/installd(  992): Failed to delete /data/app/vmdl1891488665.tmp: No such file or directory
04-30 08:21:35.504 I/ActivityManager( 1287): Force stopping com.google.android.apps.wellbeing appid=10156 user=0: pkg removed
04-30 08:21:35.513 D/BluetoothMapAppObserver( 1781): onReceive
04-30 08:21:35.513 I/GsaVoiceInteractionSrv(12370): O received Intent { act=android.intent.action.PACKAGE_REMOVED dat=package:com.google.android.apps.wellbeing flg=0x4000010 (has extras) }
04-30 08:21:35.513 D/BluetoothMapAppObserver( 1781): The removed package is: com.google.android.apps.wellbeing
04-30 08:21:35.514 V/AvrcpMediaPlayerList( 1781): mPackageChangedBroadcastReceiver: action: android.intent.action.PACKAGE_REMOVED
04-30 08:21:35.518 W/ContentResolver(22285): Failed to get type for: content://com.android.calendar (Unknown URL content://com.android.calendar)
04-30 08:21:35.520 I/PA_Application(28039): onReceive(android.intent.action.PACKAGE_REMOVED) - package:com.google.android.apps.wellbeing
04-30 08:21:35.523 W/BroadcastQueue( 1287): Background execution not allowed: receiving Intent { act=android.intent.action.PACKAGE_REMOVED dat=package:com.google.android.apps.wellbeing flg=0x4000010 (has extras) } to com.android.musicfx/.Compatibility$Receiver
04-30 08:21:35.526 I/ActivityManager( 1287): Force stopping com.google.android.apps.wellbeing appid=10156 user=0: pkg removed
04-30 08:21:35.534 I/InputReader( 1287): Reconfiguring input devices.  changes=0x00000010
04-30 08:21:35.539 W/ActivityManager( 1287): Permission Denial: Accessing service com.google.android.music/.dial.DialMediaRouteProviderService from pid=6957, uid=10014 that is not exported from uid 10099
04-30 08:21:35.540 W/ActivityManager( 1287): Permission Denial: Accessing service com.google.android.music/.dial.DialMediaRouteProviderService from pid=30825, uid=10098 that is not exported from uid 10099
04-30 08:21:35.541 W/BroadcastQueue( 1287): Background execution not allowed: receiving Intent { act=android.intent.action.PACKAGE_REMOVED dat=package:com.google.android.apps.wellbeing flg=0x4000010 (has extras) } to com.android.vending/com.google.android.finsky.packagemanager.impl.PackageMonitorReceiverImpl$RegisteredReceiver
04-30 08:21:35.541 W/BroadcastQueue( 1287): Background execution not allowed: receiving Intent { act=android.intent.action.PACKAGE_REMOVED dat=package:com.google.android.apps.wellbeing flg=0x4000010 (has extras) } to com.android.vending/com.google.android.finsky.instantapps.appmanagement.InstantAppRemoveMonitor
04-30 08:21:35.541 W/BroadcastQueue( 1287): Background execution not allowed: receiving Intent { act=android.intent.action.PACKAGE_REMOVED dat=package:com.google.android.apps.wellbeing flg=0x4000010 (has extras) } to com.google.android.apps.enterprise.dmagent/.AppUpdateReceiver
04-30 08:21:35.541 W/BroadcastQueue( 1287): Background execution not allowed: receiving Intent { act=android.intent.action.PACKAGE_REMOVED dat=package:com.google.android.apps.wellbeing flg=0x4000010 (has extras) } to com.google.android.apps.maps/com.google.android.libraries.social.peoplekit.thirdparty.viewcontrollers.ThirdPartyReceiver
04-30 08:21:35.542 W/BroadcastQueue( 1287): Background execution not allowed: receiving Intent { act=android.intent.action.PACKAGE_REMOVED dat=package:com.google.android.apps.wellbeing flg=0x4000010 (has extras) } to com.google.android.apps.photos/com.google.android.libraries.social.peoplekit.thirdparty.viewcontrollers.ThirdPartyReceiver
04-30 08:21:35.542 W/BroadcastQueue( 1287): Background execution not allowed: receiving Intent { act=android.intent.action.PACKAGE_REMOVED dat=package:com.google.android.apps.wellbeing flg=0x4000010 (has extras) } to com.google.android.gms/.games.chimera.GamesSystemBroadcastReceiverProxy
04-30 08:21:35.542 W/BroadcastQueue( 1287): Background execution not allowed: receiving Intent { act=android.intent.action.PACKAGE_REMOVED dat=package:com.google.android.apps.wellbeing flg=0x4000010 (has extras) } to com.google.android.gms/.chimera.GmsIntentOperationService$PersistentTrustedReceiver
04-30 08:21:35.542 W/BroadcastQueue( 1287): Background execution not allowed: receiving Intent { act=android.intent.action.PACKAGE_REMOVED dat=package:com.google.android.apps.wellbeing flg=0x4000010 (has extras) } to com.google.android.googlequicksearchbox/com.google.android.apps.gsa.googlequicksearchbox.GelStubAppWatcher
04-30 08:21:35.542 D/StreamDBQueue(22619): Promised revision #435194 to queue a new op
04-30 08:21:35.542 D/BaseStreamManager(22619): Promised side-channel cancel-all @ r#435194 for com.google.android.apps.wellbeing (@435193)
04-30 08:21:35.544 D/CalendarProvider2(22285): Scrubbing DURATION
04-30 08:21:35.546 I/PA_Application(28039): onReceive(android.intent.action.PACKAGE_ADDED) - package:com.google.android.apps.wellbeing
04-30 08:21:35.558 I/RoleManagerService( 1287): Granting default permissions...
04-30 08:21:35.559 I/InputReader( 1287): Reconfiguring input devices.  changes=0x00000010
04-30 08:21:35.561 D/BluetoothMapAppObserver( 1781): onReceive
04-30 08:21:35.561 D/BluetoothMapAppObserver( 1781): The installed package is: com.google.android.apps.wellbeing
04-30 08:21:35.561 D/BluetoothMapAppObserver( 1781): Found 0 application(s) with intent android.bluetooth.action.BLUETOOTH_MAP_PROVIDER
04-30 08:21:35.562 D/BluetoothMapAppObserver( 1781): Found 0 application(s) with intent android.bluetooth.action.BLUETOOTH_MAP_IM_PROVIDER
04-30 08:21:35.562 V/AvrcpMediaPlayerList( 1781): mPackageChangedBroadcastReceiver: action: android.intent.action.PACKAGE_ADDED
04-30 08:21:35.562 D/AvrcpMediaPlayerList( 1781): Name of package changed: com.google.android.apps.wellbeing
04-30 08:21:35.563 D/Bugle   (16054): AsyncBroadcastReceiver: Creating new tracker for kdz@3cd8a54
04-30 08:21:35.565 D/Bugle   (16054): BroadcastReceiverAsyncWorkTracker: Acknowledging broadcast of kdz@3cd8a54
04-30 08:21:35.566 W/BroadcastQueue( 1287): Background execution not allowed: receiving Intent { act=android.intent.action.PACKAGE_REMOVED dat=package:com.google.android.apps.wellbeing flg=0x4000010 (has extras) } to com.google.android.apps.dogfood/com.google.android.apps.internal.kong.app.appman.AppChangeReceiver
04-30 08:21:35.577 W/ActivityManager( 1287): Permission Denial: Accessing service com.google.android.music/.dial.DialMediaRouteProviderService from pid=30825, uid=10098 that is not exported from uid 10099
04-30 08:21:35.577 W/ActivityManager( 1287): Permission Denial: Accessing service com.google.android.music/.dial.DialMediaRouteProviderService from pid=6957, uid=10014 that is not exported from uid 10099
04-30 08:21:35.578 I/GsaVoiceInteractionSrv(12370): O received Intent { act=android.intent.action.PACKAGE_ADDED dat=package:com.google.android.apps.wellbeing flg=0x4000010 (has extras) }
04-30 08:21:35.586 W/SearchServiceCore(24005): Abort, client detached.
04-30 08:21:35.599 E/ThirdPartyChatAppSvc(22619): ThirdPartyChatAppService: Intent { act=android.intent.action.PACKAGE_REMOVED dat=package:com.google.android.apps.wellbeing flg=0x4000010 cmp=com.google.android.wearable.app/com.google.android.clockwork.companion.messaging.ThirdPartyChatAppService (has extras) }
04-30 08:21:35.605 D/StreamDBQueue(22619): Promised revision #435195 to queue a new op
04-30 08:21:35.605 D/BaseStreamManager(22619): Promised side-channel cancel-all @ r#435195 for com.google.android.apps.wellbeing (@435194)
04-30 08:21:35.639 I/GsaVoiceInteractionSrv(12370): O received Intent { act=android.intent.action.PACKAGE_REPLACED dat=package:com.google.android.apps.wellbeing flg=0x4000010 (has extras) }
04-30 08:21:35.642 D/Zygote  (  822): Forked child process 3144
04-30 08:21:35.643 D/Bugle   (16054): AsyncBroadcastReceiver: Creating new tracker for kdz@3cd8a54
04-30 08:21:35.644 D/Bugle   (16054): BroadcastReceiverAsyncWorkTracker: Acknowledging broadcast of kdz@3cd8a54
04-30 08:21:35.650 D/RegisteredNfcFServicesCache( 3244): Service unchanged, not updating
04-30 08:21:35.653 W/ActivityManager( 1287): Permission Denial: Accessing service com.google.android.music/.dial.DialMediaRouteProviderService from pid=30825, uid=10098 that is not exported from uid 10099
04-30 08:21:35.658 I/ActivityManager( 1287): Start proc 3144:com.google.android.apps.wellbeing/u0a156 for content provider {com.google.android.apps.wellbeing/com.google.android.apps.wellbeing.api.impl.WellbeingSettingsProvider}
04-30 08:21:35.662 W/ContentResolver(22285): Failed to get type for: content://com.android.calendar (Unknown URL content://com.android.calendar)
04-30 08:21:35.662 I/InputReader( 1287): Reconfiguring input devices.  changes=0x00000010
04-30 08:21:35.667 W/ActivityManager( 1287): Permission Denial: Accessing service com.google.android.music/.dial.DialMediaRouteProviderService from pid=6957, uid=10014 that is not exported from uid 10099
04-30 08:21:35.678 D/ImsResolver( 2187): maybeAddedImsService, packageName: com.google.android.apps.wellbeing
04-30 08:21:35.679 D/CarrierConfigLoader( 2187): mHandler: 9 phoneId: 0
04-30 08:21:35.693 I/chatty  ( 3144): uid=10156(com.google.android.apps.wellbeing) expire 10 lines
04-30 08:21:35.704 I/Auth    ( 6957): [SupervisedAccountIntentOperation] onHandleIntent(): android.intent.action.PACKAGE_ADDED
04-30 08:21:35.707 I/ChromeSync( 6957): [Sync,SyncIntentOperation] Handling the intent: Intent { act=android.intent.action.PACKAGE_ADDED dat=package:com.google.android.apps.wellbeing flg=0x4000010 cmp=com.google.android.gms/.chimera.GmsIntentOperationService (has extras) }.
04-30 08:21:35.708 W/ChimeraUtils( 5459): Non Chimera context
04-30 08:21:35.708 W/ChimeraUtils( 5459): Non Chimera context
04-30 08:21:35.720 E/ThirdPartyChatAppSvc(22619): ThirdPartyChatAppService: Intent { act=android.intent.action.PACKAGE_ADDED dat=package:com.google.android.apps.wellbeing flg=0x4000010 cmp=com.google.android.wearable.app/com.google.android.clockwork.companion.messaging.ThirdPartyChatAppService (has extras) }
04-30 08:21:35.732 I/gle.android.gm( 6957): Waiting for a blocking GC ProfileSaver
04-30 08:21:35.737 I/anxw    ( 5459): Scheduling Phenotype for a PhenotypeSyncImmediately(7, com.google.android.apps.wellbeing.device) one off with window [1, 2] in seconds [CONTEXT service_id=51 ]
04-30 08:21:35.750 W/Looper  ( 1287): Slow delivery took 205ms android.fg h=android.os.Handler c=<recycled PooledLambda@19b790> m=0
04-30 08:21:35.763 W/PackageHelper( 5459): Could not get resources package for package "com.google.android.apps.wellbeing". Falling back to app package name.
04-30 08:21:35.805 W/Looper  ( 1287): Slow dispatch took 144ms main h=android.app.ActivityThread$H c=android.app.-$$Lambda$LoadedApk$ReceiverDispatcher$Args$_BumDX2UKsnxLVrE6UJsJZkotuA@15ce40d m=0
04-30 08:21:35.805 W/Looper  ( 1287): Slow delivery took 248ms main h=android.app.ActivityThread$H c=android.app.-$$Lambda$LoadedApk$ReceiverDispatcher$Args$_BumDX2UKsnxLVrE6UJsJZkotuA@1173fc2 m=0
04-30 08:21:35.806 I/Telecom ( 1287): DefaultDialerCache: Refreshing default dialer for user 0: now com.google.android.dialer: DDC.oR@Ivg
04-30 08:21:35.816 I/m.android.phon( 2187): Background young concurrent copying GC freed 36649(2168KB) AllocSpace objects, 0(0B) LOS objects, 1% free, 6546KB/6646KB, paused 38us total 107.281ms
04-30 08:21:35.823 D/CalendarProvider2(22285): Scrubbing DURATION
04-30 08:21:35.842 I//vendor/bin/hw/android.hardware.health@2.0-service.wahoo(  843): SRAM data: 3680000
04-30 08:21:35.843 W/Looper  ( 1287): Drained
04-30 08:21:35.846 I//vendor/bin/hw/android.hardware.health@2.0-service.wahoo(  843): SRAM data: 3680000
04-30 08:21:35.848 W/Looper  ( 1287): Drained
04-30 08:21:35.869 W/BroadcastQueue( 1287): Background execution not allowed: receiving Intent { act=android.intent.action.PACKAGE_ADDED dat=package:com.google.android.apps.wellbeing flg=0x4000010 (has extras) } to com.google.android.packageinstaller/com.android.packageinstaller.PackageInstalledReceiver
04-30 08:21:35.870 W/BroadcastQueue( 1287): Background execution not allowed: receiving Intent { act=android.intent.action.PACKAGE_ADDED dat=package:com.google.android.apps.wellbeing flg=0x4000010 (has extras) } to com.android.musicfx/.Compatibility$Receiver
04-30 08:21:35.870 W/BroadcastQueue( 1287): Background execution not allowed: receiving Intent { act=android.intent.action.PACKAGE_ADDED dat=package:com.google.android.apps.wellbeing flg=0x4000010 (has extras) } to com.android.vending/com.google.android.finsky.packagemanager.impl.PackageMonitorReceiverImpl$RegisteredReceiver
04-30 08:21:35.870 W/BroadcastQueue( 1287): Background execution not allowed: receiving Intent { act=android.intent.action.PACKAGE_ADDED dat=package:com.google.android.apps.wellbeing flg=0x4000010 (has extras) } to com.google.android.apps.enterprise.dmagent/.AppUpdateReceiver
04-30 08:21:35.870 W/BroadcastQueue( 1287): Background execution not allowed: receiving Intent { act=android.intent.action.PACKAGE_ADDED dat=package:com.google.android.apps.wellbeing flg=0x4000010 (has extras) } to com.google.android.gms/.games.chimera.GamesSystemBroadcastReceiverProxy
04-30 08:21:35.870 W/BroadcastQueue( 1287): Background execution not allowed: receiving Intent { act=android.intent.action.PACKAGE_ADDED dat=package:com.google.android.apps.wellbeing flg=0x4000010 (has extras) } to com.google.android.gms/.gass.chimera.PackageChangeBroadcastReceiver
04-30 08:21:35.870 W/BroadcastQueue( 1287): Background execution not allowed: receiving Intent { act=android.intent.action.PACKAGE_ADDED dat=package:com.google.android.apps.wellbeing flg=0x4000010 (has extras) } to com.google.android.gms/.chimera.GmsIntentOperationService$PersistentTrustedReceiver
04-30 08:21:35.870 W/BroadcastQueue( 1287): Background execution not allowed: receiving Intent { act=android.intent.action.PACKAGE_ADDED dat=package:com.google.android.apps.wellbeing flg=0x4000010 (has extras) } to com.google.android.googlequicksearchbox/com.google.android.apps.gsa.googlequicksearchbox.GelStubAppWatcher
04-30 08:21:35.870 W/BroadcastQueue( 1287): Background execution not allowed: receiving Intent { act=android.intent.action.PACKAGE_ADDED dat=package:com.google.android.apps.wellbeing flg=0x4000010 (has extras) } to com.google.android.ims/.receivers.RcsAutoStartReceiver
04-30 08:21:35.871 W/BroadcastQueue( 1287): Background execution not allowed: receiving Intent { act=android.intent.action.PACKAGE_ADDED dat=package:com.google.android.apps.wellbeing flg=0x4000010 (has extras) } to com.google.android.apps.dogfood/com.google.android.apps.internal.kong.app.appman.AppChangeReceiver
04-30 08:21:35.878 W/ChimeraUtils( 5459): Non Chimera context
04-30 08:21:35.878 W/ChimeraUtils( 5459): Non Chimera context
04-30 08:21:35.883 W/ContentResolver(22285): Failed to get type for: content://com.android.calendar (Unknown URL content://com.android.calendar)
04-30 08:21:35.888 I/netd    (  795): tetherGetStats() <2.71ms>
04-30 08:21:35.888 D/DownloadManager(18232): [20008] Starting
04-30 08:21:35.897 W/ChimeraUtils( 5459): Non Chimera context
04-30 08:21:35.897 W/ChimeraUtils( 5459): Non Chimera context
04-30 08:21:35.897 D/CalendarProvider2(22285): Scrubbing DURATION
04-30 08:21:35.926 I/chatty  ( 3144): uid=10156(com.google.android.apps.wellbeing) GoogleApiHandle expire 3 lines
04-30 08:21:35.953 W/BroadcastQueue( 1287): Background execution not allowed: receiving Intent { act=android.intent.action.PACKAGE_REPLACED dat=package:com.google.android.apps.wellbeing flg=0x4000010 (has extras) } to com.urbandroid.lux/.ExtendedReplacedReceiver
04-30 08:21:35.954 W/BroadcastQueue( 1287): Background execution not allowed: receiving Intent { act=android.intent.action.PACKAGE_REPLACED dat=package:com.google.android.apps.wellbeing flg=0x4000010 (has extras) } to com.android.musicfx/.Compatibility$Receiver
04-30 08:21:35.954 W/BroadcastQueue( 1287): Background execution not allowed: receiving Intent { act=android.intent.action.PACKAGE_REPLACED dat=package:com.google.android.apps.wellbeing flg=0x4000010 (has extras) } to com.google.android.apps.enterprise.dmagent/.AppUpdateReceiver
04-30 08:21:35.954 W/BroadcastQueue( 1287): Background execution not allowed: receiving Intent { act=android.intent.action.PACKAGE_REPLACED dat=package:com.google.android.apps.wellbeing flg=0x4000010 (has extras) } to com.google.android.apps.photos/.account.full.FetchAccountPropertiesAppUpgradeBroadcastReceiver
04-30 08:21:35.954 W/BroadcastQueue( 1287): Background execution not allowed: receiving Intent { act=android.intent.action.PACKAGE_REPLACED dat=package:com.google.android.apps.wellbeing flg=0x4000010 (has extras) } to com.google.android.apps.photos/.account.full.SyncAccountsForLoginBroadcastReceiver
04-30 08:21:35.954 W/BroadcastQueue( 1287): Background execution not allowed: receiving Intent { act=android.intent.action.PACKAGE_REPLACED dat=package:com.google.android.apps.wellbeing flg=0x4000010 (has extras) } to com.google.android.apps.photos/.notificationchannels.AppUpdateBroadcastReceiver
04-30 08:21:35.954 W/BroadcastQueue( 1287): Background execution not allowed: receiving Intent { act=android.intent.action.PACKAGE_REPLACED dat=package:com.google.android.apps.wellbeing flg=0x4000010 (has extras) } to com.google.android.gms/.gass.chimera.PackageChangeBroadcastReceiver
04-30 08:21:35.955 W/BroadcastQueue( 1287): Background execution not allowed: receiving Intent { act=android.intent.action.PACKAGE_REPLACED dat=package:com.google.android.apps.wellbeing flg=0x4000010 (has extras) } to com.google.android.gms/.chimera.GmsIntentOperationService$PersistentTrustedReceiver
04-30 08:21:35.955 W/BroadcastQueue( 1287): Background execution not allowed: receiving Intent { act=android.intent.action.PACKAGE_REPLACED dat=package:com.google.android.apps.wellbeing flg=0x4000010 (has extras) } to com.google.android.googlequicksearchbox/com.google.android.apps.gsa.googlequicksearchbox.GelStubAppWatcher
04-30 08:21:35.955 W/BroadcastQueue( 1287): Background execution not allowed: receiving Intent { act=android.intent.action.PACKAGE_REPLACED dat=package:com.google.android.apps.wellbeing flg=0x4000010 (has extras) } to com.google.android.ims/.receivers.RcsAutoStartReceiver
04-30 08:21:35.955 W/BroadcastQueue( 1287): Background execution not allowed: receiving Intent { act=android.intent.action.PACKAGE_REPLACED dat=package:com.google.android.apps.wellbeing flg=0x4000010 (has extras) } to com.google.android.apps.dogfood/com.google.android.apps.internal.kong.app.appman.AppChangeReceiver
04-30 08:21:35.962 W/ContentResolver(22285): Failed to get type for: content://com.android.calendar (Unknown URL content://com.android.calendar)
04-30 08:21:35.970 D/CalendarProvider2(22285): Scrubbing DURATION
04-30 08:21:35.985 D/NetworkSecurityConfig(18232): No Network Security Config specified, using platform default
04-30 08:21:35.988 D/NetworkSecurityConfig(18232): No Network Security Config specified, using platform default
04-30 08:21:35.989 I//vendor/bin/hw/android.hardware.health@2.0-service.wahoo(  843): SRAM data: 3680000
04-30 08:21:36.009 I/gle.android.gm( 6957): Background concurrent copying GC freed 141885(8787KB) AllocSpace objects, 26(888KB) LOS objects, 44% free, 29MB/53MB, paused 114us total 503.979ms
04-30 08:21:36.010 I/gle.android.gm( 6957): WaitForGcToComplete blocked ProfileSaver on HeapTrim for 277.276ms
04-30 08:21:36.019 I/Icing   ( 6957): IndexChimeraService.getServiceInterface callingPackage=com.google.android.gms componentName=AppsCorpus serviceId=36
04-30 08:21:36.034 W/ContentResolver(22285): Failed to get type for: content://com.android.calendar (Unknown URL content://com.android.calendar)
04-30 08:21:36.041 I/GmsCoreXrpcWrapper( 6957): Returning a channel provider with trafficStatsTag=12803
04-30 08:21:36.042 D/CalendarProvider2(22285): Scrubbing DURATION
04-30 08:21:36.064 I/chatty  ( 3144): uid=10156(com.google.android.apps.wellbeing) BG Thread #0 expire 1 line
04-30 08:21:36.089 D/CollectorHandler(22619): handleMessage, event: ON_NOTIFICATION_POSTED_WITH_RANKING
04-30 08:21:36.096 D/StreamDBQueue(22619): Promised revision #435196 to queue a new op
04-30 08:21:36.096 D/BaseStreamManager(22619): Promised set @ r#435196 for (com.android.providers.downloads,tag=1:com.android.vending,id=0,notifKey=0|com.android.providers.downloads|0|1:com.android.vending|10021)
04-30 08:21:36.096 D/DynamicBucketRankerImpl(22619): StreamItemIdAndRevision{notifKey=0|com.android.providers.downloads|0|1:com.android.vending|10021, packageName=com.android.providers.downloads, tag=1:com.android.vending, id=0, revision=435196, originalRevision=435196, updateCount=0} in bucket #3 (Ongoing)
04-30 08:21:36.097 D/InterruptionStateProvider( 1802): No heads up: unimportant notification: 0|com.android.providers.downloads|0|1:com.android.vending|10021
04-30 08:21:36.098 I/chatty  ( 3144): uid=10156(com.google.android.apps.wellbeing) BG Thread #1 expire 6 lines
04-30 08:21:36.098 I/chatty  ( 3144): uid=10156(com.google.android.apps.wellbeing) Binder:3144_2 expire 9 lines
04-30 08:21:36.107 W/ContentResolver(22285): Failed to get type for: content://com.android.calendar (Unknown URL content://com.android.calendar)
04-30 08:21:36.113 D/CalendarProvider2(22285): Scrubbing DURATION
04-30 08:21:36.128 I/Icing   ( 6957): IndexChimeraService.getServiceInterface callingPackage=com.google.android.gms componentName=null serviceId=30
04-30 08:21:36.160 I/Icing   ( 6957): Usage reports ok 1, Failed Usage reports 0, indexed 0, rejected 0
04-30 08:21:36.171 W/ContentResolver(22285): Failed to get type for: content://com.android.calendar (Unknown URL content://com.android.calendar)
04-30 08:21:36.174 I/GmsCoreXrpcWrapper( 6957): Returning a channel provider with trafficStatsTag=12803
04-30 08:21:36.177 D/CalendarProvider2(22285): Scrubbing DURATION
04-30 08:21:36.203 I/Icing   ( 6957): Usage reports ok 0, Failed Usage reports 0, indexed 0, rejected 0
04-30 08:21:36.207 I/Icing   ( 6957): Indexing com.google.android.gms-internal.3p:MobileApplication from com.google.android.gms using seqno 263016
04-30 08:21:36.211 I/chatty  ( 3144): uid=10156(com.google.android.apps.wellbeing) BG Thread #2 expire 3 lines
04-30 08:21:36.225 I/Icing   ( 6957): Indexing com.google.android.gms-internal.3p:MobileApplication from com.google.android.gms using seqno 263016
04-30 08:21:36.237 W/ContentResolver(22285): Failed to get type for: content://com.android.calendar (Unknown URL content://com.android.calendar)
04-30 08:21:36.242 D/CalendarProvider2(22285): Scrubbing DURATION
04-30 08:21:36.247 I/RoleUserState( 1287): Wrote roles.xml successfully
04-30 08:21:36.269 I/PeopleChimeraService( 6957): onService. callbacks = aaqk@5e86354, request = com.google.android.gms.common.internal.GetServiceRequest@92e12fd
04-30 08:21:36.297 W/ContentResolver(22285): Failed to get type for: content://com.android.calendar (Unknown URL content://com.android.calendar)
04-30 08:21:36.309 I/Icing   ( 6957): IndexChimeraService.getServiceInterface callingPackage=com.google.android.gms componentName=null serviceId=36
04-30 08:21:36.312 I/chatty  ( 3144): uid=10156(com.google.android.apps.wellbeing) Binder:3144_2 expire 5 lines
04-30 08:21:36.313 I/chatty  ( 3144): uid=10156(com.google.android.apps.wellbeing) Lite Thread #3 expire 2 lines
04-30 08:21:36.322 I/GmsCoreXrpcWrapper( 6957): Returning a channel provider with trafficStatsTag=12803
04-30 08:21:36.329 I/chatty  ( 3144): uid=10156(com.google.android.apps.wellbeing) BG Thread #2 expire 2 lines
04-30 08:21:36.329 I/anxw    ( 5459): Scheduling Phenotype for a PhenotypeSyncImmediately(8, com.google.android.apps.wellbeing.device) one off with window [1, 2] in seconds [CONTEXT service_id=51 ]
04-30 08:21:36.341 I/chatty  ( 3144): uid=10156(com.google.android.apps.wellbeing) Binder:3144_2 expire 1 line
04-30 08:21:36.347 I/Icing   ( 6957): Usage reports ok 0, Failed Usage reports 0, indexed 0, rejected 0
04-30 08:21:36.381 I/chatty  ( 3144): uid=10156(com.google.android.apps.wellbeing) BG Thread #1 expire 1 line
04-30 08:21:36.385 I/chatty  ( 3144): uid=10156(com.google.android.apps.wellbeing) Lite Thread #2 expire 1 line
04-30 08:21:36.387 I/chatty  ( 3144): uid=10156(com.google.android.apps.wellbeing) BG Thread #1 expire 1 line
04-30 08:21:36.387 D/CalendarProvider2(22285): Scrubbing DURATION
04-30 08:21:36.396 I/chatty  ( 3144): uid=10156(com.google.android.apps.wellbeing) BG Thread #3 expire 5 lines
04-30 08:21:36.440 I/chatty  ( 3144): uid=10156(com.google.android.apps.wellbeing) BG Thread #0 expire 1 line
04-30 08:21:36.447 W/ContentResolver(22285): Failed to get type for: content://com.android.calendar (Unknown URL content://com.android.calendar)
04-30 08:21:36.450 I/UsageSyncManager( 3144): Last (TimeDelta{wallTime=2020-04-19T22:10:22.076Z, elapsedSinceBoot=PT56.115S}, boot count 100) and current (TimeDelta{wallTime=2020-04-30T15:21:36.444Z, elapsedSinceBoot=PT257H12M10.483S}, boot count 100) deltas are approximately equal. Pending shift duration is PT0S
04-30 08:21:36.450 I/SystemAppUsageLoader( 3144): Read 43 relevant events (48 total) from UsageStatsManager between 2020-04-30T15:18:26.619Z and 2020-04-30T15:21:36.416Z.
04-30 08:21:36.455 I/AppUsageSynchronizer( 3144): Read 43 events from the system between 2020-04-30T15:18:26.619Z and 2020-04-30T15:21:36.416Z.
04-30 08:21:36.466 I/ess     ( 3144): Can read Usage Stats because PACKAGE_USAGE_STATS permission is granted
04-30 08:21:36.474 I/UsageSyncManager( 3144): Deltas before (TimeDelta{wallTime=2020-04-30T15:21:36.416Z, elapsedSinceBoot=PT257H12M10.455S}) and after (TimeDelta{wallTime=2020-04-30T15:21:36.473Z, elapsedSinceBoot=PT257H12M10.513S}) query are approximately equal. Store events.
04-30 08:21:36.475 I/netd    (  795): firewallSetUidRule(2, 10067, 1) <2.06ms>
04-30 08:21:36.494 I/chatty  (29252): uid=10057(com.android.vending) expire 70 lines
04-30 08:21:36.509 I/AppUsageDatabaseImpl( 3144): Inserted 43 events to the app usage database.
04-30 08:21:36.554 I/AppUsageServiceImpl( 3144): New usage events were added, invalidating caches
04-30 08:21:36.558 I/ess     ( 3144): Can read Usage Stats because PACKAGE_USAGE_STATS permission is granted
04-30 08:21:36.563 I/UsageSyncManager( 3144): Deltas before (TimeDelta{wallTime=2020-04-30T15:21:36.444Z, elapsedSinceBoot=PT257H12M10.483S}) and after (TimeDelta{wallTime=2020-04-30T15:21:36.560Z, elapsedSinceBoot=PT257H12M10.6S}) query are approximately equal. Store events.
04-30 08:21:36.580 I/CHRE    (  884): @ 925934.989: [cc] onArResult activity=4, conf=1018
04-30 08:21:36.590 I/ess     ( 3144): Can read Usage Stats because PACKAGE_USAGE_STATS permission is granted
04-30 08:21:36.590 D/CollectorHandler(22619): handleMessage, event: ON_NOTIFICATION_POSTED_WITH_RANKING
04-30 08:21:36.591 D/StreamDBQueue(22619): Promised revision #435197 to queue a new op
04-30 08:21:36.591 D/BaseStreamManager(22619): Promised set @ r#435197 for (com.android.providers.downloads,tag=1:com.android.vending,id=0,notifKey=0|com.android.providers.downloads|0|1:com.android.vending|10021)
04-30 08:21:36.592 D/DynamicBucketRankerImpl(22619): StreamItemIdAndRevision{notifKey=0|com.android.providers.downloads|0|1:com.android.vending|10021, packageName=com.android.providers.downloads, tag=1:com.android.vending, id=0, revision=435197, originalRevision=435196, updateCount=1} in bucket #3 (Ongoing)
04-30 08:21:36.592 D/InterruptionStateProvider( 1802): No heads up: unimportant notification: 0|com.android.providers.downloads|0|1:com.android.vending|10021
04-30 08:21:36.594 D/InterruptionStateProvider( 1802): No heads up: unimportant notification: 0|com.android.providers.downloads|0|1:com.android.vending|10021
04-30 08:21:36.595 I/chatty  (29252): uid=10057(com.android.vending) LightweightExec expire 1 line
04-30 08:21:36.596 I/chatty  (29252): uid=10057(com.android.vending) InstallQueueUsi expire 9 lines
04-30 08:21:36.617 I/AppUsageServiceImpl( 3144): New usage events were added, invalidating caches
04-30 08:21:36.617 I/AppUsageDatabaseImpl( 3144): Clearing app usage events for []
04-30 08:21:36.629 I/ess     ( 3144): Can read Usage Stats because PACKAGE_USAGE_STATS permission is granted
04-30 08:21:36.632 I/UsageSyncManager( 3144): Last (TimeDelta{wallTime=2020-04-19T22:10:22.076Z, elapsedSinceBoot=PT56.115S}, boot count 100) and current (TimeDelta{wallTime=2020-04-30T15:21:36.630Z, elapsedSinceBoot=PT257H12M10.67S}, boot count 100) deltas are approximately equal. Pending shift duration is PT0S
04-30 08:21:36.689 D/DownloadManager(18232): [20008] Finished with status SUCCESS
04-30 08:21:36.710 D/CollectorHandler(22619): handleMessage, event: ON_NOTIFICATION_POSTED_WITH_RANKING
04-30 08:21:36.711 D/StreamDBQueue(22619): Promised revision #435198 to queue a new op
04-30 08:21:36.711 D/BaseStreamManager(22619): Promised set @ r#435198 for (com.android.providers.downloads,tag=1:com.android.vending,id=0,notifKey=0|com.android.providers.downloads|0|1:com.android.vending|10021)
04-30 08:21:36.711 D/InterruptionStateProvider( 1802): No heads up: unimportant notification: 0|com.android.providers.downloads|0|1:com.android.vending|10021
04-30 08:21:36.712 D/DynamicBucketRankerImpl(22619): StreamItemIdAndRevision{notifKey=0|com.android.providers.downloads|0|1:com.android.vending|10021, packageName=com.android.providers.downloads, tag=1:com.android.vending, id=0, revision=435198, originalRevision=435196, updateCount=2} in bucket #3 (Ongoing)
04-30 08:21:36.712 D/InterruptionStateProvider( 1802): No heads up: unimportant notification: 0|com.android.providers.downloads|0|1:com.android.vending|10021
04-30 08:21:36.719 I/chatty  (29252): uid=10057(com.android.vending) LightweightExec expire 4 lines
04-30 08:21:36.719 D/CollectorHandler(22619): handleMessage, event: ON_NOTIFICATION_REMOVED
04-30 08:21:36.719 D/StreamDBQueue(22619): Promised revision #435199 to queue a new op
