--------- beginning of crash
04-25 13:07:46.398 F/libc    (  927): Fatal signal 6 (SIGABRT), code -1 (SI_QUEUE) in tid 1602 (TimeCheckThread), pid 927 (audioserver)
04-25 13:07:46.507 F/DEBUG   ( 9099): *** *** *** *** *** *** *** *** *** *** *** *** *** *** *** ***
04-25 13:07:46.507 F/DEBUG   ( 9099): Build fingerprint: 'google/taimen/taimen:10/QQ2A.200405.005/6254899:user/release-keys'
04-25 13:07:46.507 F/DEBUG   ( 9099): Revision: 'rev_10'
04-25 13:07:46.507 F/DEBUG   ( 9099): ABI: 'arm64'
04-25 13:07:46.508 F/DEBUG   ( 9099): Timestamp: 2020-04-25 13:07:46-0700
04-25 13:07:46.508 F/DEBUG   ( 9099): pid: 927, tid: 1602, name: TimeCheckThread  >>> /system/bin/audioserver <<<
04-25 13:07:46.508 F/DEBUG   ( 9099): uid: 1041
04-25 13:07:46.508 F/DEBUG   ( 9099): signal 6 (SIGABRT), code -1 (SI_QUEUE), fault addr --------
04-25 13:07:46.508 F/DEBUG   ( 9099): Abort message: 'TimeCheck timeout for IAudioFlinger command 2'
04-25 13:07:46.508 F/DEBUG   ( 9099):     x0  0000000000000000  x1  0000000000000642  x2  0000000000000006  x3  0000007dd4165650
04-25 13:07:46.508 F/DEBUG   ( 9099):     x4  0080000000000000  x5  0080000000000000  x6  0080000000000000  x7  0000000000008000
04-25 13:07:46.508 F/DEBUG   ( 9099):     x8  00000000000000f0  x9  0000007e694724e0  x10 0000000000000000  x11 0000000000000001
04-25 13:07:46.508 F/DEBUG   ( 9099):     x12 0000007dd41657e0  x13 0000000000000030  x14 ffffffffffffffff  x15 00175ff9436c6e6b
04-25 13:07:46.508 F/DEBUG   ( 9099):     x16 0000007e6953e8c0  x17 0000007e6951c020  x18 0000007dd353c000  x19 00000000000000ac
04-25 13:07:46.508 F/DEBUG   ( 9099):     x20 000000000000039f  x21 00000000000000b2  x22 0000000000000642  x23 00000000ffffffff
04-25 13:07:46.508 F/DEBUG   ( 9099):     x24 0000007dd4165d50  x25 0000007dd4165d50  x26 0000007e68332138  x27 00000000000fd000
04-25 13:07:46.508 F/DEBUG   ( 9099):     x28 0000000000000000  x29 0000007dd4165700
04-25 13:07:46.508 F/DEBUG   ( 9099):     sp  0000007dd4165630  lr  0000007e694d0170  pc  0000007e694d01a0
04-25 13:07:46.515 F/DEBUG   ( 9099):
04-25 13:07:46.515 F/DEBUG   ( 9099): backtrace:
04-25 13:07:46.515 F/DEBUG   ( 9099):       #00 pc 00000000000821a0  /apex/com.android.runtime/lib64/bionic/libc.so (abort+176) (BuildId: 99d256d401014e290f38edaacced78da)
04-25 13:07:46.515 F/DEBUG   ( 9099):       #01 pc 0000000000008a74  /system/lib64/liblog.so (__android_log_assert+324) (BuildId: f50213b8f3b2fc979d7f34d2e789e295)
04-25 13:07:46.515 F/DEBUG   ( 9099):       #02 pc 0000000000010260  /system/lib64/libmediautils.so (android::TimeCheck::TimeCheckThread::threadLoop()+368) (BuildId: 01002530050b549f91b0cf63bee40cfb)
04-25 13:07:46.515 F/DEBUG   ( 9099):       #03 pc 00000000000137c0  /system/lib64/libutils.so (android::Thread::_threadLoop(void*)+312) (BuildId: 4c3553fbc250e29a1f8f60b47123b3b4)
04-25 13:07:46.516 F/DEBUG   ( 9099):       #04 pc 00000000000e230c  /apex/com.android.runtime/lib64/bionic/libc.so (__pthread_start(void*)+36) (BuildId: 99d256d401014e290f38edaacced78da)
04-25 13:07:46.516 F/DEBUG   ( 9099):       #05 pc 0000000000083d98  /apex/com.android.runtime/lib64/bionic/libc.so (__start_thread+64) (BuildId: 99d256d401014e290f38edaacced78da)
--------- beginning of system
04-29 12:36:09.454 I/chatty  ( 1287): uid=1000(system) ConnectivitySer expire 23 lines
04-29 12:36:15.978 I/chatty  ( 1287): uid=1000(system) Binder:1287_5 expire 2 lines
04-29 12:36:17.630 I/chatty  ( 1287): uid=1000(system) Binder:1287_B expire 1 line
04-29 12:36:18.321 I/chatty  ( 1287): uid=1000(system) Binder:1287_5 expire 1 line
04-29 12:36:18.321 I/chatty  ( 1287): uid=1000 system_server expire 44 lines
04-29 12:36:18.930 I/chatty  ( 1287): uid=1000 system_server expire 18 lines
04-29 12:36:19.022 I/chatty  ( 1287): uid=1000(system) Binder:1287_1E expire 2 lines
04-29 12:36:19.650 I/chatty  ( 1287): uid=1000(system) Binder:1287_3 expire 5 lines
04-29 12:36:20.381 I/chatty  ( 1287): uid=1000(system) ActivityManager expire 2 lines
04-29 12:36:21.230 I/chatty  ( 1287): uid=1000(system) Binder:1287_19 expire 7 lines
04-29 12:38:58.261 I/chatty  ( 1287): uid=1000(system) ActivityManager expire 22 lines
04-29 12:38:58.296 I/chatty  ( 1287): uid=1000(system) Binder:1287_E expire 3 lines
04-29 12:38:58.330 I/chatty  ( 1287): uid=1000(system) Binder:1287_4 expire 2 lines
04-29 12:38:58.350 I/chatty  ( 1287): uid=1000(system) Binder:1287_8 expire 1 line
04-29 12:38:58.350 I/chatty  ( 1287): uid=1000(system) Binder:1287_C expire 6 lines
04-29 12:38:58.350 I/chatty  ( 1287): uid=1000(system) ConnectivitySer expire 58 lines
04-29 12:38:58.581 I/chatty  ( 1287): uid=1000(system) Binder:1287_10 expire 1 line
04-29 12:39:22.470 I/chatty  ( 1287): uid=1000(system) Binder:1287_14 expire 5 lines
04-29 12:42:45.531 I/chatty  ( 1287): uid=1000(system) Binder:1287_1D expire 3 lines
04-29 12:42:59.171 I/chatty  ( 1287): uid=1000(system) Binder:1287_16 expire 4 lines
04-29 12:49:00.305 I/chatty  ( 1287): uid=1000(system) Binder:1287_F expire 6 lines
04-29 12:49:00.319 I/chatty  ( 1287): uid=1000(system) Binder:1287_12 expire 3 lines
04-29 12:49:32.616 I/chatty  ( 1287): uid=1000(system) InputReader expire 6 lines
04-29 12:49:32.649 I/chatty  ( 1287): uid=1000(system) PowerManagerSer expire 15 lines
04-29 12:49:32.685 I/chatty  ( 1287): uid=1000(system) android.display expire 5 lines
04-29 12:49:33.035 I/chatty  ( 1287): uid=1000(system) android.fg expire 7 lines
04-29 12:49:33.152 I/chatty  ( 1287): uid=1000(system) Binder:1287_6 expire 6 lines
04-29 12:49:34.969 I/chatty  ( 1287): uid=1000(system) SensorService expire 24 lines
04-29 12:49:47.739 I/chatty  ( 1287): uid=1000(system) android.ui expire 4 lines
04-29 12:50:11.811 I/chatty  ( 1287): uid=1000(system) PowerManagerSer expire 21 lines
04-29 12:50:12.100 I/chatty  ( 1287): uid=1000(system) android.fg expire 7 lines
04-29 12:50:12.111 I/chatty  ( 1287): uid=1000(system) Binder:1287_16 expire 1 line
04-29 12:50:12.126 I/chatty  ( 1287): uid=1000(system) Binder:1287_3 expire 14 lines
04-29 12:50:12.191 I/chatty  ( 1287): uid=1000(system) Binder:1287_E expire 3 lines
04-29 12:50:12.572 I/chatty  ( 1287): uid=1000(system) ActivityManager expire 7 lines
04-29 12:50:12.770 I/chatty  ( 1287): uid=1000(system) Binder:1287_14 expire 13 lines
04-29 12:50:12.983 I/chatty  ( 1287): uid=1000(system) batterystats-wo expire 12 lines
04-29 12:50:13.147 I/chatty  ( 1287): uid=1000(system) Binder:1287_7 expire 4 lines
04-29 12:50:14.707 I/chatty  ( 1287): uid=1000 system_server expire 13 lines
04-29 12:50:14.986 I/chatty  ( 1287): uid=1000(system) Binder:1287_6 expire 3 lines
04-29 12:50:15.053 I/chatty  ( 1287): uid=1000(system) android.display expire 6 lines
04-29 12:50:15.061 I/chatty  ( 1287): uid=1000(system) ActivityManager expire 11 lines
04-29 12:50:15.163 I/chatty  ( 1287): uid=1000(system) Binder:1287_19 expire 2 lines
04-29 12:50:46.739 I/chatty  ( 1287): uid=1000(system) Binder:1287_10 expire 5 lines
04-29 12:50:47.189 I/chatty  ( 1287): uid=1000(system) Binder:1287_1B expire 5 lines
04-29 12:50:57.636 I/chatty  ( 1287): uid=1000(system) Binder:1287_1D expire 2 lines
04-29 12:51:25.137 I/chatty  ( 1287): uid=1000(system) ConnectivitySer expire 76 lines
04-29 12:51:25.478 I/chatty  ( 1287): uid=1000(system) Binder:1287_B expire 2 lines
04-29 12:51:26.427 I/chatty  ( 1287): uid=1000(system) InputReader expire 6 lines
04-29 12:52:31.358 I/chatty  ( 1287): uid=1000(system) Binder:1287_1A expire 1 line
04-29 12:52:49.352 I/chatty  ( 1287): uid=1000(system) Binder:1287_15 expire 6 lines
04-29 12:52:52.332 I/chatty  ( 1287): uid=1000(system) Binder:1287_4 expire 3 lines
04-29 12:53:49.533 I/chatty  ( 1287): uid=1000(system) Binder:1287_C expire 3 lines
04-29 12:54:23.646 I/AlwaysOnHotwordDetector(12370): onDetected
04-29 12:54:25.351 I/chatty  ( 1287): uid=1000(system) ActivityManager expire 8 lines
04-29 12:54:28.023 I/chatty  ( 1287): uid=1000 system_server expire 10 lines
04-29 12:54:28.025 I/AlwaysOnHotwordDetector(12370): onDetected
04-29 12:56:26.265 I/chatty  ( 1287): uid=1000(system) SensorService expire 9 lines
04-29 12:56:28.019 I/chatty  ( 1287): uid=1000(system) Binder:1287_13 expire 13 lines
04-29 12:56:31.646 I/chatty  ( 1287): uid=1000(system) android.fg expire 1 line
04-29 12:56:31.766 I/chatty  ( 1287): uid=1000(system) android.display expire 1 line
04-29 12:56:31.803 I/chatty  ( 1287): uid=1000 system_server expire 14 lines
04-29 12:56:41.452 I/chatty  ( 1287): uid=1000(system) Binder:1287_B expire 20 lines
04-29 12:56:52.271 I/chatty  ( 1287): uid=1000(system) Binder:1287_4 expire 2 lines
04-29 12:56:52.309 I/chatty  ( 1287): uid=1000(system) Binder:1287_1D expire 1 line
04-29 12:56:52.323 I/chatty  ( 1287): uid=1000(system) Binder:1287_14 expire 2 lines
04-29 12:56:52.617 I/chatty  ( 1287): uid=1000(system) SensorService expire 19 lines
04-29 12:57:53.376 I/chatty  ( 1287): uid=1000(system) Binder:1287_10 expire 12 lines
04-29 12:57:53.387 I/chatty  ( 1287): uid=1000(system) Binder:1287_6 expire 16 lines
04-29 12:58:54.305 I/chatty  ( 1287): uid=1000(system) Binder:1287_C expire 7 lines
04-29 12:59:03.282 I/chatty  ( 1287): uid=1000(system) ActivityManager expire 10 lines
04-29 12:59:55.220 I/chatty  ( 1287): uid=1000(system) batterystats-wo expire 2 lines
04-29 13:00:02.078 I/chatty  ( 1287): uid=1000(system) ConnectivitySer expire 133 lines
04-29 13:00:02.140 I/chatty  ( 1287): uid=1000(system) ActivityManager expire 4 lines
04-29 13:00:56.304 I/chatty  ( 1287): uid=1000(system) Binder:1287_16 expire 1 line
04-29 13:05:01.356 I/chatty  ( 1287): uid=1000(system) Binder:1287_E expire 4 lines
04-29 13:19:22.335 I/chatty  ( 1287): uid=1000(system) ConnectivitySer expire 144 lines
04-29 13:19:22.577 I/chatty  ( 1287): uid=1000(system) Binder:1287_16 expire 6 lines
04-29 13:19:22.684 I/chatty  ( 1287): uid=1000(system) Binder:1287_3 expire 5 lines
04-29 13:19:22.709 I/chatty  ( 1287): uid=1000(system) Binder:1287_6 expire 2 lines
04-29 13:19:22.710 I/chatty  ( 1287): uid=1000(system) ActivityManager expire 31 lines
04-29 13:19:22.839 I/chatty  ( 1287): uid=1000(system) Binder:1287_B expire 2 lines
04-29 13:19:24.833 I/chatty  ( 1287): uid=1000(system) PowerManagerSer expire 12 lines
04-29 13:19:24.861 I/chatty  ( 1287): uid=1000(system) android.display expire 4 lines
04-29 13:19:24.883 I/chatty  ( 1287): uid=1000 system_server expire 17 lines
04-29 13:19:25.365 I/chatty  ( 1287): uid=1000(system) ActivityManager expire 4 lines
04-29 13:21:26.478 I/chatty  ( 1287): uid=1000(system) batterystats-wo expire 1 line
04-29 13:28:05.272 I/chatty  ( 1287): uid=1000(system) Binder:1287_10 expire 3 lines
04-29 13:29:08.287 I/chatty  ( 1287): uid=1000(system) Binder:1287_1D expire 5 lines
04-29 13:30:02.487 I/chatty  ( 1287): uid=1000(system) Binder:1287_13 expire 3 lines
04-29 13:39:10.287 I/chatty  ( 1287): uid=1000(system) Binder:1287_1E expire 2 lines
04-29 13:44:12.295 I/chatty  ( 1287): uid=1000(system) Binder:1287_C expire 6 lines
04-29 13:45:03.851 I/chatty  ( 1287): uid=1000(system) Binder:1287_1C expire 3 lines
04-29 13:45:04.025 I/chatty  ( 1287): uid=1000(system) Binder:1287_20 expire 1 line
04-29 13:45:37.175 I/chatty  ( 1287): uid=1000(system) android.ui expire 1 line
04-29 13:49:12.346 I/chatty  ( 1287): uid=1000(system) Binder:1287_18 expire 3 lines
04-29 13:49:49.489 I/chatty  ( 1287): uid=1000(system) ConnectivitySer expire 88 lines
04-29 13:49:49.823 I/chatty  ( 1287): uid=1000(system) ActivityManager expire 27 lines
04-29 13:52:34.203 I/chatty  ( 1287): uid=1000 system_server expire 24 lines
04-29 13:52:34.290 I/chatty  ( 1287): uid=1000(system) Binder:1287_4 expire 1 line
04-29 13:52:34.292 I/chatty  ( 1287): uid=1000(system) Binder:1287_B expire 7 lines
04-29 13:52:34.292 I/chatty  ( 1287): uid=1000(system) Binder:1287_1A expire 2 lines
04-29 13:52:34.292 I/chatty  ( 1287): uid=1000(system) Binder:1287_16 expire 1 line
04-29 13:52:34.292 I/chatty  ( 1287): uid=1000(system) Binder:1287_10 expire 1 line
04-29 13:54:25.070 I/chatty  ( 1287): uid=1000(system) Binder:1287_E expire 2 lines
04-29 13:54:25.088 I/chatty  ( 1287): uid=1000(system) Binder:1287_13 expire 1 line
04-29 13:58:01.793 I/chatty  ( 1287): uid=1000(system) PowerManagerSer expire 30 lines
04-29 13:58:01.820 I/chatty  ( 1287): uid=1000(system) android.display expire 8 lines
04-29 13:59:25.215 I/chatty  ( 1287): uid=1000(system) Binder:1287_20 expire 14 lines
04-29 13:59:25.249 I/chatty  ( 1287): uid=1000(system) Binder:1287_F expire 4 lines
04-29 13:59:25.539 I/chatty  ( 1287): uid=1000(system) Binder:1287_6 expire 4 lines
04-29 14:09:28.221 I/chatty  ( 1287): uid=1000(system) Binder:1287_3 expire 3 lines
04-29 14:09:36.976 I/chatty  ( 1287): uid=1000(system) batterystats-wo expire 1 line
04-29 14:10:54.286 I/chatty  ( 1287): uid=1000(system) SensorService expire 16 lines
04-29 14:10:57.337 I/chatty  ( 1287): uid=1000(system) Binder:1287_19 expire 7 lines
04-29 14:10:57.404 I/chatty  ( 1287): uid=1000(system) ActivityManager expire 3 lines
04-29 14:19:55.893 I/chatty  ( 1287): uid=1000(system) Binder:1287_15 expire 1 line
04-29 14:24:12.782 I/chatty  ( 1287): uid=1000(system) android.ui expire 1 line
04-29 14:30:25.262 I/chatty  ( 1287): uid=1000(system) InputReader expire 5 lines
04-29 14:30:25.658 I/chatty  ( 1287): uid=1000(system) android.fg expire 3 lines
04-29 14:30:25.752 I/chatty  ( 1287): uid=1000(system) Binder:1287_2 expire 1 line
04-29 14:30:27.334 I/chatty  ( 1287): uid=1000(system) PowerManagerSer expire 7 lines
04-29 14:30:27.351 I/chatty  ( 1287): uid=1000 system_server expire 11 lines
04-29 14:30:27.407 I/chatty  ( 1287): uid=1000(system) android.display expire 2 lines
04-29 14:30:27.429 I/chatty  ( 1287): uid=1000(system) SensorService expire 8 lines
04-29 14:30:27.436 I/chatty  ( 1287): uid=1000(system) InputReader expire 3 lines
04-29 14:30:27.906 I/chatty  ( 1287): uid=1000(system) Binder:1287_15 expire 6 lines
04-29 14:30:28.721 I/chatty  ( 1287): uid=1000(system) android.fg expire 1 line
04-29 14:30:30.167 I/chatty  ( 1287): uid=1000(system) Binder:1287_E expire 13 lines
04-29 14:30:32.040 I/chatty  ( 1287): uid=1000(system) ConnectivitySer expire 98 lines
04-29 14:30:32.090 I/chatty  ( 1287): uid=1000(system) Binder:1287_16 expire 2 lines
04-29 14:30:32.104 I/chatty  ( 1287): uid=1000(system) Binder:1287_14 expire 2 lines
04-29 14:30:33.636 I/chatty  ( 1287): uid=1000(system) Binder:1287_13 expire 3 lines
04-29 14:30:34.062 I/chatty  ( 1287): uid=1000(system) ActivityManager expire 7 lines
04-29 14:30:35.098 I/chatty  ( 1287): uid=1000(system) ActivityManager expire 16 lines
04-29 14:30:35.763 I/chatty  ( 1287): uid=1000(system) Binder:1287_6 expire 1 line
04-29 14:30:35.891 I/chatty  ( 1287): uid=1000(system) Binder:1287_19 expire 4 lines
04-29 14:30:41.294 I/chatty  ( 1287): uid=1000(system) Binder:1287_B expire 1 line
04-29 14:30:41.479 I/chatty  ( 1287): uid=1000(system) Binder:1287_18 expire 2 lines
04-29 14:30:41.529 I/chatty  ( 1287): uid=1000(system) Binder:1287_C expire 4 lines
04-29 14:30:42.761 I/chatty  ( 1287): uid=1000(system) Binder:1287_1C expire 2 lines
04-29 14:30:42.762 I/chatty  ( 1287): uid=1000(system) Binder:1287_1E expire 1 line
04-29 14:30:43.087 I/chatty  ( 1287): uid=1000(system) Binder:1287_D expire 4 lines
04-29 14:30:43.289 I/chatty  ( 1287): uid=1000(system) Binder:1287_17 expire 2 lines
04-29 14:30:44.530 I/chatty  ( 1287): uid=1000(system) Binder:1287_3 expire 1 line
04-29 14:30:45.085 I/chatty  ( 1287): uid=1000(system) Binder:1287_F expire 1 line
04-29 14:30:46.159 I/chatty  ( 1287): uid=1000(system) Binder:1287_10 expire 1 line
04-29 14:30:47.747 I/chatty  ( 1287): uid=1000(system) Binder:1287_7 expire 7 lines
04-29 14:30:49.607 I/chatty  ( 1287): uid=1000(system) Binder:1287_8 expire 6 lines
04-29 14:30:50.585 I/chatty  ( 1287): uid=1000(system) Binder:1287_12 expire 8 lines
04-29 14:30:50.652 I/chatty  ( 1287): uid=1000(system) Binder:1287_1F expire 1 line
04-29 14:31:29.358 I/chatty  ( 1287): uid=1000(system) Binder:1287_5 expire 10 lines
04-29 14:31:36.585 I/chatty  ( 1287): uid=1000(system) Binder:1287_9 expire 3 lines
04-29 14:31:36.594 I/chatty  ( 1287): uid=1000(system) Binder:1287_1B expire 3 lines
04-29 14:32:38.267 I/chatty  ( 1287): uid=1000(system) Binder:1287_1 expire 4 lines
04-29 14:34:35.517 I/chatty  ( 1287): uid=1000(system) android.ui expire 2 lines
04-29 14:36:42.192 I/chatty  ( 1287): uid=1000(system) Binder:1287_20 expire 5 lines
04-29 14:38:43.316 I/chatty  ( 1287): uid=1000(system) ConnectivitySer expire 42 lines
04-29 14:38:43.326 I/chatty  ( 1287): uid=1000(system) Binder:1287_7 expire 3 lines
04-29 14:38:43.775 I/chatty  ( 1287): uid=1000(system) Binder:1287_1 expire 9 lines
04-29 14:38:43.814 I/chatty  ( 1287): uid=1000(system) ActivityManager expire 11 lines
04-29 14:38:43.842 I/chatty  ( 1287): uid=1000(system) Binder:1287_5 expire 4 lines
04-29 14:38:43.918 I/chatty  ( 1287): uid=1000(system) Binder:1287_16 expire 11 lines
04-29 14:41:44.248 I/chatty  ( 1287): uid=1000(system) android.bg expire 1 line
04-29 14:41:44.353 I/chatty  ( 1287): uid=1000(system) ActivityManager expire 7 lines
04-29 14:41:45.750 I/chatty  ( 1287): uid=1000(system) Binder:1287_1A expire 6 lines
04-29 14:41:45.824 I/chatty  ( 1287): uid=1000(system) Binder:1287_15 expire 3 lines
04-29 14:41:49.070 I/chatty  ( 1287): uid=1000(system) InputReader expire 4 lines
04-29 14:41:49.070 I/chatty  ( 1287): uid=1000 system_server expire 11 lines
04-29 14:41:49.083 I/chatty  ( 1287): uid=1000(system) PowerManagerSer expire 12 lines
04-29 14:41:49.121 I/chatty  ( 1287): uid=1000(system) android.display expire 2 lines
04-29 14:41:49.460 I/chatty  ( 1287): uid=1000(system) android.fg expire 4 lines
04-29 14:42:52.475 I/chatty  ( 1287): uid=1000(system) Binder:1287_9 expire 1 line
04-29 14:43:10.569 I/AlwaysOnHotwordDetector(12370): onDetected
04-29 14:43:10.665 I/chatty  ( 1287): uid=1000(system) ConnectivitySer expire 67 lines
04-29 14:43:49.020 I/chatty  ( 1287): uid=1000(system) Binder:1287_1E expire 2 lines
04-29 14:44:36.186 I/chatty  ( 1287): uid=1000(system) ActivityManager expire 9 lines
04-29 14:44:36.529 I/chatty  ( 1287): uid=1000(system) Binder:1287_D expire 3 lines
04-29 14:44:57.867 I/AlwaysOnHotwordDetector(12370): onDetected
04-29 14:48:49.581 I/chatty  ( 1287): uid=1000(system) Binder:1287_E expire 8 lines
04-29 14:48:49.663 I/chatty  ( 1287): uid=1000(system) Binder:1287_2 expire 1 line
04-29 14:48:50.097 I/chatty  ( 1287): uid=1000(system) Binder:1287_B expire 11 lines
04-29 14:48:50.644 I/chatty  ( 1287): uid=1000(system) Binder:1287_14 expire 7 lines
04-29 14:48:52.669 I/chatty  ( 1287): uid=1000(system) Binder:1287_11 expire 1 line
04-29 14:48:54.327 I/chatty  ( 1287): uid=1000(system) ConnectivitySer expire 117 lines
04-29 14:49:00.102 I/chatty  ( 1287): uid=1000(system) Binder:1287_14 expire 7 lines
04-29 14:49:15.170 I/chatty  ( 1287): uid=1000(system) Binder:1287_1A expire 3 lines
04-29 14:49:36.213 I/chatty  ( 1287): uid=1000(system) ActivityManager expire 12 lines
04-29 14:49:36.214 I/chatty  ( 1287): uid=1000(system) Binder:1287_4 expire 4 lines
04-29 14:49:37.101 I/chatty  ( 1287): uid=1000(system) Binder:1287_15 expire 1 line
04-29 14:52:33.252 I/chatty  ( 1287): uid=1000 system_server expire 17 lines
04-29 14:54:36.280 I/chatty  ( 1287): uid=1000(system) Binder:1287_1 expire 3 lines
04-29 14:58:00.570 I/chatty  ( 1287): uid=1000(system) Binder:1287_C expire 3 lines
04-29 14:59:37.957 I/chatty  ( 1287): uid=1000(system) Binder:1287_8 expire 4 lines
04-29 14:59:39.839 I/chatty  ( 1287): uid=1000(system) android.ui expire 2 lines
04-29 15:03:55.672 I/chatty  ( 1287): uid=1000(system) Binder:1287_B expire 8 lines
04-29 15:03:58.354 I/chatty  ( 1287): uid=1000(system) ActivityManager expire 3 lines
04-29 15:03:58.619 I/chatty  ( 1287): uid=1000(system) Binder:1287_9 expire 3 lines
04-29 15:04:59.129 I/AlwaysOnHotwordDetector(12370): onDetected
04-29 15:04:59.220 I/chatty  ( 1287): uid=1000(system) ConnectivitySer expire 18 lines
04-29 15:04:59.228 I/chatty  ( 1287): uid=1000(system) batterystats-wo expire 4 lines
04-29 15:09:37.662 I/chatty  ( 1287): uid=1000(system) ActivityManager expire 4 lines
04-29 15:14:38.279 I/chatty  ( 1287): uid=1000(system) Binder:1287_D expire 3 lines
04-29 15:14:38.300 I/chatty  ( 1287): uid=1000(system) Binder:1287_20 expire 1 line
04-29 15:17:39.881 I/chatty  ( 1287): uid=1000(system) InputReader expire 2 lines
04-29 15:17:39.903 I/chatty  ( 1287): uid=1000(system) PowerManagerSer expire 6 lines
04-29 15:17:39.913 I/chatty  ( 1287): uid=1000(system) android.display expire 1 line
04-29 15:17:40.271 I/chatty  ( 1287): uid=1000(system) android.fg expire 3 lines
04-29 15:17:40.302 I/chatty  ( 1287): uid=1000(system) Binder:1287_18 expire 1 line
04-29 15:17:41.479 I/chatty  ( 1287): uid=1000(system) Binder:1287_F expire 5 lines
04-29 15:17:41.510 I/chatty  ( 1287): uid=1000(system) ConnectivitySer expire 52 lines
04-29 15:17:41.634 I/chatty  ( 1287): uid=1000(system) android.display expire 11 lines
04-29 15:17:41.643 I/chatty  ( 1287): uid=1000(system) ActivityManager expire 15 lines
04-29 15:17:41.797 I/chatty  ( 1287): uid=1000(system) Binder:1287_D expire 3 lines
04-29 15:17:41.806 I/chatty  ( 1287): uid=1000(system) Binder:1287_11 expire 7 lines
04-29 15:17:41.816 I/chatty  ( 1287): uid=1000(system) Binder:1287_1B expire 5 lines
04-29 15:17:41.883 I/chatty  ( 1287): uid=1000(system) ActivityManager expire 6 lines
04-29 15:17:42.160 I/chatty  ( 1287): uid=1000(system) Binder:1287_C expire 2 lines
04-29 15:17:42.441 I/chatty  ( 1287): uid=1000(system) Binder:1287_18 expire 1 line
04-29 15:17:42.478 I/chatty  ( 1287): uid=1000(system) Binder:1287_1E expire 3 lines
04-29 15:17:42.885 I/chatty  ( 1287): uid=1000(system) android.ui expire 2 lines
04-29 15:17:43.984 I/chatty  ( 1287): uid=1000(system) Binder:1287_19 expire 1 line
04-29 15:17:43.984 I/chatty  ( 1287): uid=1000(system) Binder:1287_10 expire 1 line
04-29 15:17:44.619 I/chatty  ( 1287): uid=1000(system) Binder:1287_8 expire 4 lines
04-29 15:17:45.522 I/chatty  ( 1287): uid=1000(system) Binder:1287_9 expire 11 lines
04-29 15:17:45.981 I/chatty  ( 1287): uid=1000(system) Binder:1287_1F expire 8 lines
04-29 15:17:53.848 I/chatty  ( 1287): uid=1000(system) InputReader expire 2 lines
04-29 15:17:53.848 I/chatty  ( 1287): uid=1000 system_server expire 18 lines
04-29 15:17:54.341 I/chatty  ( 1287): uid=1000(system) PowerManagerSer expire 12 lines
04-29 15:17:54.531 I/chatty  ( 1287): uid=1000(system) android.fg expire 7 lines
04-29 15:17:54.813 I/chatty  ( 1287): uid=1000(system) Binder:1287_17 expire 6 lines
04-29 15:17:54.815 I/chatty  ( 1287): uid=1000(system) Binder:1287_7 expire 1 line
04-29 15:17:54.819 I/chatty  ( 1287): uid=1000(system) Binder:1287_1C expire 1 line
04-29 15:17:54.819 I/chatty  ( 1287): uid=1000(system) Binder:1287_A expire 4 lines
04-29 15:17:54.829 I/chatty  ( 1287): uid=1000(system) Binder:1287_6 expire 1 line
04-29 15:17:54.877 E/ActivityThread( 6440): Service com.google.android.youtube.api.service.YouTubeService has leaked IntentReceiver ahrb@69225cc that was originally registered here. Are you missing a call to unregisterReceiver()?
04-29 15:17:54.877 E/ActivityThread( 6440): android.app.IntentReceiverLeaked: Service com.google.android.youtube.api.service.YouTubeService has leaked IntentReceiver ahrb@69225cc that was originally registered here. Are you missing a call to unregisterReceiver()?
04-29 15:17:54.877 E/ActivityThread( 6440): 	at android.app.LoadedApk$ReceiverDispatcher.<init>(LoadedApk.java:1588)
04-29 15:17:54.877 E/ActivityThread( 6440): 	at android.app.LoadedApk.getReceiverDispatcher(LoadedApk.java:1368)
04-29 15:17:54.877 E/ActivityThread( 6440): 	at android.app.ContextImpl.registerReceiverInternal(ContextImpl.java:1515)
04-29 15:17:54.877 E/ActivityThread( 6440): 	at android.app.ContextImpl.registerReceiver(ContextImpl.java:1488)
04-29 15:17:54.877 E/ActivityThread( 6440): 	at android.app.ContextImpl.registerReceiver(ContextImpl.java:1476)
04-29 15:17:54.877 E/ActivityThread( 6440): 	at android.content.ContextWrapper.registerReceiver(ContextWrapper.java:627)
04-29 15:17:54.877 E/ActivityThread( 6440): 	at ajlc.<init>(PG:18)
04-29 15:17:54.877 E/ActivityThread( 6440): 	at ajmo.get(PG:7)
04-29 15:17:54.877 E/ActivityThread( 6440): 	at bdwf.get(PG:3)
04-29 15:17:54.877 E/ActivityThread( 6440): 	at bdwe.get(PG:3)
04-29 15:17:54.877 E/ActivityThread( 6440): 	at nes.G(PG:166)
04-29 15:17:54.877 E/ActivityThread( 6440): 	at ahpr.a(PG:4)
04-29 15:17:54.877 E/ActivityThread( 6440): 	at ahpr.get(PG:3)
04-29 15:17:54.877 E/ActivityThread( 6440): 	at bdwf.get(PG:3)
04-29 15:17:54.877 E/ActivityThread( 6440): 	at net.a(PG:2)
04-29 15:17:54.877 E/ActivityThread( 6440): 	at ncp.<init>(PG:9)
04-29 15:17:54.877 E/ActivityThread( 6440): 	at com.google.android.apps.youtube.embeddedplayer.service.service.jar.ApiPlayerService.<init>(PG:42)
04-29 15:17:54.877 E/ActivityThread( 6440): 	at com.google.android.apps.youtube.embeddedplayer.service.service.jar.ApiPlayerFactoryService$1.run(PG:2)
04-29 15:17:54.877 E/ActivityThread( 6440): 	at android.os.Handler.handleCallback(Handler.java:883)
04-29 15:17:54.877 E/ActivityThread( 6440): 	at android.os.Handler.dispatchMessage(Handler.java:100)
04-29 15:17:54.877 E/ActivityThread( 6440): 	at android.os.Looper.loop(Looper.java:214)
04-29 15:17:54.877 E/ActivityThread( 6440): 	at android.app.ActivityThread.main(ActivityThread.java:7356)
04-29 15:17:54.877 E/ActivityThread( 6440): 	at java.lang.reflect.Method.invoke(Native Method)
04-29 15:17:54.877 E/ActivityThread( 6440): 	at com.android.internal.os.RuntimeInit$MethodAndArgsCaller.run(RuntimeInit.java:492)
04-29 15:17:54.877 E/ActivityThread( 6440): 	at com.android.internal.os.ZygoteInit.main(ZygoteInit.java:930)
04-29 15:18:56.913 I/chatty  ( 1287): uid=1000(system) batterystats-wo expire 8 lines
04-29 15:19:05.768 I/AlwaysOnHotwordDetector(12370): onDetected
04-29 15:19:06.534 I/chatty  ( 1287): uid=1000(system) ActivityManager expire 3 lines
04-29 15:19:06.631 I/chatty  ( 1287): uid=1000(system) Binder:1287_14 expire 1 line
04-29 15:19:39.229 I/chatty  ( 1287): uid=1000(system) AlarmManager expire 1 line
04-29 15:19:39.247 I/chatty  ( 1287): uid=1000(system) Binder:1287_20 expire 1 line
04-29 15:20:39.767 I/AlwaysOnHotwordDetector(12370): onDetected
04-29 15:20:40.264 I/chatty  ( 1287): uid=1000(system) Binder:1287_1A expire 1 line
04-29 15:20:40.787 I/chatty  ( 1287): uid=1000(system) android.display expire 4 lines
04-29 15:20:40.791 I/chatty  ( 1287): uid=1000(system) Binder:1287_4 expire 3 lines
04-29 15:20:41.433 I/chatty  ( 1287): uid=1000(system) ConnectivitySer expire 7 lines
04-29 15:20:41.465 I/chatty  ( 1287): uid=1000(system) Binder:1287_E expire 1 line
04-29 15:20:41.531 I/chatty  ( 1287): uid=1000(system) Binder:1287_2 expire 1 line
04-29 15:20:41.646 I/chatty  ( 1287): uid=1000(system) Binder:1287_5 expire 7 lines
04-29 15:20:48.753 I/chatty  ( 1287): uid=1000(system) PowerManagerSer expire 24 lines
04-29 15:20:54.729 I/chatty  ( 1287): uid=1000 system_server expire 15 lines
04-29 15:20:55.285 I/chatty  ( 1287): uid=1000(system) batterystats-wo expire 12 lines
04-29 15:20:55.314 I/chatty  ( 1287): uid=1000(system) android.display expire 3 lines
04-29 15:20:55.465 I/chatty  ( 1287): uid=1000(system) android.fg expire 5 lines
04-29 15:20:55.612 I/chatty  ( 1287): uid=1000(system) Binder:1287_1A expire 8 lines
04-29 15:20:56.709 I/chatty  ( 1287): uid=1000(system) ConnectivitySer expire 102 lines
04-29 15:20:56.747 I/chatty  ( 1287): uid=1000(system) Binder:1287_17 expire 2 lines
04-29 15:20:58.890 I/AlwaysOnHotwordDetector(12370): onDetected
04-29 15:20:59.460 I/chatty  ( 1287): uid=1000(system) Binder:1287_8 expire 2 lines
04-29 15:20:59.635 I/chatty  ( 1287): uid=1000(system) Binder:1287_B expire 12 lines
04-29 15:20:59.735 I/chatty  ( 1287): uid=1000(system) Binder:1287_9 expire 2 lines
04-29 15:20:59.785 I/chatty  ( 1287): uid=1000(system) Binder:1287_11 expire 2 lines
04-29 15:20:59.787 I/chatty  ( 1287): uid=1000(system) Binder:1287_C expire 1 line
04-29 15:21:12.720 I/chatty  ( 1287): uid=1000(system) Binder:1287_4 expire 6 lines
04-29 15:21:14.452 I/chatty  ( 1287): uid=1000(system) android.bg expire 2 lines
04-29 15:22:34.277 I/chatty  ( 1287): uid=1000(system) Binder:1287_7 expire 1 line
04-29 15:24:40.229 I/chatty  ( 1287): uid=1000(system) ActivityManager expire 4 lines
04-29 15:24:40.230 I/chatty  ( 1287): uid=1000(system) Binder:1287_E expire 2 lines
04-29 15:29:41.512 I/chatty  ( 1287): uid=1000(system) Binder:1287_1C expire 1 line
04-29 15:31:03.316 I/AlwaysOnHotwordDetector(12370): onDetected
04-29 15:31:05.143 I/chatty  ( 1287): uid=1000(system) SensorService expire 27 lines
04-29 15:31:20.252 I/chatty  ( 1287): uid=1000(system) Binder:1287_4 expire 9 lines
04-29 15:31:20.260 I/chatty  ( 1287): uid=1000(system) Binder:1287_1C expire 16 lines
04-29 15:31:20.264 I/chatty  ( 1287): uid=1000(system) Binder:1287_1B expire 15 lines
04-29 15:31:20.275 I/chatty  ( 1287): uid=1000(system) Binder:1287_1A expire 28 lines
04-29 15:31:20.347 I/chatty  ( 1287): uid=1000(system) Binder:1287_E expire 2 lines
04-29 15:32:25.309 I/chatty  ( 1287): uid=1000(system) Binder:1287_11 expire 6 lines
04-29 15:32:33.392 I/chatty  ( 1287): uid=1000 system_server expire 11 lines
04-29 15:32:33.394 I/AlwaysOnHotwordDetector(12370): onDetected
04-29 15:32:34.712 I/chatty  ( 1287): uid=1000(system) android.ui expire 1 line
04-29 15:34:42.169 I/chatty  ( 1287): uid=1000(system) ActivityManager expire 15 lines
04-29 15:35:28.258 I/chatty  ( 1287): uid=1000(system) Binder:1287_9 expire 5 lines
04-29 15:35:47.109 I/chatty  ( 1287): uid=1000(system) batterystats-wo expire 1 line
04-29 15:37:30.149 I/chatty  ( 1287): uid=1000(system) Binder:1287_B expire 11 lines
04-29 15:38:30.291 I/chatty  ( 1287): uid=1000(system) ActivityManager expire 1 line
04-29 15:39:32.187 I/chatty  ( 1287): uid=1000(system) ConnectivitySer expire 64 lines
04-29 15:54:47.778 I/chatty  ( 1287): uid=1000(system) Binder:1287_6 expire 2 lines
04-29 15:55:45.714 I/chatty  ( 1287): uid=1000(system) PowerManagerSer expire 6 lines
04-29 15:55:45.744 I/chatty  ( 1287): uid=1000(system) android.display expire 2 lines
04-29 15:56:18.425 I/chatty  ( 1287): uid=1000(system) Binder:1287_8 expire 1 line
04-29 15:56:18.641 I/chatty  ( 1287): uid=1000(system) ActivityManager expire 27 lines
04-29 15:56:18.651 I/chatty  ( 1287): uid=1000(system) Binder:1287_6 expire 1 line
04-29 15:56:23.355 I/chatty  ( 1287): uid=1000(system) ConnectivitySer expire 83 lines
04-29 15:56:26.515 I/chatty  ( 1287): uid=1000(system) Binder:1287_1F expire 3 lines
04-29 15:58:03.207 I/chatty  ( 1287): uid=1000(system) android.ui expire 2 lines
04-29 15:59:48.232 I/chatty  ( 1287): uid=1000(system) Binder:1287_1 expire 2 lines
04-29 15:59:48.259 I/chatty  ( 1287): uid=1000(system) Binder:1287_15 expire 4 lines
04-29 15:59:48.787 I/chatty  ( 1287): uid=1000(system) Binder:1287_2 expire 11 lines
04-29 16:02:34.202 I/chatty  ( 1287): uid=1000 system_server expire 16 lines
04-29 16:04:49.215 I/chatty  ( 1287): uid=1000(system) Binder:1287_13 expire 1 line
04-29 16:11:06.053 I/chatty  ( 1287): uid=1000(system) android.fg expire 1 line
04-29 16:11:06.119 I/chatty  ( 1287): uid=1000(system) ActivityManager expire 4 lines
04-29 16:11:07.574 I/chatty  ( 1287): uid=1000(system) Binder:1287_17 expire 2 lines
04-29 16:11:19.395 I/chatty  ( 1287): uid=1000(system) PowerManagerSer expire 6 lines
04-29 16:11:19.419 I/chatty  ( 1287): uid=1000(system) android.display expire 2 lines
04-29 16:14:00.347 I/chatty  ( 1287): uid=1000(system) Binder:1287_1B expire 2 lines
04-29 16:14:00.479 I/chatty  ( 1287): uid=1000(system) Binder:1287_1C expire 3 lines
04-29 16:14:37.226 I/chatty  ( 1287): uid=1000(system) batterystats-wo expire 2 lines
04-29 16:15:00.257 I/chatty  ( 1287): uid=1000(system) Binder:1287_4 expire 2 lines
04-29 16:18:56.251 I/chatty  ( 1287): uid=1000(system) android.bg expire 1 line
04-29 16:18:56.353 I/chatty  ( 1287): uid=1000(system) Binder:1287_1D expire 1 line
04-29 16:18:56.353 I/chatty  ( 1287): uid=1000(system) Binder:1287_11 expire 2 lines
04-29 16:20:01.188 I/chatty  ( 1287): uid=1000(system) Binder:1287_20 expire 3 lines
04-29 16:20:01.197 I/chatty  ( 1287): uid=1000(system) Binder:1287_7 expire 5 lines
04-29 16:20:01.668 I/chatty  ( 1287): uid=1000(system) Binder:1287_1A expire 4 lines
04-29 16:23:18.615 I/chatty  ( 1287): uid=1000(system) Binder:1287_D expire 4 lines
04-29 16:23:18.621 I/chatty  ( 1287): uid=1000(system) Binder:1287_3 expire 8 lines
04-29 16:34:21.020 I/chatty  ( 1287): uid=1000(system) ConnectivitySer expire 40 lines
04-29 16:34:21.024 I/chatty  ( 1287): uid=1000(system) Binder:1287_1A expire 3 lines
04-29 16:34:21.032 I/chatty  ( 1287): uid=1000(system) Binder:1287_7 expire 5 lines
04-29 16:34:21.037 I/chatty  ( 1287): uid=1000(system) Binder:1287_D expire 7 lines
04-29 16:34:21.252 I/chatty  ( 1287): uid=1000(system) ActivityManager expire 16 lines
04-29 16:34:21.340 I/chatty  ( 1287): uid=1000(system) Binder:1287_1D expire 2 lines
04-29 16:34:21.417 I/chatty  ( 1287): uid=1000(system) Binder:1287_16 expire 6 lines
04-29 16:34:21.890 I/chatty  ( 1287): uid=1000(system) Binder:1287_10 expire 2 lines
04-29 16:34:24.094 I/chatty  ( 1287): uid=1000(system) ActivityManager expire 2 lines
04-29 16:34:24.106 I/chatty  ( 1287): uid=1000(system) NetworkWatchlis expire 2 lines
04-29 16:34:30.954 I/chatty  ( 1287): uid=1000 system_server expire 19 lines
04-29 16:34:33.843 I/chatty  ( 1287): uid=1000(system) Binder:1287_20 expire 7 lines
04-29 16:34:35.496 I/chatty  ( 1287): uid=1000(system) Binder:1287_4 expire 11 lines
04-29 16:52:21.716 I/AlwaysOnHotwordDetector(12370): onDetected
04-29 16:55:10.058 I/chatty  ( 1287): uid=1000(system) ActivityManager expire 11 lines
04-29 17:00:11.176 I/chatty  ( 1287): uid=1000(system) ConnectivitySer expire 31 lines
04-29 17:02:24.202 I/chatty  ( 1287): uid=1000(system) android.ui expire 1 line
04-29 17:05:13.230 I/chatty  ( 1287): uid=1000(system) batterystats-wo expire 2 lines
04-29 17:15:15.529 I/chatty  ( 1287): uid=1000(system) Binder:1287_11 expire 1 line
04-29 17:18:02.666 I/chatty  ( 1287): uid=1000(system) InputReader expire 2 lines
04-29 17:18:02.683 I/chatty  ( 1287): uid=1000(system) PowerManagerSer expire 6 lines
04-29 17:18:02.699 I/chatty  ( 1287): uid=1000(system) android.display expire 2 lines
04-29 17:18:03.053 I/chatty  ( 1287): uid=1000(system) android.fg expire 3 lines
04-29 17:18:04.430 I/chatty  ( 1287): uid=1000(system) Binder:1287_15 expire 4 lines
04-29 17:18:04.808 I/chatty  ( 1287): uid=1000(system) ActivityManager expire 26 lines
04-29 17:18:04.880 I/chatty  ( 1287): uid=1000(system) Binder:1287_6 expire 2 lines
04-29 17:18:04.920 I/chatty  ( 1287): uid=1000(system) Binder:1287_10 expire 6 lines
04-29 17:18:05.294 I/chatty  ( 1287): uid=1000(system) Binder:1287_1A expire 5 lines
04-29 17:18:05.459 I/chatty  ( 1287): uid=1000(system) Binder:1287_1C expire 3 lines
04-29 17:18:05.678 I/chatty  ( 1287): uid=1000 system_server expire 11 lines
04-29 17:18:09.190 I/chatty  ( 1287): uid=1000(system) Binder:1287_3 expire 3 lines
04-29 17:18:09.231 I/chatty  ( 1287): uid=1000(system) ActivityManager expire 5 lines
04-29 17:18:09.555 I/chatty  ( 1287): uid=1000(system) Binder:1287_16 expire 2 lines
04-29 17:18:10.095 I/chatty  ( 1287): uid=1000(system) Binder:1287_4 expire 1 line
04-29 17:18:11.678 I/chatty  ( 1287): uid=1000(system) Binder:1287_D expire 1 line
04-29 17:18:12.189 I/chatty  ( 1287): uid=1000(system) android.bg expire 2 lines
04-29 17:18:14.069 I/chatty  ( 1287): uid=1000(system) Binder:1287_13 expire 1 line
04-29 17:18:25.444 I/chatty  ( 1287): uid=1000(system) android.ui expire 2 lines
04-29 17:18:27.949 I/chatty  ( 1287): uid=1000(system) Binder:1287_7 expire 2 lines
04-29 17:18:28.204 I/chatty  ( 1287): uid=1000(system) Binder:1287_1D expire 1 line
04-29 17:18:50.515 I/chatty  ( 1287): uid=1000(system) PackageManager expire 106 lines
04-29 17:18:50.607 I/chatty  ( 1287): uid=1000(system) ConnectivitySer expire 1 line
04-29 17:18:50.750 I/chatty  ( 1287): uid=1000(system) android.display expire 1 line
04-29 17:18:56.295 I/chatty  ( 1287): uid=1000(system) Binder:1287_19 expire 1 line
04-29 17:18:56.404 I/chatty  ( 1287): uid=1000(system) ActivityManager expire 3 lines
04-29 17:18:56.524 I/chatty  ( 1287): uid=1000 system_server expire 12 lines
04-29 17:18:56.535 I/chatty  ( 1287): uid=1000(system) android.fg expire 2 lines
04-29 17:18:56.621 I/chatty  ( 1287): uid=1000(system) Binder:1287_1B expire 1 line
04-29 17:18:56.622 I/chatty  ( 1287): uid=1000(system) ActivityManager expire 30 lines
04-29 17:18:56.702 I/chatty  ( 1287): uid=1000(system) Binder:1287_10 expire 1 line
04-29 17:18:57.064 I/chatty  ( 1287): uid=1000(system) android.bg expire 1 line
04-29 17:18:57.614 I/chatty  ( 1287): uid=1000(system) Binder:1287_1F expire 2 lines
04-29 17:19:01.292 I/chatty  ( 1287): uid=1000(system) Binder:1287_E expire 4 lines
04-29 17:19:05.382 I/chatty  ( 1287): uid=1000(system) Binder:1287_C expire 3 lines
04-29 17:19:06.926 I/chatty  ( 1287): uid=1000(system) Binder:1287_1D expire 1 line
04-29 17:19:07.230 I/chatty  ( 1287): uid=1000(system) Binder:1287_B expire 2 lines
04-29 17:19:09.540 I/chatty  ( 1287): uid=1000(system) Binder:1287_14 expire 1 line
04-29 17:19:13.504 I/chatty  ( 1287): uid=1000(system) Binder:1287_2 expire 1 line
04-29 17:19:13.543 I/chatty  ( 1287): uid=1000(system) ConnectivitySer expire 3 lines
04-29 17:19:13.575 I/chatty  ( 1287): uid=1000(system) Binder:1287_17 expire 1 line
04-29 17:19:13.896 I/chatty  ( 1287): uid=1000(system) Binder:1287_20 expire 1 line
04-29 17:19:15.886 I/chatty  ( 1287): uid=1000(system) Binder:1287_16 expire 1 line
04-29 17:19:15.945 I/chatty  ( 1287): uid=1000(system) Binder:1287_18 expire 2 lines
04-29 17:19:19.345 I/chatty  ( 1287): uid=1000(system) Binder:1287_1A expire 2 lines
04-29 17:19:19.660 I/chatty  ( 1287): uid=1000(system) PackageManager expire 104 lines
04-29 17:19:21.809 I/chatty  ( 1287): uid=1000(system) Binder:1287_1E expire 1 line
04-29 17:19:21.831 I/chatty  ( 1287): uid=1000(system) Binder:1287_D expire 1 line
04-29 17:19:21.831 I/chatty  ( 1287): uid=1000(system) Binder:1287_11 expire 1 line
04-29 17:19:21.831 I/chatty  ( 1287): uid=1000(system) Binder:1287_9 expire 1 line
04-29 17:19:22.839 I/chatty  ( 1287): uid=1000(system) Binder:1287_7 expire 1 line
04-29 17:19:22.870 I/chatty  ( 1287): uid=1000(system) ActivityManager expire 31 lines
04-29 17:19:22.936 I/chatty  ( 1287): uid=1000(system) Binder:1287_A expire 3 lines
04-29 17:19:22.950 I/chatty  ( 1287): uid=1000(system) Binder:1287_12 expire 1 line
04-29 17:19:22.971 I/chatty  ( 1287): uid=1000(system) Binder:1287_11 expire 3 lines
04-29 17:19:23.002 I/chatty  ( 1287): uid=1000 system_server expire 8 lines
04-29 17:19:23.101 I/chatty  ( 1287): uid=1000(system) android.fg expire 2 lines
04-29 17:19:23.206 I/chatty  ( 1287): uid=1000(system) Binder:1287_D expire 1 line
04-29 17:19:23.220 I/chatty  ( 1287): uid=1000(system) ActivityManager expire 3 lines
04-29 17:19:23.222 I/chatty  ( 1287): uid=1000(system) Binder:1287_19 expire 1 line
04-29 17:19:25.241 I/chatty  ( 1287): uid=1000(system) Binder:1287_14 expire 1 line
04-29 17:19:28.451 I/chatty  ( 1287): uid=1000(system) Binder:1287_20 expire 2 lines
04-29 17:19:32.047 I/chatty  ( 1287): uid=1000(system) Binder:1287_16 expire 2 lines
04-29 17:19:45.827 I/chatty  ( 1287): uid=1000(system) Binder:1287_9 expire 3 lines
04-29 17:19:47.512 I/chatty  ( 1287): uid=1000(system) Binder:1287_C expire 2 lines
04-29 17:19:47.864 I/chatty  ( 1287): uid=1000(system) PackageManager expire 115 lines
04-29 17:19:52.021 I/chatty  ( 1287): uid=1000(system) Binder:1287_1B expire 1 line
04-29 17:19:52.072 I/chatty  ( 1287): uid=1000(system) Binder:1287_1E expire 1 line
04-29 17:19:52.128 I/chatty  ( 1287): uid=1000(system) PackageManager expire 117 lines
04-29 17:19:52.244 I/chatty  ( 1287): uid=1000 system_server expire 10 lines
04-29 17:19:52.268 I/chatty  ( 1287): uid=1000(system) android.fg expire 5 lines
04-29 17:19:52.273 I/chatty  ( 1287): uid=1000(system) ActivityManager expire 33 lines
04-29 17:19:52.314 I/chatty  ( 1287): uid=1000(system) Binder:1287_12 expire 1 line
04-29 17:19:52.314 I/chatty  ( 1287): uid=1000(system) Binder:1287_1C expire 1 line
04-29 17:19:52.315 I/chatty  ( 1287): uid=1000(system) ConnectivitySer expire 1 line
04-29 17:19:52.611 I/chatty  ( 1287): uid=1000(system) Binder:1287_1B expire 1 line
04-29 17:19:52.678 I/chatty  ( 1287): uid=1000(system) Binder:1287_9 expire 2 lines
04-29 17:19:52.696 I/chatty  ( 1287): uid=1000(system) ActivityManager expire 1 line
04-29 17:19:52.960 I/chatty  ( 1287): uid=1000(system) android.bg expire 1 line
04-29 17:19:57.284 I/chatty  ( 1287): uid=1000(system) Binder:1287_18 expire 3 lines
04-29 17:19:57.329 I/chatty  ( 1287): uid=1000(system) Binder:1287_C expire 6 lines
04-29 17:19:57.683 I/chatty  ( 1287): uid=1000(system) ActivityManager expire 22 lines
04-29 17:19:57.752 I/chatty  ( 1287): uid=1000(system) ActivityManager expire 7 lines
04-29 17:19:57.996 I/chatty  ( 1287): uid=1000(system) android.bg expire 4 lines
04-29 17:19:58.208 I/chatty  ( 1287): uid=1000(system) Binder:1287_11 expire 4 lines
04-29 17:19:58.577 D/ActivityThread(27119): Loading provider call_log_shadow: com.android.providers.contacts.ShadowCallLogProvider
04-29 17:19:58.604 I/chatty  ( 1287): uid=1000(system) Binder:1287_A expire 5 lines
04-29 17:19:58.608 D/ActivityThread(27119): Loading provider contacts;com.android.contacts: com.android.providers.contacts.ContactsProvider2
04-29 17:19:58.948 I/chatty  ( 1287): uid=1000(system) android.ui expire 4 lines
04-29 17:19:59.320 I/chatty  ( 1287): uid=1000 system_server expire 6 lines
04-29 17:19:59.329 I/chatty  ( 1287): uid=1000(system) Binder:1287_20 expire 7 lines
04-29 17:20:01.261 I/chatty  ( 1287): uid=1000(system) Binder:1287_15 expire 4 lines
04-29 17:20:03.243 E/ActivityThread(26893): Failed to find provider info for com.facebook.katana.provider.AttributionIdProvider
04-29 17:20:03.852 I/chatty  ( 1287): uid=1000(system) Binder:1287_7 expire 2 lines
04-29 17:20:04.910 I/chatty  ( 1287): uid=1000(system) Binder:1287_17 expire 1 line
04-29 17:20:06.543 I/chatty  ( 1287): uid=1000(system) Binder:1287_2 expire 6 lines
04-29 17:20:07.211 I/chatty  ( 1287): uid=1000(system) Binder:1287_1 expire 2 lines
04-29 17:20:21.506 I/chatty  ( 1287): uid=1000(system) Binder:1287_14 expire 1 line
04-29 17:20:21.508 I/chatty  ( 1287): uid=1000(system) ConnectivitySer expire 1 line
04-29 17:20:27.691 I/chatty  ( 1287): uid=1000(system) batterystats-wo expire 4 lines
04-29 17:20:32.302 I/chatty  ( 1287): uid=1000(system) PackageManager expire 208 lines
04-29 17:20:32.358 I/chatty  ( 1287): uid=1000(system) Binder:1287_18 expire 2 lines
04-29 17:20:32.361 I/chatty  ( 1287): uid=1000(system) android.display expire 1 line
04-29 17:20:33.503 I/chatty  ( 1287): uid=1000 system_server expire 9 lines
04-29 17:20:34.331 I/chatty  ( 1287): uid=1000(system) ActivityManager expire 31 lines
04-29 17:20:34.347 I/chatty  ( 1287): uid=1000(system) Binder:1287_C expire 2 lines
04-29 17:20:34.415 I/chatty  ( 1287): uid=1000(system) Binder:1287_5 expire 1 line
04-29 17:20:34.568 I/chatty  ( 1287): uid=1000(system) android.fg expire 2 lines
04-29 17:20:34.725 I/chatty  ( 1287): uid=1000(system) Binder:1287_10 expire 1 line
04-29 17:20:34.921 I/chatty  ( 1287): uid=1000(system) Binder:1287_E expire 1 line
04-29 17:20:34.947 I/chatty  ( 1287): uid=1000(system) ActivityManager expire 1 line
04-29 17:20:35.044 I/chatty  ( 1287): uid=1000(system) android.bg expire 1 line
04-29 17:20:36.441 I/chatty  ( 1287): uid=1000(system) Binder:1287_14 expire 1 line
04-29 17:20:37.487 I/chatty  ( 1287): uid=1000(system) Binder:1287_11 expire 1 line
04-29 17:20:37.488 I/chatty  ( 1287): uid=1000(system) Binder:1287_1E expire 1 line
04-29 17:20:37.489 I/chatty  ( 1287): uid=1000(system) ConnectivitySer expire 1 line
04-29 17:20:40.455 I/chatty  ( 1287): uid=1000(system) Binder:1287_17 expire 1 line
04-29 17:20:42.619 I/chatty  ( 1287): uid=1000(system) Binder:1287_19 expire 1 line
04-29 17:20:45.722 I/chatty  ( 1287): uid=1000(system) ActivityManager expire 31 lines
04-29 17:20:45.736 I/chatty  ( 1287): uid=1000(system) PackageManager expire 107 lines
04-29 17:20:45.750 I/chatty  ( 1287): uid=1000(system) Binder:1287_1B expire 2 lines
04-29 17:20:45.787 I/chatty  ( 1287): uid=1000 system_server expire 7 lines
04-29 17:20:45.864 I/chatty  ( 1287): uid=1000(system) Binder:1287_6 expire 1 line
04-29 17:20:45.891 I/chatty  ( 1287): uid=1000(system) Binder:1287_5 expire 2 lines
04-29 17:20:45.985 I/chatty  ( 1287): uid=1000(system) Binder:1287_E expire 1 line
04-29 17:20:45.985 I/chatty  ( 1287): uid=1000(system) Binder:1287_1D expire 1 line
04-29 17:20:45.985 I/chatty  ( 1287): uid=1000(system) ConnectivitySer expire 1 line
04-29 17:20:46.120 I/chatty  ( 1287): uid=1000(system) android.ui expire 1 line
04-29 17:20:46.139 I/chatty  ( 1287): uid=1000(system) android.fg expire 5 lines
04-29 17:20:46.306 I/chatty  ( 1287): uid=1000(system) Binder:1287_18 expire 1 line
04-29 17:20:46.369 I/chatty  ( 1287): uid=1000(system) Binder:1287_17 expire 2 lines
04-29 17:20:46.390 I/chatty  ( 1287): uid=1000(system) ActivityManager expire 3 lines
04-29 17:20:46.706 I/chatty  ( 1287): uid=1000(system) android.bg expire 2 lines
04-29 17:20:47.696 I/chatty  ( 1287): uid=1000(system) Binder:1287_3 expire 1 line
04-29 17:20:47.721 I/chatty  ( 1287): uid=1000(system) Binder:1287_14 expire 6 lines
04-29 17:20:48.117 I/TelecomFramework( 2187): : onSubscriptionsChanged - update accounts
04-29 17:20:48.118 I/TelecomFramework( 2187): PstnIncomingCallNotifier: Unregistering: Handler (com.android.internal.telephony.GsmCdmaPhone) {3984506}
04-29 17:20:48.119 I/TelecomFramework( 2187): TelecomAccountRegistry: setupAccounts: Found 1 phones.  Attempting to register.
04-29 17:20:48.119 I/TelecomFramework( 2187): TelecomAccountRegistry: setupAccounts: Phone with subscription id 3
04-29 17:20:48.154 I/TelecomFramework( 2187): AccountEntry: Adding Merged Account with group: ***
04-29 17:20:48.181 I/TelecomFramework( 2187): AccountEntry: Registered phoneAccount: [[ ] PhoneAccount: ComponentInfo{com.android.phone/com.android.services.telephony.TelephonyConnectionService}, ***, UserHandle{0} Capabilities: CallProvider MultiUser PlaceEmerg SimSub  Audio Routes: BESW Schemes: tel voicemail  Extras: Bundle[{android.telecom.extra.SUPPORTS_VIDEO_CALLING_FALLBACK=true, android.telecom.extra.SUPPORTS_HANDOVER_FROM=true}] GroupId: ***] with handle: ComponentInfo{com.android.phone/com.android.services.telephony.TelephonyConnectionService}, ***, UserHandle{0}
04-29 17:20:48.182 I/TelecomFramework( 2187): PstnIncomingCallNotifier: Registering: Handler (com.android.internal.telephony.GsmCdmaPhone) {3984506}
04-29 17:20:48.383 I/TelecomFramework( 2187): : onSubscriptionsChanged - update accounts
04-29 17:20:48.383 I/TelecomFramework( 2187): PstnIncomingCallNotifier: Unregistering: Handler (com.android.internal.telephony.GsmCdmaPhone) {3984506}
04-29 17:20:48.386 I/TelecomFramework( 2187): TelecomAccountRegistry: setupAccounts: Found 1 phones.  Attempting to register.
04-29 17:20:48.386 I/TelecomFramework( 2187): TelecomAccountRegistry: setupAccounts: Phone with subscription id 3
04-29 17:20:48.426 I/TelecomFramework( 2187): AccountEntry: Adding Merged Account with group: ***
04-29 17:20:48.427 I/chatty  ( 1287): uid=1000(system) Binder:1287_5 expire 7 lines
04-29 17:20:48.435 I/TelecomFramework( 2187): AccountEntry: Registered phoneAccount: [[ ] PhoneAccount: ComponentInfo{com.android.phone/com.android.services.telephony.TelephonyConnectionService}, ***, UserHandle{0} Capabilities: CallProvider MultiUser PlaceEmerg SimSub  Audio Routes: BESW Schemes: tel voicemail  Extras: Bundle[{android.telecom.extra.SUPPORTS_VIDEO_CALLING_FALLBACK=true, android.telecom.extra.SUPPORTS_HANDOVER_FROM=true}] GroupId: ***] with handle: ComponentInfo{com.android.phone/com.android.services.telephony.TelephonyConnectionService}, ***, UserHandle{0}
04-29 17:20:48.435 I/TelecomFramework( 2187): PstnIncomingCallNotifier: Registering: Handler (com.android.internal.telephony.GsmCdmaPhone) {3984506}
04-29 17:20:48.576 I/chatty  ( 1287): uid=1000(system) ActivityManager expire 6 lines
04-29 17:20:48.697 I/TelecomFramework( 2187): PstnPhoneCapabilitiesNotifier: handleVideoCapabilitesChanged. Video capability - false
04-29 17:20:48.710 I/chatty  ( 1287): uid=1000 system_server expire 9 lines
04-29 17:20:48.713 I/TelecomFramework( 2187): : onSubscriptionsChanged - update accounts
04-29 17:20:48.713 I/TelecomFramework( 2187): PstnIncomingCallNotifier: Unregistering: Handler (com.android.internal.telephony.GsmCdmaPhone) {3984506}
04-29 17:20:48.717 I/TelecomFramework( 2187): TelecomAccountRegistry: setupAccounts: Found 1 phones.  Attempting to register.
04-29 17:20:48.717 I/TelecomFramework( 2187): TelecomAccountRegistry: setupAccounts: Phone with subscription id 3
04-29 17:20:48.740 I/TelecomFramework( 2187): AccountEntry: Adding Merged Account with group: ***
04-29 17:20:48.742 I/chatty  ( 1287): uid=1000(system) Binder:1287_11 expire 4 lines
04-29 17:20:48.751 I/TelecomFramework( 2187): AccountEntry: Registered phoneAccount: [[ ] PhoneAccount: ComponentInfo{com.android.phone/com.android.services.telephony.TelephonyConnectionService}, ***, UserHandle{0} Capabilities: CallProvider MultiUser PlaceEmerg SimSub  Audio Routes: BESW Schemes: tel voicemail  Extras: Bundle[{android.telecom.extra.SUPPORTS_VIDEO_CALLING_FALLBACK=true, android.telecom.extra.SUPPORTS_HANDOVER_FROM=true}] GroupId: ***] with handle: ComponentInfo{com.android.phone/com.android.services.telephony.TelephonyConnectionService}, ***, UserHandle{0}
