04-30 06:53:57.896 E/NotificationService( 1287): Suppressing notification from package by user request.
04-30 06:58:57.670 E/NotificationService( 1287): Suppressing notification from package by user request.
04-30 06:58:57.672 E/NotificationService( 1287): Suppressing notification from package by user request.
04-30 06:58:57.705 V/SettingsProvider( 1287): Notifying for 0: content://settings/global/time_remaining_estimate_millis
04-30 06:58:57.707 V/SettingsProvider( 1287): Notifying for 0: content://settings/global/battery_estimates_last_update_time
04-30 06:58:57.935 E/NotificationService( 1287): Suppressing notification from package by user request.
04-30 06:58:57.935 E/NotificationService( 1287): Suppressing notification from package by user request.
04-30 07:02:20.177 W/Looper  ( 1287): Slow delivery took 265ms android.fg h=com.android.server.AppStateTracker$MyHandler c=null m=6
04-30 07:02:20.177 W/Looper  ( 1287): Drained
04-30 07:02:20.178 W/Looper  ( 1287): Slow delivery took 266ms android.ui h=com.android.server.am.ActivityManagerService$UiHandler c=null m=53
04-30 07:02:58.768 W/Looper  ( 1287): Drained
04-30 07:02:58.769 D/ColorDisplayService( 1287): onAlarm
04-30 07:02:58.771 I/ColorDisplayService( 1287): Turning off night display
04-30 07:02:58.775 V/SettingsProvider( 1287): Notifying for 0: content://settings/secure/night_display_last_activated_time
04-30 07:02:58.777 V/SettingsProvider( 1287): Notifying for 0: content://settings/secure/night_display_activated
04-30 07:03:58.614 E/NotificationService( 1287): Suppressing notification from package by user request.
04-30 07:03:58.614 E/NotificationService( 1287): Suppressing notification from package by user request.
04-30 07:03:58.914 E/NotificationService( 1287): Suppressing notification from package by user request.
04-30 07:03:58.914 E/NotificationService( 1287): Suppressing notification from package by user request.
04-30 07:05:51.046 D/ColorDisplayService( 1287): NightDisplayTintController Animation cancelled: false to matrix:
04-30 07:05:51.046 D/ColorDisplayService( 1287):        1.000000 0.000000 0.000000 0.000000 0.000000 1.000000 0.000000 0.000000 0.000000 0.000000 1.000000 0.000000 0.000000 0.000000 0.000000 1.000000 min matrix coefficients:
04-30 07:05:51.046 D/ColorDisplayService( 1287):        1.000000 0.000000 0.000000 0.000000 0.000000 0.723234 0.000000 0.000000 0.000000 0.000000 0.458798 0.000000 0.000000 0.000000 0.000000 1.000000 max matrix coefficients:
04-30 07:05:51.046 D/ColorDisplayService( 1287):        1.000000 0.000000 0.000000 0.000000 0.000000 1.000000 0.000000 0.000000 0.000000 0.000000 1.000000 0.000000 0.000000 0.000000 0.000000 1.000000
04-30 07:08:56.661 V/SettingsProvider( 1287): Notifying for 0: content://settings/global/time_remaining_estimate_millis
04-30 07:08:56.663 V/SettingsProvider( 1287): Notifying for 0: content://settings/global/battery_estimates_last_update_time
04-30 07:08:58.666 E/NotificationService( 1287): Suppressing notification from package by user request.
04-30 07:08:58.667 E/NotificationService( 1287): Suppressing notification from package by user request.
04-30 07:08:59.016 E/NotificationService( 1287): Suppressing notification from package by user request.
04-30 07:08:59.017 E/NotificationService( 1287): Suppressing notification from package by user request.
04-30 07:13:59.621 E/NotificationService( 1287): Suppressing notification from package by user request.
04-30 07:13:59.621 E/NotificationService( 1287): Suppressing notification from package by user request.
04-30 07:13:59.904 E/NotificationService( 1287): Suppressing notification from package by user request.
04-30 07:13:59.905 E/NotificationService( 1287): Suppressing notification from package by user request.
04-30 07:18:57.718 V/SettingsProvider( 1287): Notifying for 0: content://settings/global/time_remaining_estimate_millis
04-30 07:18:57.721 V/SettingsProvider( 1287): Notifying for 0: content://settings/global/battery_estimates_last_update_time
04-30 07:18:59.671 E/NotificationService( 1287): Suppressing notification from package by user request.
04-30 07:18:59.672 E/NotificationService( 1287): Suppressing notification from package by user request.
04-30 07:18:59.968 E/NotificationService( 1287): Suppressing notification from package by user request.
04-30 07:18:59.970 E/NotificationService( 1287): Suppressing notification from package by user request.
04-30 07:21:19.695 W/AppOps  ( 1287): Noting op not finished: uid 10014 pkg com.google.android.gms code 79 time=1588246543717 duration=-1587327979799
04-30 07:21:19.707 D/ConnectivityService( 1287): Blocked status changed to false for 10126(2881) on netId 230
04-30 07:21:19.707 D/ConnectivityService( 1287): Blocked status changed to false for 10126(2882) on netId 230
04-30 07:21:19.711 D/ConnectivityService( 1287): Blocked status changed to false for 10057(2900) on netId 138
04-30 07:21:19.711 D/ConnectivityService( 1287): Blocked status changed to false for 10057(2901) on netId 138
04-30 07:21:19.711 D/ConnectivityService( 1287): Blocked status changed to false for 10057(2901) on netId 230
04-30 07:21:19.711 D/ConnectivityService( 1287): Blocked status changed to false for 10057(2901) on netId 228
04-30 07:21:19.713 D/ConnectivityService( 1287): Blocked status changed to false for 10077(2767) on netId 138
04-30 07:21:19.713 D/ConnectivityService( 1287): Blocked status changed to false for 10077(2768) on netId 138
04-30 07:21:19.713 D/ConnectivityService( 1287): Blocked status changed to false for 10077(2798) on netId 138
04-30 07:21:19.713 D/ConnectivityService( 1287): Blocked status changed to false for 10077(2799) on netId 138
04-30 07:21:19.713 D/ConnectivityService( 1287): Blocked status changed to false for 10077(2768) on netId 230
04-30 07:21:19.713 D/ConnectivityService( 1287): Blocked status changed to false for 10077(2799) on netId 230
04-30 07:21:19.713 D/ConnectivityService( 1287): Blocked status changed to false for 10077(2768) on netId 228
04-30 07:21:19.713 D/ConnectivityService( 1287): Blocked status changed to false for 10077(2799) on netId 228
04-30 07:21:19.717 D/ConnectivityService( 1287): Blocked status changed to false for 10098(2800) on netId 138
04-30 07:21:19.717 D/ConnectivityService( 1287): Blocked status changed to false for 10098(2801) on netId 138
04-30 07:21:19.717 D/ConnectivityService( 1287): Blocked status changed to false for 10098(2804) on netId 138
04-30 07:21:19.717 D/ConnectivityService( 1287): Blocked status changed to false for 10098(2805) on netId 138
04-30 07:21:19.717 D/ConnectivityService( 1287): Blocked status changed to false for 10098(2806) on netId 138
04-30 07:21:19.717 D/ConnectivityService( 1287): Blocked status changed to false for 10098(2807) on netId 138
04-30 07:21:19.718 D/ConnectivityService( 1287): Blocked status changed to false for 10098(2801) on netId 230
04-30 07:21:19.718 D/ConnectivityService( 1287): Blocked status changed to false for 10098(2805) on netId 230
04-30 07:21:19.718 D/ConnectivityService( 1287): Blocked status changed to false for 10098(2807) on netId 230
04-30 07:21:19.718 D/ConnectivityService( 1287): Blocked status changed to false for 10098(2801) on netId 228
04-30 07:21:19.718 D/ConnectivityService( 1287): Blocked status changed to false for 10098(2805) on netId 228
04-30 07:21:19.718 D/ConnectivityService( 1287): Blocked status changed to false for 10098(2807) on netId 228
04-30 07:21:19.718 D/ConnectivityService( 1287): Blocked status changed to false for 10081(2883) on netId 138
04-30 07:21:19.718 D/ConnectivityService( 1287): Blocked status changed to false for 10081(2884) on netId 138
04-30 07:21:19.718 D/ConnectivityService( 1287): Blocked status changed to false for 10081(2884) on netId 230
04-30 07:21:19.718 D/ConnectivityService( 1287): Blocked status changed to false for 10081(2884) on netId 228
04-30 07:21:19.830 D/ConnectivityService( 1287): requestNetwork for uid/pid:10044/6097 NetworkRequest [ TRACK_DEFAULT id=2903, [ Capabilities: INTERNET&NOT_RESTRICTED&TRUSTED Uid: 10044] ]
04-30 07:21:19.853 W/ActivityManager( 1287): Background start not allowed: service Intent { cmp=com.google.android.apps.messaging/.shared.datamodel.action.execution.ActionExecutorImpl$EmptyService (has extras) } to com.google.android.apps.messaging/.shared.datamodel.action.execution.ActionExecutorImpl$EmptyService from pid=16054 uid=10018 pkg=com.google.android.apps.messaging startFg?=false
04-30 07:21:19.871 D/ConnectivityService( 1287): releasing NetworkRequest [ TRACK_DEFAULT id=2903, [ Capabilities: INTERNET&NOT_RESTRICTED&TRUSTED Uid: 10044] ] (release request)
04-30 07:21:19.872 W/ActivityManager( 1287): Background start not allowed: service Intent { cmp=com.google.android.apps.messaging/.shared.datamodel.action.execution.ActionExecutorImpl$EmptyService (has extras) } to com.google.android.apps.messaging/.shared.datamodel.action.execution.ActionExecutorImpl$EmptyService from pid=16054 uid=10018 pkg=com.google.android.apps.messaging startFg?=false
04-30 07:21:20.018 W/AppOps  ( 1287): Noting op not finished: uid 10220 pkg com.google.android.apps.maps code 79 time=1588256479710 duration=-1587334165952
04-30 07:21:20.033 W/AppOps  ( 1287): Noting op not finished: uid 10014 pkg com.google.android.gms code 79 time=1588256479695 duration=0
04-30 07:21:20.042 W/AppOps  ( 1287): Noting op not finished: uid 10014 pkg com.google.android.gms code 79 time=1588256480033 duration=0
04-30 07:21:20.063 W/AppOps  ( 1287): Noting op not finished: uid 10014 pkg com.google.android.gms code 79 time=1588256480042 duration=0
04-30 07:21:20.080 W/AppOps  ( 1287): Noting op not finished: uid 10014 pkg com.google.android.gms code 79 time=1588256480063 duration=0
04-30 07:21:20.300 I/DropBoxManagerService( 1287): add tag=event_data isTagEnabled=true flags=0x2
04-30 07:21:20.384 I/DropBoxManagerService( 1287): add tag=dumpsys:account isTagEnabled=true flags=0x2
04-30 07:21:20.422 I/DropBoxManagerService( 1287): add tag=dumpsys:package isTagEnabled=true flags=0x2
04-30 07:21:20.465 I/DropBoxManagerService( 1287): add tag=platform_stats_bookmark isTagEnabled=true flags=0x2
04-30 07:21:20.973 W/ActivityManager( 1287): Unable to start service Intent { act=com.google.firebase.MESSAGING_EVENT pkg=com.google.android.googlequicksearchbox } U=0: not found
04-30 07:21:21.082 W/ActivityManager( 1287): Unable to start service Intent { act=com.google.firebase.MESSAGING_EVENT pkg=com.google.android.googlequicksearchbox } U=0: not found
04-30 07:21:21.084 W/BroadcastQueue( 1287): Background execution not allowed: receiving Intent { act=android.intent.action.DROPBOX_ENTRY_ADDED flg=0x10 (has extras) } to com.google.android.gms/.stats.service.DropBoxEntryAddedReceiver
04-30 07:21:21.085 W/BroadcastQueue( 1287): Background execution not allowed: receiving Intent { act=android.intent.action.DROPBOX_ENTRY_ADDED flg=0x10 (has extras) } to com.google.android.gms/.chimera.GmsIntentOperationService$PersistentTrustedReceiver
04-30 07:21:21.144 I/DropBoxManagerService( 1287): add tag=keymaster isTagEnabled=true flags=0x0
04-30 07:21:21.176 W/ActivityManager( 1287): Unable to start service Intent { act=com.google.firebase.MESSAGING_EVENT pkg=com.google.android.googlequicksearchbox } U=0: not found
04-30 07:21:21.266 W/ActivityManager( 1287): Unable to start service Intent { act=com.google.firebase.MESSAGING_EVENT pkg=com.google.android.googlequicksearchbox } U=0: not found
04-30 07:21:21.288 W/BroadcastQueue( 1287): Background execution not allowed: receiving Intent { act=android.intent.action.DROPBOX_ENTRY_ADDED flg=0x10 (has extras) } to com.google.android.gms/.stats.service.DropBoxEntryAddedReceiver
04-30 07:21:21.289 W/BroadcastQueue( 1287): Background execution not allowed: receiving Intent { act=android.intent.action.DROPBOX_ENTRY_ADDED flg=0x10 (has extras) } to com.google.android.gms/.chimera.GmsIntentOperationService$PersistentTrustedReceiver
04-30 07:21:21.393 I/ActivityManager( 1287): Start proc 32636:com.google.android.partnersetup/u0a61 for content provider {com.google.android.partnersetup/com.google.android.partnersetup.RlzAppProvider}
04-30 07:21:21.520 D/ConnectivityService( 1287): Returning UNBLOCKED NetworkInfo to uid=10077
04-30 07:21:21.684 W/ActivityManager( 1287): Unable to start service Intent { act=com.google.firebase.MESSAGING_EVENT pkg=com.google.android.googlequicksearchbox } U=0: not found
04-30 07:21:21.687 W/BroadcastQueue( 1287): Background execution not allowed: receiving Intent { act=android.intent.action.DROPBOX_ENTRY_ADDED flg=0x10 (has extras) } to com.google.android.gms/.stats.service.DropBoxEntryAddedReceiver
04-30 07:21:21.688 W/BroadcastQueue( 1287): Background execution not allowed: receiving Intent { act=android.intent.action.DROPBOX_ENTRY_ADDED flg=0x10 (has extras) } to com.google.android.gms/.chimera.GmsIntentOperationService$PersistentTrustedReceiver
04-30 07:21:21.688 W/BroadcastQueue( 1287): Background execution not allowed: receiving Intent { act=android.intent.action.DROPBOX_ENTRY_ADDED flg=0x10 (has extras) } to com.google.android.gms/.stats.service.DropBoxEntryAddedReceiver
04-30 07:21:21.688 W/BroadcastQueue( 1287): Background execution not allowed: receiving Intent { act=android.intent.action.DROPBOX_ENTRY_ADDED flg=0x10 (has extras) } to com.google.android.gms/.chimera.GmsIntentOperationService$PersistentTrustedReceiver
04-30 07:21:21.869 W/ActivityManager( 1287): Unable to start service Intent { act=com.google.firebase.MESSAGING_EVENT pkg=com.google.android.googlequicksearchbox } U=0: not found
04-30 07:21:21.960 W/ActivityManager( 1287): Unable to start service Intent { act=com.google.firebase.MESSAGING_EVENT pkg=com.google.android.googlequicksearchbox } U=0: not found
04-30 07:21:21.979 I/ActivityManager( 1287): Start proc 32704:com.google.android.music:main/u0a99 for broadcast {com.google.android.music/com.google.firebase.iid.FirebaseInstanceIdReceiver}
04-30 07:21:22.754 I/ActivityManager( 1287): Idle maintenance over +7m1s221ms low RAM for 0
04-30 07:21:22.755 D/vold    (  612): idle maintenance started
04-30 07:21:22.756 D/vold    (  612): Starting trim of /persist
04-30 07:21:22.756 I/vold    (  612): Trimmed 0 bytes on /persist in 0ms
04-30 07:21:22.756 D/vold    (  612): Starting trim of /metadata
04-30 07:21:22.756 I/vold    (  612): Trimmed 0 bytes on /metadata in 0ms
04-30 07:21:22.756 D/vold    (  612): Starting trim of /data
04-30 07:21:22.953 D/ConnectivityService( 1287): Returning BLOCKED NetworkInfo to uid=10099
04-30 07:21:23.476 D/ConnectivityService( 1287): requestNetwork for uid/pid:10045/24005 NetworkRequest [ REQUEST id=2904, [ Transports: CELLULAR Capabilities: INTERNET&NOT_RESTRICTED&TRUSTED&NOT_VPN Uid: 10045] ]
04-30 07:21:23.477 D/ConnectivityService( 1287): reportNetworkConnectivity(138, false) by 10045
04-30 07:21:23.500 D/ConnectivityService( 1287): NetworkAgentInfo [VPN () - 138] validation passed
04-30 07:21:23.585 W/BroadcastQueue( 1287): Background execution not allowed: receiving Intent { act=android.intent.action.DROPBOX_ENTRY_ADDED flg=0x10 (has extras) } to com.google.android.gms/.stats.service.DropBoxEntryAddedReceiver
04-30 07:21:23.592 W/BroadcastQueue( 1287): Background execution not allowed: receiving Intent { act=android.intent.action.DROPBOX_ENTRY_ADDED flg=0x10 (has extras) } to com.google.android.gms/.chimera.GmsIntentOperationService$PersistentTrustedReceiver
04-30 07:21:24.472 D/ConnectivityService( 1287): requestNetwork for uid/pid:10139/30792 NetworkRequest [ TRACK_DEFAULT id=2906, [ Capabilities: INTERNET&NOT_RESTRICTED&TRUSTED Uid: 10139] ]
04-30 07:21:25.055 D/ConnectivityService( 1287): Blocked status changed to false for 10285(2889) on netId 138
04-30 07:21:25.055 D/ConnectivityService( 1287): Blocked status changed to false for 10285(2890) on netId 138
04-30 07:21:25.055 D/ConnectivityService( 1287): Blocked status changed to false for 10285(2890) on netId 230
04-30 07:21:25.056 D/ConnectivityService( 1287): Blocked status changed to false for 10285(2890) on netId 228
04-30 07:21:26.550 D/ConnectivityService( 1287): Returning UNBLOCKED NetworkInfo to uid=10285
04-30 07:21:28.023 E/NotificationService( 1287): Suppressing notification from package by user request.
04-30 07:21:28.164 D/ConnectivityService( 1287): Returning UNBLOCKED NetworkInfo to uid=10099
04-30 07:21:28.976 I/DropBoxManagerService( 1287): add tag=platform_stats_bookmark isTagEnabled=true flags=0x2
04-30 07:21:28.989 W/BroadcastQueue( 1287): Background execution not allowed: receiving Intent { act=android.intent.action.DROPBOX_ENTRY_ADDED flg=0x10 (has extras) } to com.google.android.gms/.stats.service.DropBoxEntryAddedReceiver
04-30 07:21:28.989 W/BroadcastQueue( 1287): Background execution not allowed: receiving Intent { act=android.intent.action.DROPBOX_ENTRY_ADDED flg=0x10 (has extras) } to com.google.android.gms/.chimera.GmsIntentOperationService$PersistentTrustedReceiver
04-30 07:21:29.257 I/DropBoxManagerService( 1287): add tag=platform_stats_bookmark isTagEnabled=true flags=0x2
04-30 07:21:29.277 W/BroadcastQueue( 1287): Background execution not allowed: receiving Intent { act=android.intent.action.DROPBOX_ENTRY_ADDED flg=0x10 (has extras) } to com.google.android.gms/.stats.service.DropBoxEntryAddedReceiver
04-30 07:21:29.277 W/BroadcastQueue( 1287): Background execution not allowed: receiving Intent { act=android.intent.action.DROPBOX_ENTRY_ADDED flg=0x10 (has extras) } to com.google.android.gms/.chimera.GmsIntentOperationService$PersistentTrustedReceiver
04-30 07:21:29.677 E/NotificationService( 1287): Suppressing notification from package by user request.
04-30 07:21:29.936 W/UriGrantsManagerService( 1287): No permission grants found for com.google.android.apps.photos
04-30 07:21:29.945 W/UriGrantsManagerService( 1287): No permission grants found for com.google.android.apps.photos
04-30 07:21:29.951 D/ConnectivityService( 1287): Returning BLOCKED NetworkInfo to uid=10084
04-30 07:21:30.175 W/UriGrantsManagerService( 1287): No permission grants found for com.google.android.apps.photos
04-30 07:21:30.176 W/UriGrantsManagerService( 1287): No permission grants found for com.google.android.apps.photos
04-30 07:21:30.230 W/UriGrantsManagerService( 1287): No permission grants found for com.google.android.apps.photos
04-30 07:21:30.234 W/UriGrantsManagerService( 1287): No permission grants found for com.google.android.apps.photos
04-30 07:21:31.380 I/vold    (  612): Trimmed 3862974464 bytes on /data in 8622ms
04-30 07:21:31.380 D/vold    (  612): Starting trim of none
04-30 07:21:31.380 W/vold    (  612): Failed to open none: No such file or directory
04-30 07:21:31.382 D/vold    (  612): idle maintenance completed
04-30 07:21:31.383 I/MountServiceIdler( 1287): Got mount service completion callback
04-30 07:21:32.123 I/ActivityManager( 1287): Start proc 814:com.android.connectivity.metrics/u0a50 for broadcast {com.android.connectivity.metrics/com.android.connectivity.metrics.SnapshotSchedulingReceiver}
04-30 07:21:32.253 D/ConnectivityService( 1287): Returning BLOCKED NetworkInfo to uid=10132
04-30 07:21:32.268 I/Telecom ( 1287): PhoneAccountRegistrar: getSimCallManager: SimCallManager for subId 3 queried, returning: ComponentInfo{com.google.android.ims/com.google.android.ims.call.DialerConnectionService}, ***, UserHandle{0}: TSI.gSCM@It4
04-30 07:21:32.453 I/ActivityManager( 1287): Start proc 893:com.google.android.euicc/u0a20 for broadcast {com.google.android.euicc/com.android.euicc.receiver.GservicesChangedReceiver}
04-30 07:21:32.921 I/ActivityManager( 1287): Start proc 981:com.google.intelligence.sense/u0a5 for broadcast {com.google.intelligence.sense/com.google.intelligence.sense.phenotype.SystemBroadcastReceiver}
04-30 07:21:33.159 I/SoundTriggerService( 1287): deleteSoundModel(): id = 9f6ad62a-1f0b-11e7-87c5-40a8f03d3f15
04-30 07:21:33.160 W/SoundTriggerHelper( 1287): Unload error: Attempting unload invalid generic model with id:9f6ad62a-1f0b-11e7-87c5-40a8f03d3f15
04-30 07:21:33.165 E/SoundTriggerService( 1287): error onStop(): Model 9f6ad62a-1f0b-11e7-87c5-40a8f03d3f15 has no stats available
04-30 07:21:33.220 I/SoundTriggerService( 1287): deleteSoundModel(): id = 9f6ad62a-1f0b-11e7-87c5-40a8f03d3f15
04-30 07:21:33.220 W/SoundTriggerHelper( 1287): Unload error: Attempting unload invalid generic model with id:9f6ad62a-1f0b-11e7-87c5-40a8f03d3f15
04-30 07:21:33.222 E/SoundTriggerService( 1287): error onStop(): Model 9f6ad62a-1f0b-11e7-87c5-40a8f03d3f15 has no stats available
04-30 07:21:34.083 W/BroadcastQueue( 1287): Permission Denial: broadcasting Intent { act=com.google.android.checkin.CHECKIN_COMPLETE flg=0x1000010 (has extras) } from com.google.android.gms (pid=6957, uid=10014) is not exported from uid 10057 due to receiver com.android.vending/com.google.android.finsky.checkin.CheckinReceiver
04-30 07:21:42.128 I/ActivityManager( 1287): Start proc 1166:com.google.android.configupdater/u0a23 for service {com.google.android.configupdater/com.google.android.configupdater.MainJobService}
04-30 07:21:42.621 I/ActivityManager( 1287): Killing 23725:com.waze/u0a130 (adj 985): empty #33
04-30 07:21:44.871 I/ActivityManager( 1287): Killing 29787:com.google.android.dialer/u0a36 (adj 985): empty #33
04-30 07:21:45.376 I/ActivityManager( 1287): Killing 26280:com.google.android.apps.fitness/u0a152 (adj 985): empty #33
04-30 07:21:49.863 I/ActivityManager( 1287): Killing 30236:com.google.android.keep/u0a135 (adj 985): empty #33
04-30 07:21:50.052 D/ConnectivityService( 1287): Blocked status changed to true for 10126(2881) on netId 230
04-30 07:21:50.052 D/ConnectivityService( 1287): Blocked status changed to true for 10126(2882) on netId 230
04-30 07:21:50.054 D/ConnectivityService( 1287): Blocked status changed to true for 10057(2900) on netId 138
04-30 07:21:50.054 D/ConnectivityService( 1287): Blocked status changed to true for 10057(2901) on netId 138
04-30 07:21:50.055 D/ConnectivityService( 1287): Blocked status changed to true for 10057(2901) on netId 230
04-30 07:21:50.055 D/ConnectivityService( 1287): Blocked status changed to true for 10057(2901) on netId 228
04-30 07:21:50.055 D/ConnectivityService( 1287): Blocked status changed to true for 10077(2767) on netId 138
04-30 07:21:50.055 D/ConnectivityService( 1287): Blocked status changed to true for 10077(2768) on netId 138
04-30 07:21:50.055 D/ConnectivityService( 1287): Blocked status changed to true for 10077(2798) on netId 138
04-30 07:21:50.056 D/ConnectivityService( 1287): Blocked status changed to true for 10077(2799) on netId 138
04-30 07:21:50.056 D/ConnectivityService( 1287): Blocked status changed to true for 10077(2768) on netId 230
04-30 07:21:50.056 D/ConnectivityService( 1287): Blocked status changed to true for 10077(2799) on netId 230
04-30 07:21:50.056 D/ConnectivityService( 1287): Blocked status changed to true for 10077(2768) on netId 228
04-30 07:21:50.056 D/ConnectivityService( 1287): Blocked status changed to true for 10077(2799) on netId 228
04-30 07:21:50.057 D/ConnectivityService( 1287): Blocked status changed to true for 10098(2800) on netId 138
04-30 07:21:50.057 D/ConnectivityService( 1287): Blocked status changed to true for 10098(2801) on netId 138
04-30 07:21:50.057 D/ConnectivityService( 1287): Blocked status changed to true for 10098(2804) on netId 138
04-30 07:21:50.057 D/ConnectivityService( 1287): Blocked status changed to true for 10098(2805) on netId 138
04-30 07:21:50.057 D/ConnectivityService( 1287): Blocked status changed to true for 10098(2806) on netId 138
04-30 07:21:50.057 D/ConnectivityService( 1287): Blocked status changed to true for 10098(2807) on netId 138
04-30 07:21:50.058 D/ConnectivityService( 1287): Blocked status changed to true for 10098(2801) on netId 230
04-30 07:21:50.058 D/ConnectivityService( 1287): Blocked status changed to true for 10098(2805) on netId 230
04-30 07:21:50.058 D/ConnectivityService( 1287): Blocked status changed to true for 10098(2807) on netId 230
04-30 07:21:50.058 D/ConnectivityService( 1287): Blocked status changed to true for 10098(2801) on netId 228
04-30 07:21:50.058 D/ConnectivityService( 1287): Blocked status changed to true for 10098(2805) on netId 228
04-30 07:21:50.058 D/ConnectivityService( 1287): Blocked status changed to true for 10098(2807) on netId 228
04-30 07:21:50.059 D/ConnectivityService( 1287): Blocked status changed to true for 10081(2883) on netId 138
04-30 07:21:50.059 D/ConnectivityService( 1287): Blocked status changed to true for 10081(2884) on netId 138
04-30 07:21:50.059 D/ConnectivityService( 1287): Blocked status changed to true for 10081(2884) on netId 230
04-30 07:21:50.059 D/ConnectivityService( 1287): Blocked status changed to true for 10081(2884) on netId 228
04-30 07:21:50.059 D/ConnectivityService( 1287): Blocked status changed to true for 10139(2906) on netId 138
04-30 07:21:50.059 D/ConnectivityService( 1287): Blocked status changed to true for 10139(2907) on netId 138
04-30 07:21:50.060 D/ConnectivityService( 1287): Blocked status changed to true for 10139(2907) on netId 230
04-30 07:21:50.060 D/ConnectivityService( 1287): Blocked status changed to true for 10139(2907) on netId 228
04-30 07:21:50.061 D/ConnectivityService( 1287): Blocked status changed to true for 10285(2889) on netId 138
04-30 07:21:50.061 D/ConnectivityService( 1287): Blocked status changed to true for 10285(2890) on netId 138
04-30 07:21:50.061 D/ConnectivityService( 1287): Blocked status changed to true for 10285(2890) on netId 230
04-30 07:21:50.061 D/ConnectivityService( 1287): Blocked status changed to true for 10285(2890) on netId 228
04-30 07:22:06.636 I/ActivityManager( 1287): Killing 30515:com.android.vending:instant_app_installer/u0a57 (adj 985): empty #33
04-30 07:24:00.609 E/NotificationService( 1287): Suppressing notification from package by user request.
04-30 07:24:00.610 E/NotificationService( 1287): Suppressing notification from package by user request.
04-30 07:24:00.718 V/BatteryExternalStatsWorker( 1287): WiFi energy data was reset, new WiFi energy data is WifiActivityEnergyInfo{ timestamp=922474749 mStackState=3 mControllerTxTimeMs=0 mControllerTxTimePerLevelMs=[0, 0, 0, 0, 0, 0, 0, 0, 0, 0, 0, 0, 0, 0, 0, 0, 0, 0, 0, 0, 0, 0, 0, 0, 0, 49538, 0, 326, 13, 234, 0, 65868, 0, 0, 0, 69668, 0, 0, 0, 0, 0, 0, 0, 0, 0, 0, 0, 0, 0, 0, 0, 0, 0, 0, 0, 0, 0, 0, 0, 0, 0, 0, 0, 0, 0, 0, 0, 0, 0, 0, 49538, 0, 326, 13, 234, 0, 65868, 0, 0, 0, 69668, 0, 0, 0, 0, 0, 0, 0, 0, 0, 0, 0, 0, 0, 0, 0, 0, 0, 0, 0, 0, 0, 0, 0, 0, 0, 0, 0, 0, 198856, 67672, 217, 0, 0, 846, 0, 156, 0, 225, 54504, 0, 0, 0, 0, 0, 0, 0, 0, 0, 0, 0, 0, 0, 0, 0, 0, 0, 0, 0, 0, 0, 0, 0, 0, 0, 0, 0, 0, 0, 0, 0, 0, 0, 0, 198856, 67672, 217, 0, 0, 846, 0, 156, 0, 225, 54439, 0, 0, 0, 0, 0, 0, 0, 0, 0, 0, 0, 0, 0, 0, 0] mControllerRxTimeMs=0 mControllerScanTimeMs=0 mControllerIdleTimeMs=0 mControllerEnergyUsed=0 }
04-30 07:24:00.915 E/NotificationService( 1287): Suppressing notification from package by user request.
04-30 07:24:00.916 E/NotificationService( 1287): Suppressing notification from package by user request.
04-30 07:25:28.256 D/ConnectivityService( 1287): releasing NetworkRequest [ REQUEST id=2904, [ Transports: CELLULAR Capabilities: INTERNET&NOT_RESTRICTED&TRUSTED&NOT_VPN Uid: 10045] ] (release request)
04-30 07:25:30.161 D/ConnectivityService( 1287): Returning BLOCKED NetworkInfo to uid=10285
04-30 07:28:57.697 V/SettingsProvider( 1287): Notifying for 0: content://settings/global/time_remaining_estimate_millis
04-30 07:28:57.699 V/SettingsProvider( 1287): Notifying for 0: content://settings/global/battery_estimates_last_update_time
04-30 07:29:01.576 E/NotificationService( 1287): Suppressing notification from package by user request.
04-30 07:29:01.576 E/NotificationService( 1287): Suppressing notification from package by user request.
04-30 07:29:01.861 E/NotificationService( 1287): Suppressing notification from package by user request.
04-30 07:29:01.862 E/NotificationService( 1287): Suppressing notification from package by user request.
04-30 07:30:01.683 D/ConditionProviders( 1287): Enabling component com.google.android.apps.wellbeing/.dnd.impl.DndConditionProviderService
04-30 07:30:01.683 V/ConditionProviders( 1287): binding: Intent { act=android.service.notification.ConditionProviderService cmp=com.google.android.apps.wellbeing/.dnd.impl.DndConditionProviderService (has extras) }
04-30 07:30:01.689 V/ConditionProviders( 1287): 0 condition provider service connected: ComponentInfo{com.google.android.apps.wellbeing/com.google.android.apps.wellbeing.dnd.impl.DndConditionProviderService}
04-30 07:30:01.691 D/ConditionProviders( 1287): Subscribing to condition://com.google.android.apps.wellbeing.dnd/winddown with ComponentInfo{com.google.android.apps.wellbeing/com.google.android.apps.wellbeing.dnd.impl.DndConditionProviderService}
04-30 07:30:01.691 D/ConditionProviders( 1287): Subscribing to condition://com.google.android.apps.wellbeing.dnd/shush with ComponentInfo{com.google.android.apps.wellbeing/com.google.android.apps.wellbeing.dnd.impl.DndConditionProviderService}
04-30 07:30:01.707 D/ColorDisplayService( 1287): Setting saturation level: 100
04-30 07:30:01.710 V/SettingsProvider( 1287): Notifying for 0: content://settings/global/zen_mode_config_etag
04-30 07:30:01.734 V/SettingsProvider( 1287): Notifying for 0: content://settings/global/zen_mode_config_etag
04-30 07:30:01.797 D/ConditionProviders.SCP( 1287): onReceive ScheduleConditionProvider.EVALUATE
04-30 07:30:01.798 D/ConditionProviders.SCP( 1287): evaluateSubscriptionLocked cal=ScheduleCalendar[mDays={1, 2, 3, 4, 5, 6, 7}, mSchedule=ScheduleInfo{days=[1, 2, 3, 4, 5, 6, 7], startHour=21, startMinute=30, endHour=7, endMinute=30, exitAtAlarm=true, nextAlarm=Sun May 03 09:20:00 PDT 2020 (1588522800000)}], now=Thu Apr 30 07:30:01 PDT 2020 (1588257001797), nextUserAlarmTime=Sun May 03 09:20:00 PDT 2020 (1588522800000)
04-30 07:30:01.798 D/ConditionProviders.SCP( 1287): notifyCondition condition://android/schedule?days=1.2.3.4.5.6.7&start=21.30&end=7.30&exitAtAlarm=true STATE_FALSE reason=!meetsSchedule
04-30 07:30:01.798 D/ConditionProviders.SCP( 1287): evaluateSubscriptionLocked cal=ScheduleCalendar[mDays={1, 2, 3, 4, 5, 6, 7}, mSchedule=ScheduleInfo{days=[1, 2, 3, 4, 5, 6, 7], startHour=8, startMinute=0, endHour=21, endMinute=30, exitAtAlarm=false, nextAlarm=Wed Dec 31 16:00:00 PST 1969 (0)}], now=Thu Apr 30 07:30:01 PDT 2020 (1588257001797), nextUserAlarmTime=Sun May 03 09:20:00 PDT 2020 (1588522800000)
04-30 07:30:01.798 D/ConditionProviders.SCP( 1287): notifyCondition condition://android/schedule?days=1.2.3.4.5.6.7&start=8.0&end=21.30&exitAtAlarm=false STATE_FALSE reason=!meetsSchedule
04-30 07:30:01.798 D/ConditionProviders.SCP( 1287): Scheduling evaluate for Thu Apr 30 08:00:00 PDT 2020 (1588258800000), in +29m58s203ms, now=Thu Apr 30 07:30:01 PDT 2020 (1588257001797)
04-30 07:30:23.874 W/Looper  ( 1287): Slow dispatch took 303ms main h=com.android.server.notification.ZenModeHelper$H c=null m=4
04-30 07:30:23.875 W/Looper  ( 1287): Slow delivery took 303ms main h=com.android.server.AlarmManagerService$AlarmHandler c=null m=4
04-30 07:30:23.876 V/SettingsProvider( 1287): Notifying for 0: content://settings/global/zen_mode_config_etag
04-30 07:30:23.877 V/SettingsProvider( 1287): Notifying for 0: content://settings/global/zen_mode
04-30 07:30:23.884 W/Looper  ( 1287): Drained
04-30 07:30:23.904 V/BatteryExternalStatsWorker( 1287): WiFi energy data was reset, new WiFi energy data is WifiActivityEnergyInfo{ timestamp=922857940 mStackState=3 mControllerTxTimeMs=0 mControllerTxTimePerLevelMs=[0, 0, 0, 0, 0, 0, 0, 0, 0, 0, 0, 0, 0, 0, 0, 0, 0, 0, 0, 0, 0, 0, 0, 0, 0, 49538, 0, 326, 13, 234, 0, 65868, 0, 0, 0, 69668, 0, 0, 0, 0, 0, 0, 0, 0, 0, 0, 0, 0, 0, 0, 0, 0, 0, 0, 0, 0, 0, 0, 0, 0, 0, 0, 0, 0, 0, 0, 0, 0, 0, 0, 49538, 0, 326, 13, 234, 0, 65868, 0, 0, 0, 69668, 0, 0, 0, 0, 0, 0, 0, 0, 0, 0, 0, 0, 0, 0, 0, 0, 0, 0, 0, 0, 0, 0, 0, 0, 0, 0, 0, 0, 198863, 67672, 217, 0, 0, 846, 0, 156, 0, 225, 54514, 0, 0, 0, 0, 0, 0, 0, 0, 0, 0, 0, 0, 0, 0, 0, 0, 0, 0, 0, 0, 0, 0, 0, 0, 0, 0, 0, 0, 0, 0, 0, 0, 0, 0, 198863, 67672, 217, 0, 0, 846, 0, 156, 0, 225, 54449, 0, 0, 0, 0, 0, 0, 0, 0, 0, 0, 0, 0, 0, 0, 0] mControllerRxTimeMs=0 mControllerScanTimeMs=0 mControllerIdleTimeMs=0 mControllerEnergyUsed=0 }
04-30 07:30:40.854 D/ColorDisplayService( 1287): GlobalSaturationTintController Animation cancelled: false to matrix:
04-30 07:30:40.854 D/ColorDisplayService( 1287):        1.000000 0.000000 0.000000 0.000000 0.000000 1.000000 0.000000 0.000000 0.000000 0.000000 1.000000 0.000000 0.000000 0.000000 0.000000 1.000000 min matrix coefficients:
04-30 07:30:40.854 D/ColorDisplayService( 1287):        1.000000 0.000000 0.000000 0.000000 0.000000 1.000000 0.000000 0.000000 0.000000 0.000000 1.000000 0.000000 0.000000 0.000000 0.000000 1.000000 max matrix coefficients:
04-30 07:30:40.854 D/ColorDisplayService( 1287):        1.000000 0.000000 0.000000 0.000000 0.000000 1.000000 0.000000 0.000000 0.000000 0.000000 1.000000 0.000000 0.000000 0.000000 0.000000 1.000000
04-30 07:34:02.643 E/NotificationService( 1287): Suppressing notification from package by user request.
04-30 07:34:02.645 E/NotificationService( 1287): Suppressing notification from package by user request.
04-30 07:34:02.993 E/NotificationService( 1287): Suppressing notification from package by user request.
04-30 07:34:02.994 E/NotificationService( 1287): Suppressing notification from package by user request.
04-30 07:35:43.673 D/ConnectivityService( 1287): Returning BLOCKED NetworkInfo to uid=10077
04-30 07:35:44.086 D/ConditionProviders( 1287): Disabling component com.google.android.apps.wellbeing/.dnd.impl.DndConditionProviderService
04-30 07:38:56.696 V/SettingsProvider( 1287): Notifying for 0: content://settings/global/time_remaining_estimate_millis
04-30 07:38:56.700 V/SettingsProvider( 1287): Notifying for 0: content://settings/global/battery_estimates_last_update_time
04-30 07:39:02.703 E/NotificationService( 1287): Suppressing notification from package by user request.
04-30 07:39:02.704 E/NotificationService( 1287): Suppressing notification from package by user request.
04-30 07:39:03.002 E/NotificationService( 1287): Suppressing notification from package by user request.
04-30 07:39:03.004 E/NotificationService( 1287): Suppressing notification from package by user request.
04-30 07:40:41.576 D/BatteryStatsImpl( 1287): Reading cpu cluster times took 188ms
04-30 07:44:03.656 E/NotificationService( 1287): Suppressing notification from package by user request.
04-30 07:44:03.656 E/NotificationService( 1287): Suppressing notification from package by user request.
04-30 07:44:04.093 E/NotificationService( 1287): Suppressing notification from package by user request.
04-30 07:44:04.094 E/NotificationService( 1287): Suppressing notification from package by user request.
04-30 07:48:56.693 V/SettingsProvider( 1287): Notifying for 0: content://settings/global/time_remaining_estimate_millis
04-30 07:48:56.699 V/SettingsProvider( 1287): Notifying for 0: content://settings/global/battery_estimates_last_update_time
04-30 07:49:04.593 E/NotificationService( 1287): Suppressing notification from package by user request.
04-30 07:49:04.594 E/NotificationService( 1287): Suppressing notification from package by user request.
04-30 07:49:04.885 E/NotificationService( 1287): Suppressing notification from package by user request.
04-30 07:49:04.886 E/NotificationService( 1287): Suppressing notification from package by user request.
04-30 07:50:22.782 V/BatteryExternalStatsWorker( 1287): WiFi energy data was reset, new WiFi energy data is WifiActivityEnergyInfo{ timestamp=924056817 mStackState=3 mControllerTxTimeMs=0 mControllerTxTimePerLevelMs=[0, 0, 0, 0, 0, 0, 0, 0, 0, 0, 0, 0, 0, 0, 0, 0, 0, 0, 0, 0, 0, 0, 0, 0, 0, 49538, 0, 326, 13, 234, 0, 65868, 0, 0, 0, 69668, 0, 0, 0, 0, 0, 0, 0, 0, 0, 0, 0, 0, 0, 0, 0, 0, 0, 0, 0, 0, 0, 0, 0, 0, 0, 0, 0, 0, 0, 0, 0, 0, 0, 0, 49538, 0, 326, 13, 234, 0, 65868, 0, 0, 0, 69668, 0, 0, 0, 0, 0, 0, 0, 0, 0, 0, 0, 0, 0, 0, 0, 0, 0, 0, 0, 0, 0, 0, 0, 0, 0, 0, 0, 0, 198880, 67672, 217, 0, 0, 846, 0, 156, 0, 225, 54535, 0, 0, 0, 0, 0, 0, 0, 0, 0, 0, 0, 0, 0, 0, 0, 0, 0, 0, 0, 0, 0, 0, 0, 0, 0, 0, 0, 0, 0, 0, 0, 0, 0, 0, 198880, 67672, 217, 0, 0, 846, 0, 156, 0, 225, 54470, 0, 0, 0, 0, 0, 0, 0, 0, 0, 0, 0, 0, 0, 0, 0] mControllerRxTimeMs=0 mControllerScanTimeMs=0 mControllerIdleTimeMs=0 mControllerEnergyUsed=0 }
04-30 07:54:05.625 E/NotificationService( 1287): Suppressing notification from package by user request.
04-30 07:54:05.627 E/NotificationService( 1287): Suppressing notification from package by user request.
04-30 07:54:05.974 E/NotificationService( 1287): Suppressing notification from package by user request.
04-30 07:54:05.976 E/NotificationService( 1287): Suppressing notification from package by user request.
04-30 07:57:39.608 I/ActivityManager( 1287): Killing 30944:com.nest.android/u0a133 (adj 985): empty #33
04-30 07:57:39.727 V/BatteryExternalStatsWorker( 1287): WiFi energy data was reset, new WiFi energy data is WifiActivityEnergyInfo{ timestamp=924493763 mStackState=3 mControllerTxTimeMs=0 mControllerTxTimePerLevelMs=[0, 0, 0, 0, 0, 0, 0, 0, 0, 0, 0, 0, 0, 0, 0, 0, 0, 0, 0, 0, 0, 0, 0, 0, 0, 49538, 0, 326, 13, 234, 0, 65868, 0, 0, 0, 69668, 0, 0, 0, 0, 0, 0, 0, 0, 0, 0, 0, 0, 0, 0, 0, 0, 0, 0, 0, 0, 0, 0, 0, 0, 0, 0, 0, 0, 0, 0, 0, 0, 0, 0, 49538, 0, 326, 13, 234, 0, 65868, 0, 0, 0, 69668, 0, 0, 0, 0, 0, 0, 0, 0, 0, 0, 0, 0, 0, 0, 0, 0, 0, 0, 0, 0, 0, 0, 0, 0, 0, 0, 0, 0, 198890, 67672, 217, 0, 0, 846, 0, 156, 0, 225, 54544, 0, 0, 0, 0, 0, 0, 0, 0, 0, 0, 0, 0, 0, 0, 0, 0, 0, 0, 0, 0, 0, 0, 0, 0, 0, 0, 0, 0, 0, 0, 0, 0, 0, 0, 198890, 67672, 217, 0, 0, 846, 0, 156, 0, 225, 54480, 0, 0, 0, 0, 0, 0, 0, 0, 0, 0, 0, 0, 0, 0, 0] mControllerRxTimeMs=0 mControllerScanTimeMs=0 mControllerIdleTimeMs=0 mControllerEnergyUsed=0 }
04-30 07:58:49.662 W/Looper  ( 1287): Slow dispatch took 392ms android.fg h=android.os.Handler c=com.android.server.Watchdog$HandlerChecker@687560a m=0
04-30 07:58:57.675 V/SettingsProvider( 1287): Notifying for 0: content://settings/global/time_remaining_estimate_millis
04-30 07:58:57.677 V/SettingsProvider( 1287): Notifying for 0: content://settings/global/battery_estimates_last_update_time
04-30 07:59:06.624 E/NotificationService( 1287): Suppressing notification from package by user request.
04-30 07:59:06.625 E/NotificationService( 1287): Suppressing notification from package by user request.
04-30 07:59:06.744 V/BatteryExternalStatsWorker( 1287): WiFi energy data was reset, new WiFi energy data is WifiActivityEnergyInfo{ timestamp=924580777 mStackState=3 mControllerTxTimeMs=0 mControllerTxTimePerLevelMs=[0, 0, 0, 0, 0, 0, 0, 0, 0, 0, 0, 0, 0, 0, 0, 0, 0, 0, 0, 0, 0, 0, 0, 0, 0, 49538, 0, 326, 13, 234, 0, 65868, 0, 0, 0, 69668, 0, 0, 0, 0, 0, 0, 0, 0, 0, 0, 0, 0, 0, 0, 0, 0, 0, 0, 0, 0, 0, 0, 0, 0, 0, 0, 0, 0, 0, 0, 0, 0, 0, 0, 49538, 0, 326, 13, 234, 0, 65868, 0, 0, 0, 69668, 0, 0, 0, 0, 0, 0, 0, 0, 0, 0, 0, 0, 0, 0, 0, 0, 0, 0, 0, 0, 0, 0, 0, 0, 0, 0, 0, 0, 198891, 67672, 217, 0, 0, 846, 0, 156, 0, 225, 54546, 0, 0, 0, 0, 0, 0, 0, 0, 0, 0, 0, 0, 0, 0, 0, 0, 0, 0, 0, 0, 0, 0, 0, 0, 0, 0, 0, 0, 0, 0, 0, 0, 0, 0, 198891, 67672, 217, 0, 0, 846, 0, 156, 0, 225, 54482, 0, 0, 0, 0, 0, 0, 0, 0, 0, 0, 0, 0, 0, 0, 0] mControllerRxTimeMs=0 mControllerScanTimeMs=0 mControllerIdleTimeMs=0 mControllerEnergyUsed=0 }
04-30 07:59:06.954 E/NotificationService( 1287): Suppressing notification from package by user request.
04-30 07:59:06.956 E/NotificationService( 1287): Suppressing notification from package by user request.
04-30 08:00:00.655 D/ConditionProviders.SCP( 1287): onReceive ScheduleConditionProvider.EVALUATE
04-30 08:00:00.658 D/ConditionProviders.SCP( 1287): evaluateSubscriptionLocked cal=ScheduleCalendar[mDays={1, 2, 3, 4, 5, 6, 7}, mSchedule=ScheduleInfo{days=[1, 2, 3, 4, 5, 6, 7], startHour=21, startMinute=30, endHour=7, endMinute=30, exitAtAlarm=true, nextAlarm=Sun May 03 09:20:00 PDT 2020 (1588522800000)}], now=Thu Apr 30 08:00:00 PDT 2020 (1588258800655), nextUserAlarmTime=Sun May 03 09:20:00 PDT 2020 (1588522800000)
04-30 08:00:00.659 D/ConditionProviders.SCP( 1287): notifyCondition condition://android/schedule?days=1.2.3.4.5.6.7&start=21.30&end=7.30&exitAtAlarm=true STATE_FALSE reason=!meetsSchedule
04-30 08:00:00.660 D/ConditionProviders.SCP( 1287): evaluateSubscriptionLocked cal=ScheduleCalendar[mDays={1, 2, 3, 4, 5, 6, 7}, mSchedule=ScheduleInfo{days=[1, 2, 3, 4, 5, 6, 7], startHour=8, startMinute=0, endHour=21, endMinute=30, exitAtAlarm=false, nextAlarm=Wed Dec 31 16:00:00 PST 1969 (0)}], now=Thu Apr 30 08:00:00 PDT 2020 (1588258800655), nextUserAlarmTime=Sun May 03 09:20:00 PDT 2020 (1588522800000)
04-30 08:00:00.660 D/ConditionProviders.SCP( 1287): notifyCondition condition://android/schedule?days=1.2.3.4.5.6.7&start=8.0&end=21.30&exitAtAlarm=false STATE_TRUE reason=meetsSchedule
04-30 08:00:00.661 D/ConditionProviders.SCP( 1287): Scheduling evaluate for Thu Apr 30 21:30:00 PDT 2020 (1588307400000), in +13h29m59s345ms, now=Thu Apr 30 08:00:00 PDT 2020 (1588258800655)
04-30 08:00:00.703 V/SettingsProvider( 1287): Notifying for 0: content://settings/global/zen_mode_config_etag
04-30 08:00:20.073 V/BatteryExternalStatsWorker( 1287): WiFi energy data was reset, new WiFi energy data is WifiActivityEnergyInfo{ timestamp=924654104 mStackState=3 mControllerTxTimeMs=0 mControllerTxTimePerLevelMs=[0, 0, 0, 0, 0, 0, 0, 0, 0, 0, 0, 0, 0, 0, 0, 0, 0, 0, 0, 0, 0, 0, 0, 0, 0, 49538, 0, 326, 13, 234, 0, 65868, 0, 0, 0, 69668, 0, 0, 0, 0, 0, 0, 0, 0, 0, 0, 0, 0, 0, 0, 0, 0, 0, 0, 0, 0, 0, 0, 0, 0, 0, 0, 0, 0, 0, 0, 0, 0, 0, 0, 49538, 0, 326, 13, 234, 0, 65868, 0, 0, 0, 69668, 0, 0, 0, 0, 0, 0, 0, 0, 0, 0, 0, 0, 0, 0, 0, 0, 0, 0, 0, 0, 0, 0, 0, 0, 0, 0, 0, 0, 198893, 67672, 217, 0, 0, 846, 0, 156, 0, 225, 54548, 0, 0, 0, 0, 0, 0, 0, 0, 0, 0, 0, 0, 0, 0, 0, 0, 0, 0, 0, 0, 0, 0, 0, 0, 0, 0, 0, 0, 0, 0, 0, 0, 0, 0, 198893, 67672, 217, 0, 0, 846, 0, 156, 0, 225, 54483, 0, 0, 0, 0, 0, 0, 0, 0, 0, 0, 0, 0, 0, 0, 0] mControllerRxTimeMs=0 mControllerScanTimeMs=0 mControllerIdleTimeMs=0 mControllerEnergyUsed=0 }
04-30 08:03:46.409 I/SoundTriggerHelper( 1287): Recognition success
04-30 08:03:46.411 I/AlwaysOnHotwordDetector(12370): onDetected
04-30 08:03:47.664 I/SoundTriggerHelper( 1287): startRecognition successful.
04-30 08:03:48.210 W/KernelWakelockReader( 1287): Reading wakelock stats took 118ms
04-30 08:04:07.620 E/NotificationService( 1287): Suppressing notification from package by user request.
04-30 08:04:07.620 E/NotificationService( 1287): Suppressing notification from package by user request.
04-30 08:04:07.903 E/NotificationService( 1287): Suppressing notification from package by user request.
04-30 08:04:07.904 E/NotificationService( 1287): Suppressing notification from package by user request.
04-30 08:07:18.933 I/SoundTriggerHelper( 1287): Recognition success
04-30 08:07:18.934 I/AlwaysOnHotwordDetector(12370): onDetected
04-30 08:07:20.283 W/Looper  ( 1287): Slow dispatch took 170ms android.ui h=com.android.server.am.ActivityManagerService$UiHandler c=null m=53
04-30 08:07:20.326 I/SoundTriggerHelper( 1287): startRecognition successful.
04-30 08:08:57.695 V/SettingsProvider( 1287): Notifying for 0: content://settings/global/time_remaining_estimate_millis
04-30 08:08:57.700 V/SettingsProvider( 1287): Notifying for 0: content://settings/global/average_time_to_discharge
04-30 08:08:57.704 V/SettingsProvider( 1287): Notifying for 0: content://settings/global/battery_estimates_last_update_time
04-30 08:08:57.721 W/Looper  ( 1287): Slow dispatch took 107ms android.fg h=android.os.Handler c=com.android.server.-$$Lambda$NetworkManagementService$NetdUnsolicitedEventListener$0xWa9DGxTnoGVHppsM-nng2PygE@a298113 m=0
04-30 08:09:08.553 E/NotificationService( 1287): Suppressing notification from package by user request.
04-30 08:09:08.554 E/NotificationService( 1287): Suppressing notification from package by user request.
04-30 08:09:08.874 E/NotificationService( 1287): Suppressing notification from package by user request.
04-30 08:09:08.875 E/NotificationService( 1287): Suppressing notification from package by user request.
04-30 08:10:07.656 I/SoundTriggerHelper( 1287): Recognition success
04-30 08:10:07.657 I/AlwaysOnHotwordDetector(12370): onDetected
04-30 08:10:08.976 I/SoundTriggerHelper( 1287): startRecognition successful.
04-30 08:10:49.719 I/SoundTriggerHelper( 1287): Recognition success
04-30 08:10:49.720 I/AlwaysOnHotwordDetector(12370): onDetected
04-30 08:10:51.000 W/Looper  ( 1287): Slow dispatch took 119ms android.ui h=com.android.server.am.ActivityManagerService$UiHandler c=null m=53
04-30 08:10:51.021 I/SoundTriggerHelper( 1287): startRecognition successful.
04-30 08:11:11.612 I/SoundTriggerHelper( 1287): Recognition success
04-30 08:11:11.614 I/AlwaysOnHotwordDetector(12370): onDetected
04-30 08:11:12.805 I/ActivityManager( 1287): Killing 25225:com.android.cellbroadcastreceiver/u0a15 (adj 985): empty #33
04-30 08:11:12.935 W/Looper  ( 1287): Slow dispatch took 129ms android.ui h=com.android.server.am.ActivityManagerService$UiHandler c=null m=53
04-30 08:11:12.952 I/SoundTriggerHelper( 1287): startRecognition successful.
04-30 08:11:14.018 I/SoundTriggerHelper( 1287): Recognition success
04-30 08:11:14.019 I/AlwaysOnHotwordDetector(12370): onDetected
04-30 08:11:15.301 W/Looper  ( 1287): Slow dispatch took 100ms android.ui h=com.android.server.am.ActivityManagerService$UiHandler c=null m=53
04-30 08:11:15.327 I/SoundTriggerHelper( 1287): startRecognition successful.
04-30 08:14:01.580 I/PowerManagerService( 1287): Waking up from Dozing (uid=1000, reason=WAKE_REASON_POWER_BUTTON, details=android.policy:POWER)...
04-30 08:14:01.580 W/UsageStatsService( 1287): Event reported without a package name, eventType:15
04-30 08:14:01.597 D/WindowManager( 1287): powerPress: eventTime=124278251 interactive=true count=1 beganFromNonInteractive=true mShortPressOnPowerBehavior=1
04-30 08:14:01.619 I/DisplayPowerController( 1287): Blocking screen on until initial contents have been drawn.
04-30 08:14:01.653 V/DisplayPowerController( 1287): Brightness [60] reason changing to: 'manual', previous reason: 'screen_off'.
04-30 08:14:01.654 I/DisplayManagerService( 1287): Display device changed state: "Built-in Screen", ON
04-30 08:14:01.697 V/DisplayPowerController( 1287): Brightness [74] reason changing to: 'automatic', previous reason: 'manual'.
04-30 08:14:01.706 V/SettingsProvider( 1287): Notifying for 0: content://settings/system/screen_brightness
04-30 08:14:01.711 V/SettingsProvider( 1287): Notifying for 0: content://settings/global/time_remaining_estimate_millis
04-30 08:14:01.711 V/SettingsProvider( 1287): Notifying for 0: content://settings/global/battery_estimates_last_update_time
04-30 08:14:01.740 I/DisplayPowerController( 1287): Unblocked screen on after 122 ms
04-30 08:14:01.765 I/ActivityManager( 1287): Start proc 1481:com.android.cellbroadcastreceiver/u0a15 for broadcast {com.android.cellbroadcastreceiver/com.android.cellbroadcastreceiver.CellBroadcastReceiver}
04-30 08:14:02.004 W/PowerManagerService( 1287): Screen on took 587 ms
04-30 08:14:02.004 I/DreamManagerService( 1287): Gently waking up from dream.
04-30 08:14:02.004 I/DreamManagerService( 1287): Performing gentle wake from dream.
04-30 08:14:02.052 I/DreamManagerService( 1287): Leaving dreamland.
04-30 08:14:02.052 I/DreamManagerService( 1287): Performing gentle wake from dream.
04-30 08:14:02.052 I/DreamController( 1287): Stopping dream: name=ComponentInfo{com.android.systemui/com.android.systemui.doze.DozeService}, isTest=false, canDoze=true, userId=0
04-30 08:14:02.115 W/ActivityManager( 1287): Permission Denial: Accessing service com.google.android.music/.dial.DialMediaRouteProviderService from pid=6957, uid=10014 that is not exported from uid 10099
04-30 08:14:03.030 V/FingerprintService( 1287): Acquired: 0 0
04-30 08:14:03.035 V/BiometricStats( 1287): Authentication latency: 6
04-30 08:14:03.036 V/FingerprintService( 1287): onAuthenticated(true), ID:-1027168654, Owner: com.android.systemui, isBP: false, listener: com.android.server.biometrics.fingerprint.FingerprintService$ServiceListenerImpl@a86c7b7, requireConfirmation: false, user: 0
04-30 08:14:03.048 V/FingerprintService( 1287): Done with client: com.android.systemui
04-30 08:14:03.349 D/ActivityTaskManager( 1287): Top Process State changed to PROCESS_STATE_TOP
04-30 08:14:03.395 D/ConnectivityService( 1287): Blocked status changed to false for 10081(2883) on netId 138
04-30 08:14:03.395 D/ConnectivityService( 1287): Blocked status changed to false for 10081(2884) on netId 138
04-30 08:14:03.395 D/ConnectivityService( 1287): Blocked status changed to false for 10081(2884) on netId 230
04-30 08:14:03.395 D/ConnectivityService( 1287): Blocked status changed to false for 10081(2884) on netId 228
04-30 08:14:03.406 D/ConnectivityService( 1287): Blocked status changed to false for 10077(2767) on netId 138
04-30 08:14:03.406 D/ConnectivityService( 1287): Blocked status changed to false for 10077(2768) on netId 138
04-30 08:14:03.406 D/ConnectivityService( 1287): Blocked status changed to false for 10077(2798) on netId 138
04-30 08:14:03.406 D/ConnectivityService( 1287): Blocked status changed to false for 10077(2799) on netId 138
04-30 08:14:03.406 D/ConnectivityService( 1287): Blocked status changed to false for 10077(2768) on netId 230
04-30 08:14:03.406 D/ConnectivityService( 1287): Blocked status changed to false for 10077(2799) on netId 230
04-30 08:14:03.406 D/ConnectivityService( 1287): Blocked status changed to false for 10077(2768) on netId 228
04-30 08:14:03.406 D/ConnectivityService( 1287): Blocked status changed to false for 10077(2799) on netId 228
04-30 08:14:03.501 W/UsageStatsService( 1287): Event reported without a package name, eventType:18
