04-29 21:25:22.470 I/chatty  ( 1287): uid=1000(system) PackageManager expire 106 lines
04-29 21:25:24.434 I/chatty  ( 1287): uid=1000(system) android.fg expire 3 lines
04-29 21:25:25.857 I/chatty  ( 1287): uid=1000(system) ActivityManager expire 29 lines
04-29 21:25:25.919 I/chatty  ( 1287): uid=1000(system) Binder:1287_C expire 1 line
04-29 21:25:25.928 I/chatty  ( 1287): uid=1000(system) Binder:1287_3 expire 5 lines
04-29 21:25:25.954 I/chatty  ( 1287): uid=1000(system) ActivityManager expire 9 lines
04-29 21:25:25.962 I/chatty  ( 1287): uid=1000(system) Binder:1287_5 expire 2 lines
04-29 21:25:26.006 I/chatty  ( 1287): uid=1000(system) Binder:1287_10 expire 9 lines
04-29 21:25:26.033 I/chatty  ( 1287): uid=1000(system) Binder:1287_1F expire 4 lines
04-29 21:25:26.038 I/chatty  ( 1287): uid=1000 system_server expire 16 lines
04-29 21:25:26.496 I/chatty  ( 1287): uid=1000(system) Binder:1287_13 expire 1 line
04-29 21:25:27.596 I/chatty  ( 1287): uid=1000(system) android.bg expire 6 lines
04-29 21:25:31.217 I/chatty  ( 1287): uid=1000(system) Binder:1287_16 expire 4 lines
04-29 21:25:42.224 D/PowerUI ( 1802): can't show warning due to - plugged: true status unknown: false
04-29 21:25:47.362 I/chatty  ( 1287): uid=1000(system) ActivityManager expire 12 lines
04-29 21:25:57.459 D/PowerUI ( 1802): can't show warning due to - plugged: true status unknown: false
04-29 21:26:11.768 I/chatty  ( 1287): uid=1000(system) ConnectivitySer expire 6 lines
04-29 21:26:41.008 D/ActivityThread(15408): Loading provider contacts;com.android.contacts: com.android.providers.contacts.ContactsProvider2
04-29 21:26:50.331 I/chatty  ( 1287): uid=1000(system) Binder:1287_18 expire 10 lines
04-29 21:26:57.567 D/PowerUI ( 1802): can't show warning due to - plugged: true status unknown: false
04-29 21:27:51.149 D/PowerUI ( 1802): can't show warning due to - plugged: true status unknown: false
04-29 21:27:57.435 D/PowerUI ( 1802): can't show warning due to - plugged: true status unknown: false
04-29 21:28:12.671 I/chatty  ( 1287): uid=1000(system) Binder:1287_B expire 7 lines
04-29 21:28:34.660 D/PowerUI ( 1802): can't show warning due to - plugged: true status unknown: false
04-29 21:28:42.707 I/chatty  ( 1287): uid=1000(system) Binder:1287_7 expire 3 lines
04-29 21:28:57.471 D/PowerUI ( 1802): can't show warning due to - plugged: true status unknown: false
04-29 21:29:57.581 D/PowerUI ( 1802): can't show warning due to - plugged: true status unknown: false
04-29 21:30:57.463 D/PowerUI ( 1802): can't show warning due to - plugged: true status unknown: false
04-29 21:31:35.753 D/PowerUI ( 1802): can't show warning due to - plugged: true status unknown: false
04-29 21:31:46.228 I/chatty  ( 1287): uid=1000 system_server expire 2 lines
04-29 21:31:57.460 D/PowerUI ( 1802): can't show warning due to - plugged: true status unknown: false
04-29 21:32:26.585 I/chatty  ( 1287): uid=1000(system) Binder:1287_12 expire 6 lines
04-29 21:32:43.013 I/chatty  ( 1287): uid=1000(system) Binder:1287_18 expire 8 lines
04-29 21:32:57.564 D/PowerUI ( 1802): can't show warning due to - plugged: true status unknown: false
04-29 21:33:57.460 D/PowerUI ( 1802): can't show warning due to - plugged: true status unknown: false
04-29 21:34:57.468 D/PowerUI ( 1802): can't show warning due to - plugged: true status unknown: false
04-29 21:35:01.647 D/PowerUI ( 1802): can't show warning due to - plugged: true status unknown: false
04-29 21:35:57.460 D/PowerUI ( 1802): can't show warning due to - plugged: true status unknown: false
04-29 21:36:01.472 I/chatty  ( 1287): uid=1000(system) Binder:1287_C expire 1 line
04-29 21:36:01.495 I/chatty  ( 1287): uid=1000(system) Binder:1287_7 expire 4 lines
04-29 21:36:01.498 I/chatty  ( 1287): uid=1000(system) Binder:1287_16 expire 1 line
04-29 21:36:02.143 I/chatty  ( 1287): uid=1000(system) ConnectivitySer expire 11 lines
04-29 21:36:03.028 I/chatty  ( 1287): uid=1000(system) android.ui expire 1 line
04-29 21:36:12.421 I/chatty  ( 1287): uid=1000(system) Binder:1287_5 expire 3 lines
04-29 21:36:23.109 I/chatty  ( 1287): uid=1000(system) Binder:1287_3 expire 3 lines
04-29 21:36:24.609 I/chatty  ( 1287): uid=1000(system) Binder:1287_13 expire 8 lines
04-29 21:36:57.605 D/PowerUI ( 1802): can't show warning due to - plugged: true status unknown: false
04-29 21:37:03.256 I/chatty  ( 1287): uid=1000(system) Binder:1287_B expire 12 lines
04-29 21:37:03.371 I/chatty  ( 1287): uid=1000(system) ActivityManager expire 7 lines
04-29 21:37:04.074 I/chatty  ( 1287): uid=1000(system) Binder:1287_1E expire 7 lines
04-29 21:37:07.205 I/chatty  ( 1287): uid=1000(system) Binder:1287_12 expire 6 lines
04-29 21:37:07.271 I/chatty  ( 1287): uid=1000(system) Binder:1287_1F expire 1 line
04-29 21:37:09.212 I/chatty  ( 1287): uid=1000(system) ActivityManager expire 10 lines
04-29 21:37:09.283 I/chatty  ( 1287): uid=1000(system) Binder:1287_10 expire 6 lines
04-29 21:37:45.056 I/chatty  ( 1287): uid=1000(system) Binder:1287_1A expire 5 lines
04-29 21:37:57.481 D/PowerUI ( 1802): can't show warning due to - plugged: true status unknown: false
04-29 21:37:58.427 I/chatty  ( 1287): uid=1000(system) Binder:1287_1 expire 10 lines
04-29 21:38:23.333 I/chatty  ( 1287): uid=1000(system) Binder:1287_17 expire 8 lines
04-29 21:38:43.693 D/PowerUI ( 1802): can't show warning due to - plugged: true status unknown: false
04-29 21:38:57.464 D/PowerUI ( 1802): can't show warning due to - plugged: true status unknown: false
04-29 21:39:57.558 D/PowerUI ( 1802): can't show warning due to - plugged: true status unknown: false
04-29 21:40:03.983 I/chatty  ( 1287): uid=1000(system) android.bg expire 10 lines
04-29 21:40:57.453 D/PowerUI ( 1802): can't show warning due to - plugged: true status unknown: false
04-29 21:41:57.458 D/PowerUI ( 1802): can't show warning due to - plugged: true status unknown: false
04-29 21:42:02.119 D/PowerUI ( 1802): can't show warning due to - plugged: true status unknown: false
04-29 21:42:13.640 I/chatty  ( 1287): uid=1000(system) Binder:1287_1C expire 4 lines
04-29 21:42:28.759 I/chatty  ( 1287): uid=1000(system) Binder:1287_B expire 4 lines
04-29 21:42:48.695 D/PowerUI ( 1802): can't show warning due to - plugged: true status unknown: false
04-29 21:42:57.460 D/PowerUI ( 1802): can't show warning due to - plugged: true status unknown: false
04-29 21:43:19.630 I/chatty  ( 1287): uid=1000 system_server expire 13 lines
04-29 21:43:19.632 I/AlwaysOnHotwordDetector(12370): onDetected
04-29 21:43:21.665 I/AlwaysOnHotwordDetector(12370): onDetected
04-29 21:43:28.763 I/AlwaysOnHotwordDetector(12370): onDetected
04-29 21:43:57.472 D/PowerUI ( 1802): can't show warning due to - plugged: true status unknown: false
04-29 21:44:51.973 I/chatty  ( 1287): uid=1000(system) ActivityManager expire 15 lines
04-29 21:44:57.533 D/PowerUI ( 1802): can't show warning due to - plugged: true status unknown: false
04-29 21:45:18.643 D/PowerUI ( 1802): can't show warning due to - plugged: true status unknown: false
04-29 21:45:47.310 I/chatty  ( 1287): uid=1000(system) ConnectivitySer expire 10 lines
04-29 21:45:57.458 D/PowerUI ( 1802): can't show warning due to - plugged: true status unknown: false
04-29 21:46:11.569 I/chatty  ( 1287): uid=1000(system) Binder:1287_1 expire 8 lines
04-29 21:46:57.487 D/PowerUI ( 1802): can't show warning due to - plugged: true status unknown: false
04-29 21:47:08.427 D/PowerUI ( 1802): can't show warning due to - plugged: true status unknown: false
04-29 21:47:57.355 I/AlwaysOnHotwordDetector(12370): onDetected
04-29 21:47:57.482 D/PowerUI ( 1802): can't show warning due to - plugged: true status unknown: false
04-29 21:48:57.461 D/PowerUI ( 1802): can't show warning due to - plugged: true status unknown: false
04-29 21:49:57.465 D/PowerUI ( 1802): can't show warning due to - plugged: true status unknown: false
04-29 21:50:29.361 I/chatty  ( 1287): uid=1000(system) Binder:1287_15 expire 9 lines
04-29 21:50:57.462 D/PowerUI ( 1802): can't show warning due to - plugged: true status unknown: false
04-29 21:51:57.453 D/PowerUI ( 1802): can't show warning due to - plugged: true status unknown: false
04-29 21:51:58.454 I/AlwaysOnHotwordDetector(12370): onDetected
04-29 21:52:00.474 D/PowerUI ( 1802): can't show warning due to - plugged: true status unknown: false
04-29 21:52:09.660 I/chatty  ( 1287): uid=1000(system) android.display expire 3 lines
04-29 21:52:28.508 I/chatty  ( 1287): uid=1000(system) Binder:1287_20 expire 9 lines
04-29 21:52:28.515 I/chatty  ( 1287): uid=1000(system) Binder:1287_19 expire 2 lines
04-29 21:52:57.462 D/PowerUI ( 1802): can't show warning due to - plugged: true status unknown: false
04-29 21:53:00.052 I/AlwaysOnHotwordDetector(12370): onDetected
04-29 21:53:26.327 I/chatty  ( 1287): uid=1000(system) Binder:1287_F expire 3 lines
04-29 21:53:57.470 I/chatty  ( 1287): uid=1000(system) ActivityManager expire 12 lines
04-29 21:53:57.531 D/PowerUI ( 1802): can't show warning due to - plugged: true status unknown: false
04-29 21:54:12.653 I/chatty  ( 1287): uid=1000(system) Binder:1287_6 expire 3 lines
04-29 21:54:29.510 I/chatty  ( 1287): uid=1000(system) Binder:1287_4 expire 4 lines
04-29 21:54:57.489 D/PowerUI ( 1802): can't show warning due to - plugged: true status unknown: false
04-29 21:55:41.742 I/chatty  ( 1287): uid=1000(system) Binder:1287_E expire 2 lines
04-29 21:55:47.578 I/chatty  ( 1287): uid=1000(system) Binder:1287_9 expire 6 lines
04-29 21:55:57.465 D/PowerUI ( 1802): can't show warning due to - plugged: true status unknown: false
04-29 21:56:30.483 I/chatty  ( 1287): uid=1000(system) android.bg expire 4 lines
04-29 21:56:57.485 D/PowerUI ( 1802): can't show warning due to - plugged: true status unknown: false
04-29 21:57:03.622 I/chatty  ( 1287): uid=1000(system) Binder:1287_1D expire 1 line
04-29 21:57:20.047 D/PowerUI ( 1802): can't show warning due to - plugged: true status unknown: false
04-29 21:57:57.463 D/PowerUI ( 1802): can't show warning due to - plugged: true status unknown: false
04-29 21:58:14.761 I/chatty  ( 1287): uid=1000(system) Binder:1287_11 expire 7 lines
04-29 21:58:57.462 D/PowerUI ( 1802): can't show warning due to - plugged: true status unknown: false
04-29 21:58:59.046 I/chatty  ( 1287): uid=1000(system) Binder:1287_8 expire 2 lines
04-29 21:59:57.486 D/PowerUI ( 1802): can't show warning due to - plugged: true status unknown: false
04-29 22:00:36.978 I/chatty  ( 1287): uid=1000(system) Binder:1287_D expire 1 line
04-29 22:00:47.614 I/chatty  ( 1287): uid=1000(system) Binder:1287_2 expire 4 lines
04-29 22:00:57.498 D/PowerUI ( 1802): can't show warning due to - plugged: true status unknown: false
04-29 22:01:40.173 I/chatty  ( 1287): uid=1000(system) ActivityManager expire 12 lines
04-29 22:01:50.276 I/chatty  ( 1287): uid=1000(system) android.bg expire 11 lines
04-29 22:01:57.461 D/PowerUI ( 1802): can't show warning due to - plugged: true status unknown: false
04-29 22:02:28.777 I/chatty  ( 1287): uid=1000 system_server expire 1 line
04-29 22:02:44.043 I/chatty  ( 1287): uid=1000(system) Binder:1287_3 expire 4 lines
04-29 22:02:57.503 D/PowerUI ( 1802): can't show warning due to - plugged: true status unknown: false
04-29 22:02:59.136 I/chatty  ( 1287): uid=1000(system) Binder:1287_C expire 4 lines
04-29 22:03:21.863 D/PowerUI ( 1802): can't show warning due to - plugged: true status unknown: false
04-29 22:03:57.458 D/PowerUI ( 1802): can't show warning due to - plugged: true status unknown: false
04-29 22:04:01.585 I/chatty  ( 1287): uid=1000(system) Binder:1287_1E expire 12 lines
04-29 22:04:57.454 D/PowerUI ( 1802): can't show warning due to - plugged: true status unknown: false
04-29 22:05:00.323 I/chatty  ( 1287): uid=1000(system) Binder:1287_12 expire 4 lines
04-29 22:05:57.575 D/PowerUI ( 1802): can't show warning due to - plugged: true status unknown: false
04-29 22:05:59.750 I/chatty  ( 1287): uid=1000(system) ConnectivitySer expire 11 lines
04-29 22:06:01.499 I/chatty  ( 1287): uid=1000(system) Binder:1287_D expire 3 lines
04-29 22:06:13.366 I/chatty  ( 1287): uid=1000(system) ActivityManager expire 11 lines
04-29 22:06:24.736 I/chatty  ( 1287): uid=1000(system) Binder:1287_4 expire 4 lines
04-29 22:06:57.508 D/PowerUI ( 1802): can't show warning due to - plugged: true status unknown: false
04-29 22:07:12.731 I/chatty  ( 1287): uid=1000(system) ActivityManager expire 10 lines
04-29 22:07:44.029 I/chatty  ( 1287): uid=1000(system) Binder:1287_1E expire 3 lines
04-29 22:07:57.465 D/PowerUI ( 1802): can't show warning due to - plugged: true status unknown: false
04-29 22:07:59.134 I/chatty  ( 1287): uid=1000(system) Binder:1287_9 expire 6 lines
04-29 22:07:59.253 I/chatty  ( 1287): uid=1000(system) Binder:1287_1B expire 6 lines
04-29 22:07:59.254 I/chatty  ( 1287): uid=1000(system) ConnectivitySer expire 13 lines
04-29 22:08:15.478 I/chatty  ( 1287): uid=1000(system) Binder:1287_11 expire 10 lines
04-29 22:08:57.488 D/PowerUI ( 1802): can't show warning due to - plugged: true status unknown: false
04-29 22:09:57.472 D/PowerUI ( 1802): can't show warning due to - plugged: true status unknown: false
04-29 22:10:00.988 I/chatty  ( 1287): uid=1000(system) Binder:1287_5 expire 1 line
04-29 22:10:18.805 D/PowerUI ( 1802): can't show warning due to - plugged: true status unknown: false
04-29 22:10:57.434 D/PowerUI ( 1802): can't show warning due to - plugged: true status unknown: false
04-29 22:11:04.441 I/chatty  ( 1287): uid=1000(system) Binder:1287_E expire 1 line
04-29 22:11:12.921 I/chatty  ( 1287): uid=1000(system) Binder:1287_F expire 10 lines
04-29 22:11:28.023 I/chatty  ( 1287): uid=1000(system) Binder:1287_18 expire 6 lines
04-29 22:11:57.463 D/PowerUI ( 1802): can't show warning due to - plugged: true status unknown: false
04-29 22:12:15.721 I/chatty  ( 1287): uid=1000(system) Binder:1287_1D expire 12 lines
04-29 22:12:30.841 I/chatty  ( 1287): uid=1000(system) Binder:1287_A expire 3 lines
04-29 22:12:42.570 I/chatty  ( 1287): uid=1000(system) Binder:1287_2 expire 7 lines
04-29 22:12:57.475 D/PowerUI ( 1802): can't show warning due to - plugged: true status unknown: false
04-29 22:13:00.548 I/chatty  ( 1287): uid=1000(system) ConnectivitySer expire 20 lines
04-29 22:13:30.882 I/chatty  ( 1287): uid=1000(system) Binder:1287_11 expire 5 lines
04-29 22:13:57.473 D/PowerUI ( 1802): can't show warning due to - plugged: true status unknown: false
04-29 22:14:57.503 I/chatty  ( 1287): uid=1000(system) batterystats-wo expire 1 line
04-29 22:14:57.543 D/PowerUI ( 1802): can't show warning due to - plugged: true status unknown: false
04-29 22:15:03.626 I/chatty  ( 1287): uid=1000(system) Binder:1287_13 expire 5 lines
04-29 22:15:47.710 I/chatty  ( 1287): uid=1000(system) ActivityManager expire 16 lines
04-29 22:15:57.487 D/PowerUI ( 1802): can't show warning due to - plugged: true status unknown: false
04-29 22:16:07.324 I/chatty  ( 1287): uid=1000(system) Binder:1287_B expire 6 lines
04-29 22:16:30.675 I/chatty  ( 1287): uid=1000(system) android.bg expire 5 lines
04-29 22:16:41.902 I/chatty  ( 1287): uid=1000(system) android.io expire 2 lines
04-29 22:16:46.100 I/chatty  ( 1287): uid=1000(system) Binder:1287_8 expire 2 lines
04-29 22:16:57.468 D/PowerUI ( 1802): can't show warning due to - plugged: true status unknown: false
04-29 22:17:57.474 D/PowerUI ( 1802): can't show warning due to - plugged: true status unknown: false
04-29 22:18:32.938 D/PowerUI ( 1802): can't show warning due to - plugged: true status unknown: false
04-29 22:18:57.460 D/PowerUI ( 1802): can't show warning due to - plugged: true status unknown: false
04-29 22:19:25.891 I/chatty  ( 1287): uid=1000(system) Binder:1287_1 expire 4 lines
04-29 22:19:57.459 D/PowerUI ( 1802): can't show warning due to - plugged: true status unknown: false
04-29 22:20:14.942 I/chatty  ( 1287): uid=1000(system) Binder:1287_15 expire 3 lines
04-29 22:20:57.476 D/PowerUI ( 1802): can't show warning due to - plugged: true status unknown: false
04-29 22:21:01.023 I/chatty  ( 1287): uid=1000(system) Binder:1287_1D expire 6 lines
04-29 22:21:37.912 I/chatty  ( 1287): uid=1000(system) Binder:1287_16 expire 1 line
04-29 22:21:37.922 I/chatty  ( 1287): uid=1000(system) ActivityManager expire 1 line
04-29 22:21:37.965 I/chatty  ( 1287): uid=1000(system) Binder:1287_17 expire 1 line
04-29 22:21:43.660 I/chatty  ( 1287): uid=1000(system) PowerManagerSer expire 6 lines
04-29 22:21:43.687 I/chatty  ( 1287): uid=1000(system) android.display expire 2 lines
04-29 22:21:49.093 I/chatty  ( 1287): uid=1000(system) Binder:1287_1F expire 4 lines
04-29 22:21:57.499 D/PowerUI ( 1802): can't show warning due to - plugged: true status unknown: false
04-29 22:22:57.463 D/PowerUI ( 1802): can't show warning due to - plugged: true status unknown: false
04-29 22:23:06.351 I/chatty  ( 1287): uid=1000(system) ActivityManager expire 10 lines
04-29 22:23:31.362 I/chatty  ( 1287): uid=1000(system) ActivityManager expire 10 lines
04-29 22:23:31.721 I/chatty  ( 1287): uid=1000(system) Binder:1287_1 expire 10 lines
04-29 22:23:36.691 I/chatty  ( 1287): uid=1000(system) android.bg expire 8 lines
04-29 22:23:46.971 I/chatty  ( 1287): uid=1000(system) Binder:1287_1D expire 4 lines
04-29 22:23:57.465 D/PowerUI ( 1802): can't show warning due to - plugged: true status unknown: false
04-29 22:24:31.751 I/chatty  ( 1287): uid=1000(system) Binder:1287_15 expire 8 lines
04-29 22:24:32.066 I/chatty  ( 1287): uid=1000(system) ConnectivitySer expire 10 lines
04-29 22:24:46.669 I/chatty  ( 1287): uid=1000(system) Binder:1287_1F expire 11 lines
04-29 22:24:57.463 D/PowerUI ( 1802): can't show warning due to - plugged: true status unknown: false
04-29 22:25:42.608 I/chatty  ( 1287): uid=1000(system) Binder:1287_3 expire 3 lines
04-29 22:25:42.675 I/chatty  ( 1287): uid=1000(system) Binder:1287_11 expire 1 line
04-29 22:25:42.676 I/chatty  ( 1287): uid=1000(system) Binder:1287_1E expire 1 line
04-29 22:25:57.462 D/PowerUI ( 1802): can't show warning due to - plugged: true status unknown: false
04-29 22:26:13.762 I/chatty  ( 1287): uid=1000(system) Binder:1287_5 expire 2 lines
04-29 22:26:28.904 I/chatty  ( 1287): uid=1000(system) Binder:1287_17 expire 16 lines
04-29 22:26:57.509 D/PowerUI ( 1802): can't show warning due to - plugged: true status unknown: false
04-29 22:27:57.461 D/PowerUI ( 1802): can't show warning due to - plugged: true status unknown: false
04-29 22:28:01.619 I/chatty  ( 1287): uid=1000(system) PowerManagerSer expire 6 lines
04-29 22:28:01.658 I/chatty  ( 1287): uid=1000(system) android.display expire 2 lines
04-29 22:28:22.280 I/chatty  ( 1287): uid=1000(system) Binder:1287_10 expire 16 lines
04-29 22:28:33.261 D/PowerUI ( 1802): can't show warning due to - plugged: true status unknown: false
04-29 22:28:57.462 D/PowerUI ( 1802): can't show warning due to - plugged: true status unknown: false
04-29 22:29:57.496 D/PowerUI ( 1802): can't show warning due to - plugged: true status unknown: false
04-29 22:30:20.221 D/ActivityThread(20214): Loading provider contacts;com.android.contacts: com.android.providers.contacts.ContactsProvider2
04-29 22:30:44.640 I/chatty  ( 1287): uid=1000(system) Binder:1287_2 expire 14 lines
04-29 22:30:57.481 D/PowerUI ( 1802): can't show warning due to - plugged: true status unknown: false
04-29 22:31:57.483 D/PowerUI ( 1802): can't show warning due to - plugged: true status unknown: false
04-29 22:32:57.462 D/PowerUI ( 1802): can't show warning due to - plugged: true status unknown: false
04-29 22:33:06.615 I/chatty  ( 1287): uid=1000(system) ConnectivitySer expire 8 lines
04-29 22:33:06.630 I/chatty  ( 1287): uid=1000 system_server expire 80 lines
04-29 22:33:07.523 I/chatty  ( 1287): uid=1000 system_server expire 2 lines
04-29 22:33:07.607 D/DownloadManager(18232): Removed 0 stale downloads
04-29 22:33:07.615 D/DownloadManager(18232): Found 1 files in database
04-29 22:33:07.615 D/DownloadManager(18232): Found 0 files on disk
04-29 22:33:07.848 I/chatty  ( 1287): uid=1000(system) Binder:1287_1A expire 20 lines
04-29 22:33:08.540 I/chatty  ( 1287): uid=1000(system) Binder:1287_9 expire 2 lines
04-29 22:33:08.707 I/chatty  ( 1287): uid=1000(system) Binder:1287_16 expire 12 lines
04-29 22:33:09.170 I/chatty  ( 1287): uid=1000 system_server expire 118 lines
04-29 22:33:09.174 I/chatty  ( 1287): uid=1000(system) Binder:1287_1 expire 7 lines
04-29 22:33:09.190 I/chatty  ( 1287): uid=1000(system) Binder:1287_15 expire 22 lines
04-29 22:33:09.207 I/chatty  ( 1287): uid=1000(system) Binder:1287_2 expire 9 lines
04-29 22:33:09.220 I/chatty  ( 1287): uid=1000(system) Binder:1287_10 expire 23 lines
04-29 22:33:09.255 I/chatty  ( 1287): uid=1000(system) Binder:1287_1F expire 31 lines
04-29 22:33:10.080 I/chatty  ( 1287): uid=1000(system) Binder:1287_1C expire 9 lines
04-29 22:33:10.097 I/chatty  ( 1287): uid=1000(system) Binder:1287_A expire 9 lines
04-29 22:33:10.361 D/DownloadManager(18232): Removed 0 stale downloads
04-29 22:33:10.368 D/DownloadManager(18232): Found 1 files in database
04-29 22:33:10.368 D/DownloadManager(18232): Found 0 files on disk
04-29 22:33:11.007 I/chatty  ( 1287): uid=1000(system) backup-0 expire 2 lines
04-29 22:33:11.008 I/chatty  ( 1287): uid=1000 system_server expire 8 lines
04-29 22:33:11.468 I/chatty  ( 1287): uid=1000 system_server expire 6 lines
04-29 22:33:11.524 I/chatty  ( 1287): uid=1000 system_server expire 8 lines
04-29 22:33:11.850 I/chatty  ( 1287): uid=1000 system_server expire 6 lines
04-29 22:33:11.892 I/chatty  ( 1287): uid=1000(system) backup-0 expire 14 lines
04-29 22:33:11.896 I/chatty  ( 1287): uid=1000 system_server expire 8 lines
04-29 22:33:11.905 I/chatty  ( 1287): uid=1000 system_server expire 14 lines
04-29 22:33:11.910 I/chatty  ( 1287): uid=1000(system) Binder:1287_A expire 5 lines
04-29 22:33:12.302 I/chatty  ( 1287): uid=1000 system_server expire 6 lines
04-29 22:33:12.351 I/chatty  ( 1287): uid=1000 system_server expire 14 lines
04-29 22:33:12.373 I/chatty  ( 1287): uid=1000(system) Binder:1287_10 expire 6 lines
04-29 22:33:12.691 I/chatty  ( 1287): uid=1000(system) Binder:1287_15 expire 4 lines
04-29 22:33:12.719 I/chatty  ( 1287): uid=1000 system_server expire 8 lines
04-29 22:33:12.998 I/chatty  ( 1287): uid=1000 system_server expire 6 lines
04-29 22:33:13.061 I/chatty  ( 1287): uid=1000 system_server expire 8 lines
04-29 22:33:13.355 I/chatty  ( 1287): uid=1000 system_server expire 10 lines
04-29 22:33:13.451 I/chatty  ( 1287): uid=1000 system_server expire 3 lines
04-29 22:33:13.465 I/chatty  ( 1287): uid=1000(system) ActivityManager expire 4 lines
04-29 22:33:13.548 I/chatty  ( 1287): uid=1000 system_server expire 3 lines
04-29 22:33:14.072 I/chatty  ( 1287): uid=1000 system_server expire 8 lines
04-29 22:33:14.103 I/chatty  ( 1287): uid=1000(system) Binder:1287_1F expire 5 lines
04-29 22:33:14.428 I/chatty  ( 1287): uid=1000 system_server expire 6 lines
04-29 22:33:14.481 I/chatty  ( 1287): uid=1000 system_server expire 14 lines
04-29 22:33:15.048 I/chatty  ( 1287): uid=1000 system_server expire 8 lines
04-29 22:33:15.372 I/chatty  ( 1287): uid=1000 system_server expire 6 lines
04-29 22:33:15.426 I/chatty  ( 1287): uid=1000 system_server expire 14 lines
04-29 22:33:16.401 I/chatty  ( 1287): uid=1000 system_server expire 14 lines
04-29 22:33:17.635 I/chatty  ( 1287): uid=1000 system_server expire 8 lines
04-29 22:33:17.944 I/chatty  ( 1287): uid=1000 system_server expire 6 lines
04-29 22:33:17.982 I/chatty  ( 1287): uid=1000 system_server expire 8 lines
04-29 22:33:18.010 I/chatty  ( 1287): uid=1000(system) Binder:1287_C expire 2 lines
04-29 22:33:18.336 I/chatty  ( 1287): uid=1000 system_server expire 6 lines
04-29 22:33:18.364 I/chatty  ( 1287): uid=1000 system_server expire 8 lines
04-29 22:33:18.679 I/chatty  ( 1287): uid=1000 system_server expire 6 lines
04-29 22:33:18.721 I/chatty  ( 1287): uid=1000 system_server expire 8 lines
04-29 22:33:18.742 I/chatty  ( 1287): uid=1000(system) Binder:1287_1C expire 2 lines
04-29 22:33:19.027 I/chatty  ( 1287): uid=1000 system_server expire 6 lines
04-29 22:33:19.058 I/chatty  ( 1287): uid=1000 system_server expire 14 lines
04-29 22:33:19.449 I/chatty  ( 1287): uid=1000(system) Binder:1287_1C expire 11 lines
04-29 22:33:20.123 I/chatty  ( 1287): uid=1000(system) backup-0 expire 13 lines
04-29 22:33:20.129 I/chatty  ( 1287): uid=1000 system_server expire 8 lines
04-29 22:33:20.146 I/chatty  ( 1287): uid=1000 system_server expire 12 lines
04-29 22:33:20.490 I/chatty  ( 1287): uid=1000 system_server expire 6 lines
04-29 22:33:20.534 I/chatty  ( 1287): uid=1000 system_server expire 14 lines
04-29 22:33:20.911 I/chatty  ( 1287): uid=1000(system) ActivityManager expire 8 lines
04-29 22:33:20.967 I/chatty  ( 1287): uid=1000(system) Binder:1287_C expire 1 line
04-29 22:33:21.102 I/chatty  ( 1287): uid=1000 system_server expire 15 lines
04-29 22:33:22.178 I/chatty  ( 1287): uid=1000(system) Binder:1287_15 expire 2 lines
04-29 22:33:22.930 I/chatty  ( 1287): uid=1000 system_server expire 8 lines
04-29 22:33:23.241 I/chatty  ( 1287): uid=1000 system_server expire 6 lines
04-29 22:33:23.297 I/chatty  ( 1287): uid=1000 system_server expire 15 lines
04-29 22:33:23.737 I/chatty  ( 1287): uid=1000(system) Binder:1287_1E expire 1 line
04-29 22:33:24.287 I/chatty  ( 1287): uid=1000 system_server expire 8 lines
04-29 22:33:24.296 I/chatty  ( 1287): uid=1000(system) Binder:1287_1A expire 1 line
04-29 22:33:24.297 I/chatty  ( 1287): uid=1000(system) ConnectivitySer expire 5 lines
04-29 22:33:24.299 I/chatty  ( 1287): uid=1000(system) Binder:1287_9 expire 1 line
04-29 22:33:24.641 I/chatty  ( 1287): uid=1000 system_server expire 6 lines
04-29 22:33:24.706 I/chatty  ( 1287): uid=1000 system_server expire 15 lines
04-29 22:33:25.227 I/chatty  ( 1287): uid=1000(system) Binder:1287_17 expire 2 lines
04-29 22:33:25.719 I/chatty  ( 1287): uid=1000 system_server expire 15 lines
04-29 22:33:25.732 I/chatty  ( 1287): uid=1000(system) Binder:1287_6 expire 3 lines
04-29 22:33:26.652 I/chatty  ( 1287): uid=1000 system_server expire 8 lines
04-29 22:33:26.678 I/chatty  ( 1287): uid=1000(system) Binder:1287_16 expire 5 lines
04-29 22:33:27.059 I/chatty  ( 1287): uid=1000 system_server expire 6 lines
04-29 22:33:27.101 I/chatty  ( 1287): uid=1000 system_server expire 16 lines
04-29 22:33:27.123 I/chatty  ( 1287): uid=1000(system) ActivityManager expire 1 line
04-29 22:33:28.124 I/chatty  ( 1287): uid=1000 system_server expire 9 lines
04-29 22:33:28.149 I/chatty  ( 1287): uid=1000(system) Binder:1287_1 expire 3 lines
04-29 22:33:28.566 I/chatty  ( 1287): uid=1000 system_server expire 6 lines
04-29 22:33:28.597 I/chatty  ( 1287): uid=1000 system_server expire 15 lines
04-29 22:33:29.806 I/chatty  ( 1287): uid=1000 system_server expire 8 lines
04-29 22:33:29.815 I/chatty  ( 1287): uid=1000 system_server expire 13 lines
04-29 22:33:29.821 I/chatty  ( 1287): uid=1000(system) Binder:1287_1B expire 1 line
04-29 22:33:29.822 I/chatty  ( 1287): uid=1000(system) Binder:1287_1F expire 1 line
04-29 22:33:29.822 I/chatty  ( 1287): uid=1000(system) Binder:1287_5 expire 2 lines
04-29 22:33:29.822 I/chatty  ( 1287): uid=1000(system) ConnectivitySer expire 5 lines
04-29 22:33:29.831 I/chatty  ( 1287): uid=1000(system) Binder:1287_F expire 1 line
04-29 22:33:29.831 I/chatty  ( 1287): uid=1000(system) Binder:1287_D expire 1 line
04-29 22:33:29.832 I/chatty  ( 1287): uid=1000(system) Binder:1287_17 expire 2 lines
04-29 22:33:30.116 I/chatty  ( 1287): uid=1000 system_server expire 6 lines
04-29 22:33:30.162 I/chatty  ( 1287): uid=1000(system) backup-0 expire 12 lines
04-29 22:33:30.162 I/chatty  ( 1287): uid=1000 system_server expire 15 lines
04-29 22:33:30.180 I/chatty  ( 1287): uid=1000(system) Binder:1287_14 expire 7 lines
04-29 22:33:30.481 I/chatty  ( 1287): uid=1000(system) ActivityManager expire 2 lines
04-29 22:33:31.653 I/chatty  ( 1287): uid=1000 system_server expire 8 lines
04-29 22:33:31.676 I/chatty  ( 1287): uid=1000(system) Binder:1287_1 expire 6 lines
04-29 22:33:32.045 I/chatty  ( 1287): uid=1000 system_server expire 6 lines
04-29 22:33:32.113 I/chatty  ( 1287): uid=1000 system_server expire 14 lines
04-29 22:33:32.135 I/chatty  ( 1287): uid=1000(system) Binder:1287_13 expire 3 lines
04-29 22:33:33.105 I/chatty  ( 1287): uid=1000 system_server expire 14 lines
04-29 22:33:33.962 I/chatty  ( 1287): uid=1000 system_server expire 8 lines
04-29 22:33:34.408 I/chatty  ( 1287): uid=1000(system) ActivityManager expire 4 lines
04-29 22:33:34.432 I/chatty  ( 1287): uid=1000(system) Binder:1287_9 expire 6 lines
04-29 22:33:34.669 I/chatty  ( 1287): uid=1000 system_server expire 6 lines
04-29 22:33:34.712 I/chatty  ( 1287): uid=1000 system_server expire 8 lines
04-29 22:33:35.030 I/chatty  ( 1287): uid=1000 system_server expire 6 lines
04-29 22:33:35.075 I/chatty  ( 1287): uid=1000 system_server expire 8 lines
04-29 22:33:35.361 I/chatty  ( 1287): uid=1000 system_server expire 11 lines
04-29 22:33:35.426 I/chatty  ( 1287): uid=1000 system_server expire 3 lines
04-29 22:33:35.524 I/chatty  ( 1287): uid=1000 system_server expire 14 lines
04-29 22:33:36.372 I/chatty  ( 1287): uid=1000 system_server expire 14 lines
04-29 22:33:36.401 I/chatty  ( 1287): uid=1000(system) Binder:1287_12 expire 3 lines
04-29 22:33:37.503 I/chatty  ( 1287): uid=1000 system_server expire 14 lines
04-29 22:33:37.885 I/chatty  ( 1287): uid=1000 system_server expire 9 lines
04-29 22:33:38.234 I/chatty  ( 1287): uid=1000 system_server expire 6 lines
04-29 22:33:38.279 I/chatty  ( 1287): uid=1000 system_server expire 8 lines
04-29 22:33:38.672 I/chatty  ( 1287): uid=1000 system_server expire 6 lines
04-29 22:33:38.752 I/chatty  ( 1287): uid=1000(system) backup-0 expire 13 lines
04-29 22:33:38.753 I/chatty  ( 1287): uid=1000 system_server expire 8 lines
04-29 22:33:38.768 I/chatty  ( 1287): uid=1000 system_server expire 13 lines
04-29 22:33:38.781 I/chatty  ( 1287): uid=1000(system) Binder:1287_1 expire 3 lines
04-29 22:33:39.120 I/chatty  ( 1287): uid=1000 system_server expire 6 lines
04-29 22:33:39.164 I/chatty  ( 1287): uid=1000 system_server expire 8 lines
04-29 22:33:39.442 I/chatty  ( 1287): uid=1000 system_server expire 6 lines
04-29 22:33:39.511 I/chatty  ( 1287): uid=1000 system_server expire 14 lines
04-29 22:33:39.529 I/chatty  ( 1287): uid=1000(system) Binder:1287_12 expire 10 lines
04-29 22:33:39.840 I/chatty  ( 1287): uid=1000(system) Binder:1287_9 expire 5 lines
04-29 22:33:39.894 I/chatty  ( 1287): uid=1000 system_server expire 8 lines
04-29 22:33:40.242 I/chatty  ( 1287): uid=1000 system_server expire 6 lines
04-29 22:33:40.273 I/chatty  ( 1287): uid=1000 system_server expire 14 lines
04-29 22:33:40.600 I/chatty  ( 1287): uid=1000(system) Binder:1287_16 expire 4 lines
04-29 22:33:40.653 I/chatty  ( 1287): uid=1000 system_server expire 8 lines
04-29 22:33:41.050 I/chatty  ( 1287): uid=1000 system_server expire 6 lines
04-29 22:33:41.090 I/chatty  ( 1287): uid=1000 system_server expire 8 lines
04-29 22:33:41.449 I/chatty  ( 1287): uid=1000 system_server expire 10 lines
04-29 22:33:41.519 I/chatty  ( 1287): uid=1000 system_server expire 3 lines
04-29 22:33:41.530 I/chatty  ( 1287): uid=1000(system) ActivityManager expire 4 lines
04-29 22:33:41.619 I/chatty  ( 1287): uid=1000 system_server expire 3 lines
04-29 22:33:42.452 I/chatty  ( 1287): uid=1000 system_server expire 8 lines
04-29 22:33:42.786 I/chatty  ( 1287): uid=1000 system_server expire 6 lines
04-29 22:33:42.823 I/chatty  ( 1287): uid=1000 system_server expire 14 lines
04-29 22:33:49.485 I/chatty  ( 1287): uid=1000 system_server expire 8 lines
04-29 22:33:49.865 I/chatty  ( 1287): uid=1000 system_server expire 6 lines
04-29 22:33:49.913 I/chatty  ( 1287): uid=1000 system_server expire 8 lines
04-29 22:33:49.934 I/chatty  ( 1287): uid=1000(system) Binder:1287_18 expire 1 line
04-29 22:33:50.291 I/chatty  ( 1287): uid=1000 system_server expire 10 lines
04-29 22:33:50.370 I/chatty  ( 1287): uid=1000 system_server expire 3 lines
04-29 22:33:50.514 I/chatty  ( 1287): uid=1000 system_server expire 3 lines
04-29 22:33:51.310 I/chatty  ( 1287): uid=1000 system_server expire 8 lines
04-29 22:33:51.623 I/chatty  ( 1287): uid=1000 system_server expire 10 lines
04-29 22:33:51.677 I/chatty  ( 1287): uid=1000 system_server expire 3 lines
04-29 22:33:51.779 I/chatty  ( 1287): uid=1000 system_server expire 14 lines
04-29 22:33:51.787 I/chatty  ( 1287): uid=1000 system_server expire 15 lines
04-29 22:33:51.802 I/chatty  ( 1287): uid=1000(system) Binder:1287_12 expire 4 lines
04-29 22:33:52.106 I/chatty  ( 1287): uid=1000(system) Binder:1287_18 expire 6 lines
04-29 22:33:52.130 I/chatty  ( 1287): uid=1000(system) backup-0 expire 14 lines
04-29 22:33:52.131 I/chatty  ( 1287): uid=1000 system_server expire 8 lines
04-29 22:33:52.437 I/chatty  ( 1287): uid=1000 system_server expire 6 lines
04-29 22:33:52.477 I/chatty  ( 1287): uid=1000 system_server expire 8 lines
04-29 22:33:52.717 I/chatty  ( 1287): uid=1000 system_server expire 6 lines
04-29 22:33:52.754 I/chatty  ( 1287): uid=1000 system_server expire 8 lines
04-29 22:33:53.051 I/chatty  ( 1287): uid=1000 system_server expire 6 lines
04-29 22:33:53.096 I/chatty  ( 1287): uid=1000 system_server expire 8 lines
04-29 22:33:53.466 I/chatty  ( 1287): uid=1000 system_server expire 6 lines
04-29 22:33:53.506 I/chatty  ( 1287): uid=1000 system_server expire 8 lines
04-29 22:33:53.854 I/chatty  ( 1287): uid=1000 system_server expire 6 lines
04-29 22:33:53.913 I/chatty  ( 1287): uid=1000 system_server expire 8 lines
04-29 22:33:54.280 I/chatty  ( 1287): uid=1000 system_server expire 6 lines
04-29 22:33:54.311 I/chatty  ( 1287): uid=1000 system_server expire 8 lines
04-29 22:33:54.629 I/chatty  ( 1287): uid=1000 system_server expire 6 lines
04-29 22:33:54.674 I/chatty  ( 1287): uid=1000 system_server expire 8 lines
04-29 22:33:54.701 I/chatty  ( 1287): uid=1000(system) Binder:1287_9 expire 2 lines
04-29 22:33:54.989 I/chatty  ( 1287): uid=1000 system_server expire 6 lines
04-29 22:33:55.031 I/chatty  ( 1287): uid=1000 system_server expire 14 lines
04-29 22:33:55.055 I/chatty  ( 1287): uid=1000(system) Binder:1287_16 expire 6 lines
04-29 22:33:56.664 I/chatty  ( 1287): uid=1000 system_server expire 8 lines
04-29 22:33:57.062 I/chatty  ( 1287): uid=1000 system_server expire 6 lines
04-29 22:33:57.122 I/chatty  ( 1287): uid=1000 system_server expire 8 lines
04-29 22:33:57.447 D/PowerUI ( 1802): can't show warning due to - plugged: true status unknown: false
04-29 22:33:57.504 I/chatty  ( 1287): uid=1000 system_server expire 6 lines
04-29 22:33:57.571 I/chatty  ( 1287): uid=1000 system_server expire 14 lines
04-29 22:33:57.923 I/chatty  ( 1287): uid=1000(system) ActivityManager expire 1 line
04-29 22:33:58.161 I/chatty  ( 1287): uid=1000(system) Binder:1287_10 expire 1 line
04-29 22:33:58.186 I/chatty  ( 1287): uid=1000 system_server expire 8 lines
04-29 22:33:58.513 I/chatty  ( 1287): uid=1000 system_server expire 6 lines
04-29 22:33:58.552 I/chatty  ( 1287): uid=1000 system_server expire 8 lines
04-29 22:33:58.924 I/chatty  ( 1287): uid=1000 system_server expire 6 lines
04-29 22:33:58.965 I/chatty  ( 1287): uid=1000(system) backup-0 expire 14 lines
04-29 22:33:58.966 I/chatty  ( 1287): uid=1000 system_server expire 8 lines
04-29 22:33:58.978 I/chatty  ( 1287): uid=1000 system_server expire 14 lines
04-29 22:33:58.988 I/chatty  ( 1287): uid=1000(system) Binder:1287_16 expire 4 lines
04-29 22:33:59.288 I/chatty  ( 1287): uid=1000 system_server expire 6 lines
04-29 22:33:59.326 I/chatty  ( 1287): uid=1000 system_server expire 8 lines
04-29 22:33:59.351 I/chatty  ( 1287): uid=1000(system) Binder:1287_18 expire 5 lines
04-29 22:33:59.709 I/chatty  ( 1287): uid=1000 system_server expire 6 lines
04-29 22:33:59.747 I/chatty  ( 1287): uid=1000 system_server expire 8 lines
04-29 22:34:00.103 I/chatty  ( 1287): uid=1000 system_server expire 6 lines
04-29 22:34:00.147 I/chatty  ( 1287): uid=1000 system_server expire 8 lines
04-29 22:34:00.499 I/chatty  ( 1287): uid=1000 system_server expire 6 lines
04-29 22:34:00.535 I/chatty  ( 1287): uid=1000 system_server expire 14 lines
04-29 22:34:00.903 I/chatty  ( 1287): uid=1000(system) ActivityManager expire 6 lines
04-29 22:34:01.778 I/chatty  ( 1287): uid=1000 system_server expire 8 lines
04-29 22:34:01.807 I/chatty  ( 1287): uid=1000(system) Binder:1287_9 expire 3 lines
04-29 22:34:02.180 I/chatty  ( 1287): uid=1000 system_server expire 6 lines
04-29 22:34:02.230 I/chatty  ( 1287): uid=1000 system_server expire 8 lines
04-29 22:34:02.565 I/chatty  ( 1287): uid=1000 system_server expire 6 lines
04-29 22:34:02.606 I/chatty  ( 1287): uid=1000 system_server expire 14 lines
04-29 22:34:03.212 I/chatty  ( 1287): uid=1000 system_server expire 8 lines
04-29 22:34:03.586 I/chatty  ( 1287): uid=1000 system_server expire 6 lines
04-29 22:34:03.627 I/chatty  ( 1287): uid=1000 system_server expire 15 lines
04-29 22:34:03.657 I/chatty  ( 1287): uid=1000(system) Binder:1287_12 expire 1 line
04-29 22:34:03.812 I/chatty  ( 1287): uid=1000(system) Binder:1287_10 expire 3 lines
04-29 22:34:04.886 I/chatty  ( 1287): uid=1000 system_server expire 16 lines
04-29 22:34:04.906 I/chatty  ( 1287): uid=1000(system) Binder:1287_14 expire 1 line
04-29 22:34:05.565 I/chatty  ( 1287): uid=1000(system) Binder:1287_17 expire 1 line
04-29 22:34:06.061 I/chatty  ( 1287): uid=1000 system_server expire 8 lines
04-29 22:34:06.083 I/chatty  ( 1287): uid=1000(system) Binder:1287_D expire 3 lines
04-29 22:34:06.371 I/chatty  ( 1287): uid=1000 system_server expire 6 lines
04-29 22:34:06.405 I/chatty  ( 1287): uid=1000 system_server expire 15 lines
04-29 22:34:06.424 I/chatty  ( 1287): uid=1000(system) Binder:1287_3 expire 1 line
04-29 22:34:07.215 I/chatty  ( 1287): uid=1000 system_server expire 8 lines
04-29 22:34:07.247 I/chatty  ( 1287): uid=1000(system) Binder:1287_A expire 1 line
04-29 22:34:07.540 I/chatty  ( 1287): uid=1000 system_server expire 6 lines
04-29 22:34:07.574 I/chatty  ( 1287): uid=1000(system) backup-0 expire 12 lines
04-29 22:34:07.574 I/chatty  ( 1287): uid=1000 system_server expire 8 lines
04-29 22:34:07.583 I/chatty  ( 1287): uid=1000 system_server expire 13 lines
04-29 22:34:07.591 I/chatty  ( 1287): uid=1000(system) Binder:1287_14 expire 5 lines
04-29 22:34:08.078 I/chatty  ( 1287): uid=1000 system_server expire 6 lines
04-29 22:34:08.114 I/chatty  ( 1287): uid=1000 system_server expire 8 lines
04-29 22:34:08.387 I/chatty  ( 1287): uid=1000 system_server expire 6 lines
04-29 22:34:08.421 I/chatty  ( 1287): uid=1000 system_server expire 9 lines
04-29 22:34:08.444 I/chatty  ( 1287): uid=1000(system) Binder:1287_E expire 2 lines
04-29 22:34:08.802 I/chatty  ( 1287): uid=1000 system_server expire 6 lines
04-29 22:34:08.837 I/chatty  ( 1287): uid=1000 system_server expire 16 lines
04-29 22:34:08.857 I/chatty  ( 1287): uid=1000(system) Binder:1287_17 expire 1 line
04-29 22:34:09.253 I/chatty  ( 1287): uid=1000(system) ActivityManager expire 3 lines
04-29 22:34:10.307 I/chatty  ( 1287): uid=1000 system_server expire 8 lines
04-29 22:34:10.590 I/chatty  ( 1287): uid=1000 system_server expire 10 lines
04-29 22:34:10.641 I/chatty  ( 1287): uid=1000 system_server expire 3 lines
04-29 22:34:10.661 I/chatty  ( 1287): uid=1000 system_server expire 3 lines
04-29 22:34:10.744 I/chatty  ( 1287): uid=1000(system) Binder:1287_13 expire 1 line
04-29 22:34:10.746 I/chatty  ( 1287): uid=1000(system) Binder:1287_C expire 1 line
04-29 22:34:10.746 I/chatty  ( 1287): uid=1000(system) Binder:1287_6 expire 1 line
04-29 22:34:10.746 I/chatty  ( 1287): uid=1000(system) Binder:1287_1A expire 1 line
04-29 22:34:10.746 I/chatty  ( 1287): uid=1000(system) ConnectivitySer expire 1 line
04-29 22:34:10.751 I/chatty  ( 1287): uid=1000(system) Binder:1287_F expire 1 line
04-29 22:34:10.758 I/chatty  ( 1287): uid=1000(system) android.display expire 1 line
04-29 22:34:11.436 I/chatty  ( 1287): uid=1000 system_server expire 8 lines
04-29 22:34:11.475 I/chatty  ( 1287): uid=1000(system) Binder:1287_16 expire 4 lines
04-29 22:34:11.805 I/chatty  ( 1287): uid=1000 system_server expire 11 lines
04-29 22:34:11.866 I/chatty  ( 1287): uid=1000 system_server expire 3 lines
04-29 22:34:11.959 I/chatty  ( 1287): uid=1000(system) Binder:1287_19 expire 4 lines
04-29 22:34:11.980 I/chatty  ( 1287): uid=1000 system_server expire 3 lines
04-29 22:34:12.720 I/chatty  ( 1287): uid=1000 system_server expire 8 lines
04-29 22:34:13.072 I/chatty  ( 1287): uid=1000 system_server expire 6 lines
04-29 22:34:13.114 I/chatty  ( 1287): uid=1000 system_server expire 8 lines
04-29 22:34:13.136 I/chatty  ( 1287): uid=1000(system) Binder:1287_12 expire 2 lines
04-29 22:34:13.482 I/chatty  ( 1287): uid=1000 system_server expire 6 lines
04-29 22:34:13.541 I/chatty  ( 1287): uid=1000 system_server expire 8 lines
04-29 22:34:13.898 I/chatty  ( 1287): uid=1000 system_server expire 6 lines
04-29 22:34:13.959 I/chatty  ( 1287): uid=1000 system_server expire 8 lines
04-29 22:34:14.297 I/chatty  ( 1287): uid=1000 system_server expire 6 lines
04-29 22:34:14.338 I/chatty  ( 1287): uid=1000 system_server expire 8 lines
04-29 22:34:14.659 I/chatty  ( 1287): uid=1000 system_server expire 10 lines
04-29 22:34:14.835 I/chatty  ( 1287): uid=1000 system_server expire 3 lines
04-29 22:34:14.859 I/chatty  ( 1287): uid=1000 system_server expire 3 lines
04-29 22:34:17.196 I/chatty  ( 1287): uid=1000 system_server expire 8 lines
04-29 22:34:17.487 I/chatty  ( 1287): uid=1000 system_server expire 11 lines
04-29 22:34:17.571 I/chatty  ( 1287): uid=1000 system_server expire 3 lines
04-29 22:34:17.581 I/chatty  ( 1287): uid=1000(system) ActivityManager expire 3 lines
04-29 22:34:17.683 I/chatty  ( 1287): uid=1000(system) Binder:1287_16 expire 1 line
04-29 22:34:17.695 I/chatty  ( 1287): uid=1000 system_server expire 3 lines
04-29 22:34:17.712 I/chatty  ( 1287): uid=1000(system) Binder:1287_12 expire 1 line
04-29 22:34:18.381 I/chatty  ( 1287): uid=1000(system) backup-0 expire 13 lines
04-29 22:34:18.382 I/chatty  ( 1287): uid=1000 system_server expire 8 lines
04-29 22:34:18.394 I/chatty  ( 1287): uid=1000 system_server expire 13 lines
04-29 22:34:18.411 I/chatty  ( 1287): uid=1000(system) Binder:1287_1D expire 9 lines
04-29 22:34:18.746 I/chatty  ( 1287): uid=1000 system_server expire 6 lines
04-29 22:34:18.801 I/chatty  ( 1287): uid=1000 system_server expire 14 lines
04-29 22:34:19.150 I/chatty  ( 1287): uid=1000(system) Binder:1287_3 expire 1 line
04-29 22:34:19.477 I/chatty  ( 1287): uid=1000 system_server expire 8 lines
04-29 22:34:19.817 I/chatty  ( 1287): uid=1000 system_server expire 6 lines
04-29 22:34:19.857 I/chatty  ( 1287): uid=1000 system_server expire 8 lines
04-29 22:34:19.871 I/chatty  ( 1287): uid=1000(system) Binder:1287_17 expire 4 lines
04-29 22:34:20.177 I/chatty  ( 1287): uid=1000 system_server expire 6 lines
04-29 22:34:20.223 I/chatty  ( 1287): uid=1000 system_server expire 8 lines
04-29 22:34:20.550 I/chatty  ( 1287): uid=1000 system_server expire 11 lines
04-29 22:34:20.610 I/chatty  ( 1287): uid=1000 system_server expire 3 lines
04-29 22:34:20.712 I/chatty  ( 1287): uid=1000 system_server expire 3 lines
04-29 22:34:21.218 I/chatty  ( 1287): uid=1000 system_server expire 8 lines
04-29 22:34:21.246 I/chatty  ( 1287): uid=1000(system) Binder:1287_14 expire 6 lines
04-29 22:34:21.540 I/chatty  ( 1287): uid=1000 system_server expire 6 lines
04-29 22:34:21.580 I/chatty  ( 1287): uid=1000 system_server expire 14 lines
04-29 22:34:22.374 I/chatty  ( 1287): uid=1000 system_server expire 8 lines
04-29 22:34:22.816 I/chatty  ( 1287): uid=1000 system_server expire 6 lines
04-29 22:34:22.859 I/chatty  ( 1287): uid=1000 system_server expire 8 lines
04-29 22:34:23.212 I/chatty  ( 1287): uid=1000 system_server expire 6 lines
04-29 22:34:23.255 I/chatty  ( 1287): uid=1000 system_server expire 8 lines
04-29 22:34:23.574 I/chatty  ( 1287): uid=1000 system_server expire 6 lines
04-29 22:34:23.625 I/chatty  ( 1287): uid=1000 system_server expire 8 lines
04-29 22:34:23.998 I/chatty  ( 1287): uid=1000 system_server expire 6 lines
04-29 22:34:24.056 I/chatty  ( 1287): uid=1000 system_server expire 8 lines
04-29 22:34:24.506 I/chatty  ( 1287): uid=1000 system_server expire 6 lines
04-29 22:34:24.557 I/chatty  ( 1287): uid=1000 system_server expire 8 lines
04-29 22:34:24.583 I/chatty  ( 1287): uid=1000(system) Binder:1287_8 expire 12 lines
04-29 22:34:24.984 I/chatty  ( 1287): uid=1000(system) ActivityManager expire 6 lines
04-29 22:34:25.552 I/chatty  ( 1287): uid=1000 system_server expire 7 lines
04-29 22:34:25.755 I/chatty  ( 1287): uid=1000(system) ActivityManager expire 1 line
04-29 22:34:25.985 I/chatty  ( 1287): uid=1000(system) backup-0 expire 13 lines
04-29 22:34:25.986 I/chatty  ( 1287): uid=1000 system_server expire 8 lines
04-29 22:34:26.014 I/chatty  ( 1287): uid=1000 system_server expire 13 lines
04-29 22:34:26.022 I/chatty  ( 1287): uid=1000(system) Binder:1287_3 expire 1 line
04-29 22:34:26.563 I/chatty  ( 1287): uid=1000 system_server expire 6 lines
04-29 22:34:26.666 I/chatty  ( 1287): uid=1000 system_server expire 8 lines
04-29 22:34:27.059 I/chatty  ( 1287): uid=1000 system_server expire 10 lines
04-29 22:34:27.173 I/chatty  ( 1287): uid=1000 system_server expire 3 lines
04-29 22:34:27.336 I/chatty  ( 1287): uid=1000 system_server expire 3 lines
04-29 22:34:28.821 I/chatty  ( 1287): uid=1000(system) Binder:1287_18 expire 3 lines
04-29 22:34:29.700 I/chatty  ( 1287): uid=1000 system_server expire 8 lines
04-29 22:34:30.107 I/chatty  ( 1287): uid=1000 system_server expire 6 lines
04-29 22:34:30.144 I/chatty  ( 1287): uid=1000 system_server expire 8 lines
04-29 22:34:30.502 I/chatty  ( 1287): uid=1000 system_server expire 6 lines
04-29 22:34:30.556 I/chatty  ( 1287): uid=1000 system_server expire 8 lines
04-29 22:34:30.893 I/chatty  ( 1287): uid=1000 system_server expire 10 lines
04-29 22:34:30.974 I/chatty  ( 1287): uid=1000 system_server expire 3 lines
04-29 22:34:31.009 I/chatty  ( 1287): uid=1000 system_server expire 3 lines
04-29 22:34:31.493 I/chatty  ( 1287): uid=1000(system) Binder:1287_1 expire 2 lines
04-29 22:34:31.494 I/chatty  ( 1287): uid=1000(system) Binder:1287_12 expire 3 lines
04-29 22:34:31.504 I/chatty  ( 1287): uid=1000(system) android.display expire 1 line
04-29 22:34:32.186 I/chatty  ( 1287): uid=1000 system_server expire 8 lines
04-29 22:34:32.554 I/chatty  ( 1287): uid=1000 system_server expire 6 lines
04-29 22:34:32.591 I/chatty  ( 1287): uid=1000 system_server expire 8 lines
04-29 22:34:32.826 I/chatty  ( 1287): uid=1000 system_server expire 6 lines
04-29 22:34:32.856 I/chatty  ( 1287): uid=1000 system_server expire 8 lines
04-29 22:34:33.159 I/chatty  ( 1287): uid=1000 system_server expire 6 lines
04-29 22:34:33.183 I/chatty  ( 1287): uid=1000 system_server expire 8 lines
04-29 22:34:33.481 I/chatty  ( 1287): uid=1000 system_server expire 6 lines
04-29 22:34:33.514 I/chatty  ( 1287): uid=1000 system_server expire 16 lines
04-29 22:34:33.914 I/chatty  ( 1287): uid=1000 system_server expire 14 lines
04-29 22:34:33.933 I/chatty  ( 1287): uid=1000(system) Binder:1287_E expire 2 lines
04-29 22:34:34.376 I/chatty  ( 1287): uid=1000 system_server expire 14 lines
04-29 22:34:34.978 I/chatty  ( 1287): uid=1000 system_server expire 8 lines
04-29 22:34:34.988 I/chatty  ( 1287): uid=1000 system_server expire 14 lines
04-29 22:34:34.996 I/chatty  ( 1287): uid=1000(system) Binder:1287_12 expire 1 line
04-29 22:34:35.312 I/chatty  ( 1287): uid=1000 system_server expire 10 lines
04-29 22:34:35.388 I/chatty  ( 1287): uid=1000 system_server expire 3 lines
04-29 22:34:35.402 I/chatty  ( 1287): uid=1000(system) ActivityManager expire 3 lines
04-29 22:34:35.472 I/chatty  ( 1287): uid=1000(system) Binder:1287_1 expire 5 lines
04-29 22:34:35.489 I/chatty  ( 1287): uid=1000 system_server expire 3 lines
04-29 22:34:35.506 I/chatty  ( 1287): uid=1000(system) Binder:1287_D expire 2 lines
04-29 22:34:36.187 I/chatty  ( 1287): uid=1000(system) backup-0 expire 13 lines
04-29 22:34:36.187 I/chatty  ( 1287): uid=1000 system_server expire 14 lines
04-29 22:34:36.999 I/chatty  ( 1287): uid=1000(system) Binder:1287_1E expire 5 lines
04-29 22:34:37.627 I/chatty  ( 1287): uid=1000 system_server expire 8 lines
04-29 22:34:37.993 I/chatty  ( 1287): uid=1000 system_server expire 6 lines
04-29 22:34:38.034 I/chatty  ( 1287): uid=1000 system_server expire 8 lines
04-29 22:34:38.419 I/chatty  ( 1287): uid=1000 system_server expire 6 lines
04-29 22:34:38.467 I/chatty  ( 1287): uid=1000 system_server expire 15 lines
04-29 22:34:39.349 I/chatty  ( 1287): uid=1000 system_server expire 8 lines
04-29 22:34:39.375 I/chatty  ( 1287): uid=1000(system) Binder:1287_10 expire 6 lines
04-29 22:34:39.681 I/chatty  ( 1287): uid=1000 system_server expire 6 lines
04-29 22:34:39.714 I/chatty  ( 1287): uid=1000 system_server expire 8 lines
04-29 22:34:39.979 I/chatty  ( 1287): uid=1000 system_server expire 6 lines
04-29 22:34:40.026 I/chatty  ( 1287): uid=1000 system_server expire 8 lines
04-29 22:34:40.345 I/chatty  ( 1287): uid=1000 system_server expire 6 lines
04-29 22:34:40.397 I/chatty  ( 1287): uid=1000 system_server expire 8 lines
04-29 22:34:40.727 I/chatty  ( 1287): uid=1000 system_server expire 6 lines
04-29 22:34:40.783 I/chatty  ( 1287): uid=1000 system_server expire 8 lines
04-29 22:34:41.178 I/chatty  ( 1287): uid=1000 system_server expire 6 lines
04-29 22:34:41.238 I/chatty  ( 1287): uid=1000 system_server expire 8 lines
04-29 22:34:41.552 I/chatty  ( 1287): uid=1000 system_server expire 6 lines
04-29 22:34:41.599 I/chatty  ( 1287): uid=1000 system_server expire 8 lines
04-29 22:34:41.964 I/chatty  ( 1287): uid=1000 system_server expire 6 lines
04-29 22:34:42.008 I/chatty  ( 1287): uid=1000 system_server expire 8 lines
04-29 22:34:42.415 I/chatty  ( 1287): uid=1000 system_server expire 10 lines
04-29 22:34:42.484 I/chatty  ( 1287): uid=1000 system_server expire 3 lines
04-29 22:34:42.571 I/chatty  ( 1287): uid=1000 system_server expire 3 lines
